<html>
<body>
<pre>
<h1>µVision Build Log</h1>
<h2>Tool Versions:</h2>
IDE-Version: ¦ÌVision V5.22.0.0
Copyright (C) 2016 ARM Ltd and ARM Germany GmbH. All rights reserved.
License Information: 1 HP, HP Inc., LIC=8VRDY-IGMJF-00YN9-4VR4I-LM238-X09F5
 
Tool Versions:
Toolchain:       MDK-ARM Plus  Version: 5.22
Toolchain Path:  E:\KEILARM\ARM\ARMCC\Bin
C Compiler:      Armcc.exe V5.06 update 4 (build 422)
Assembler:       Armasm.exe V5.06 update 4 (build 422)
Linker/Locator:  ArmLink.exe V5.06 update 4 (build 422)
Library Manager: ArmAr.exe V5.06 update 4 (build 422)
Hex Converter:   FromElf.exe V5.06 update 4 (build 422)
CPU DLL:         SARMCM3.DLL V5.22
Dialog DLL:      DCM.DLL V1.13.9.0
Target DLL:      STLink\ST-LINKIII-KEIL_SWO.dll V2.0.18.0
Dialog DLL:      TCM.DLL V1.21.0.0
 
<h2>Project:</h2>
F:\MY_WORLD\Servo_try\MDK-ARM\Servo_try.uvprojx
Project File Date:  09/16/2024

<h2>Output:</h2>
*** Using Compiler 'V5.06 update 4 (build 422)', folder: 'E:\KEILARM\ARM\ARMCC\Bin'
Build target 'Servo_try'
compiling main.c...
../My_Code/encoderM.h(44): warning:  #1295-D: Deprecated declaration encoder_getVelocity - give arg types
  void encoder_getVelocity();
../Src/main.c(67): warning:  #177-D: variable "encoder_ok"  was declared but never referenced
  static u8 encoder_ok=0;
../Src/main.c: 2 warnings, 0 errors
linking...
Program Size: Code=15208 RO-data=8212 RW-data=496 ZI-data=8360  
FromELF: creating hex file...
"Servo_try\Servo_try.axf" - 0 Error(s), 2 Warning(s).

<h2>Software Packages used:</h2>

Package Vendor: ARM
                http://www.keil.com/pack/ARM.CMSIS.5.0.0.pack
                ARM::CMSIS:CORE:5.0.0
                CMSIS (Cortex Microcontroller Software Interface Standard)
   * Component: CORE Version: 5.0.0

<h2>Collection of Component include folders:</h2>
  F:\MY_WORLD\Servo_try\MDK-ARM\RTE\_Servo_try
  E:\KEILARM\ARM\PACK\ARM\CMSIS\5.0.0\CMSIS\Include
  E:\KEILARM\ARM\PACK\Keil\STM32F1xx_DFP\2.1.0\Device\Include

<h2>Collection of Component Files used:</h2>

   * Component: ARM::CMSIS:CORE:5.0.0
Build Time Elapsed:  00:00:02
</pre>
</body>
</html>
