Component: ARM Compiler 5.06 update 4 (build 422) Tool: armlink [4d35d2]

==============================================================================

Section Cross References

    startup_stm32f103xe.o(RESET) refers to startup_stm32f103xe.o(STACK) for __initial_sp
    startup_stm32f103xe.o(RESET) refers to startup_stm32f103xe.o(.text) for Reset_Handler
    startup_stm32f103xe.o(RESET) refers to stm32f1xx_it.o(i.NMI_Handler) for NMI_Handler
    startup_stm32f103xe.o(RESET) refers to stm32f1xx_it.o(i.HardFault_Handler) for HardFault_Handler
    startup_stm32f103xe.o(RESET) refers to stm32f1xx_it.o(i.MemManage_Handler) for MemManage_Handler
    startup_stm32f103xe.o(RESET) refers to stm32f1xx_it.o(i.BusFault_Handler) for BusFault_Handler
    startup_stm32f103xe.o(RESET) refers to stm32f1xx_it.o(i.UsageFault_Handler) for UsageFault_Handler
    startup_stm32f103xe.o(RESET) refers to stm32f1xx_it.o(i.SVC_Handler) for SVC_Handler
    startup_stm32f103xe.o(RESET) refers to stm32f1xx_it.o(i.DebugMon_Handler) for DebugMon_Handler
    startup_stm32f103xe.o(RESET) refers to stm32f1xx_it.o(i.PendSV_Handler) for PendSV_Handler
    startup_stm32f103xe.o(RESET) refers to stm32f1xx_it.o(i.SysTick_Handler) for SysTick_Handler
    startup_stm32f103xe.o(RESET) refers to stm32f1xx_it.o(i.TIM2_IRQHandler) for TIM2_IRQHandler
    startup_stm32f103xe.o(RESET) refers to stm32f1xx_it.o(i.TIM3_IRQHandler) for TIM3_IRQHandler
    startup_stm32f103xe.o(RESET) refers to stm32f1xx_it.o(i.USART1_IRQHandler) for USART1_IRQHandler
    startup_stm32f103xe.o(RESET) refers to stm32f1xx_it.o(i.USART2_IRQHandler) for USART2_IRQHandler
    startup_stm32f103xe.o(RESET) refers to stm32f1xx_it.o(i.TIM5_IRQHandler) for TIM5_IRQHandler
    startup_stm32f103xe.o(.text) refers to system_stm32f1xx.o(i.SystemInit) for SystemInit
    startup_stm32f103xe.o(.text) refers to entry.o(.ARM.Collect$$$$00000000) for __main
    main.o(i.HAL_TIM_PeriodElapsedCallback) refers to key.o(i.key_IRQHandler) for key_IRQHandler
    main.o(i.HAL_TIM_PeriodElapsedCallback) refers to encoderm.o(i.encoder_getVelocity) for encoder_getVelocity
    main.o(i.HAL_TIM_PeriodElapsedCallback) refers to ffltui.o(.text) for __aeabi_ui2f
    main.o(i.HAL_TIM_PeriodElapsedCallback) refers to fflti.o(.text) for __aeabi_i2f
    main.o(i.HAL_TIM_PeriodElapsedCallback) refers to servo.o(i.pidTurn_getDutyX) for pidTurn_getDutyX
    main.o(i.HAL_TIM_PeriodElapsedCallback) refers to servo.o(i.pidTurn_getDutyY) for pidTurn_getDutyY
    main.o(i.HAL_TIM_PeriodElapsedCallback) refers to servo.o(i.set_servo_pwm) for set_servo_pwm
    main.o(i.HAL_TIM_PeriodElapsedCallback) refers to servo.o(i.pidTurn_getDutyR) for pidTurn_getDutyR
    main.o(i.HAL_TIM_PeriodElapsedCallback) refers to tim.o(.bss) for htim5
    main.o(i.HAL_TIM_PeriodElapsedCallback) refers to encoderm.o(.bss) for velo
    main.o(i.HAL_TIM_PeriodElapsedCallback) refers to main.o(.data) for .data
    main.o(i.HAL_TIM_PeriodElapsedCallback) refers to menu.o(.data) for Turn_Up_PIDparam_kp
    main.o(i.HAL_TIM_PeriodElapsedCallback) refers to servo.o(.bss) for Turn_Up_PIDparam
    main.o(i.HAL_TIM_PeriodElapsedCallback) refers to menu.o(.data) for Turn_Up_PIDparam_kd
    main.o(i.HAL_TIM_PeriodElapsedCallback) refers to menu.o(.data) for Turn_Circle_PIDparam_kp
    main.o(i.HAL_TIM_PeriodElapsedCallback) refers to menu.o(.data) for Turn_Circle_PIDparam_kd
    main.o(i.HAL_TIM_PeriodElapsedCallback) refers to menu.o(.data) for Turn_Run_PIDparam_kp
    main.o(i.HAL_TIM_PeriodElapsedCallback) refers to menu.o(.data) for Turn_Run_PIDparam_kd
    main.o(i.HAL_TIM_PeriodElapsedCallback) refers to menu.o(.data) for servo_ok_1
    main.o(i.HAL_TIM_PeriodElapsedCallback) refers to servo.o(.data) for servo_circle_pwm
    main.o(i.HAL_TIM_PeriodElapsedCallback) refers to servo.o(.data) for servo_up_pwm
    main.o(i.HAL_TIM_PeriodElapsedCallback) refers to menu.o(.data) for servo_ok_2
    main.o(i.HAL_TIM_PeriodElapsedCallback) refers to servo.o(.data) for servo_run_pwm
    main.o(i.HAL_UART_RxCpltCallback) refers to esp01s.o(i.ESP_IRQHandler) for ESP_IRQHandler
    main.o(i.HAL_UART_RxCpltCallback) refers to stm32f1xx_hal_uart.o(i.HAL_UART_Receive_IT) for HAL_UART_Receive_IT
    main.o(i.HAL_UART_RxCpltCallback) refers to main.o(i.uint8_to_int8) for uint8_to_int8
    main.o(i.HAL_UART_RxCpltCallback) refers to usart.o(.bss) for huart1
    main.o(i.HAL_UART_RxCpltCallback) refers to main.o(.data) for .data
    main.o(i.HAL_UART_RxCpltCallback) refers to main.o(.bss) for .bss
    main.o(i.SystemClock_Config) refers to memseta.o(.text) for __aeabi_memclr4
    main.o(i.SystemClock_Config) refers to stm32f1xx_hal_rcc.o(i.HAL_RCC_OscConfig) for HAL_RCC_OscConfig
    main.o(i.SystemClock_Config) refers to stm32f1xx_hal_rcc.o(i.HAL_RCC_ClockConfig) for HAL_RCC_ClockConfig
    main.o(i.main) refers to stm32f1xx_hal.o(i.HAL_Init) for HAL_Init
    main.o(i.main) refers to main.o(i.SystemClock_Config) for SystemClock_Config
[...]
    ..\Drivers\STM32F1xx_HAL_Driver\Src\stm32f1xx_hal_rcc.c 0x00000000   Number         0  stm32f1xx_hal_rcc.o ABSOLUTE
    ..\Drivers\STM32F1xx_HAL_Driver\Src\stm32f1xx_hal_rcc_ex.c 0x00000000   Number         0  stm32f1xx_hal_rcc_ex.o ABSOLUTE
    ..\Drivers\STM32F1xx_HAL_Driver\Src\stm32f1xx_hal_tim.c 0x00000000   Number         0  stm32f1xx_hal_tim.o ABSOLUTE
    ..\Drivers\STM32F1xx_HAL_Driver\Src\stm32f1xx_hal_tim_ex.c 0x00000000   Number         0  stm32f1xx_hal_tim_ex.o ABSOLUTE
    ..\Drivers\STM32F1xx_HAL_Driver\Src\stm32f1xx_hal_uart.c 0x00000000   Number         0  stm32f1xx_hal_uart.o ABSOLUTE
    ..\My_Code\debug.c                       0x00000000   Number         0  debug.o ABSOLUTE
    ..\My_Code\eeprom.c                      0x00000000   Number         0  eeprom.o ABSOLUTE
    ..\My_Code\encoderM.c                    0x00000000   Number         0  encoderm.o ABSOLUTE
    ..\My_Code\esp01s.c                      0x00000000   Number         0  esp01s.o ABSOLUTE
    ..\My_Code\key.c                         0x00000000   Number         0  key.o ABSOLUTE
    ..\My_Code\lcd.c                         0x00000000   Number         0  lcd.o ABSOLUTE
    ..\My_Code\menu.c                        0x00000000   Number         0  menu.o ABSOLUTE
    ..\My_Code\motor.c                       0x00000000   Number         0  motor.o ABSOLUTE
    ..\My_Code\pid.c                         0x00000000   Number         0  pid.o ABSOLUTE
    ..\My_Code\servo.c                       0x00000000   Number         0  servo.o ABSOLUTE
    ..\Src\gpio.c                            0x00000000   Number         0  gpio.o ABSOLUTE
    ..\Src\main.c                            0x00000000   Number         0  main.o ABSOLUTE
    ..\Src\stm32f1xx_hal_msp.c               0x00000000   Number         0  stm32f1xx_hal_msp.o ABSOLUTE
    ..\Src\stm32f1xx_it.c                    0x00000000   Number         0  stm32f1xx_it.o ABSOLUTE
    ..\Src\system_stm32f1xx.c                0x00000000   Number         0  system_stm32f1xx.o ABSOLUTE
    ..\Src\tim.c                             0x00000000   Number         0  tim.o ABSOLUTE
    ..\Src\usart.c                           0x00000000   Number         0  usart.o ABSOLUTE
    ..\\My_Code\\debug.c                     0x00000000   Number         0  debug.o ABSOLUTE
    ..\\My_Code\\eeprom.c                    0x00000000   Number         0  eeprom.o ABSOLUTE
    ..\\My_Code\\encoderM.c                  0x00000000   Number         0  encoderm.o ABSOLUTE
    ..\\My_Code\\esp01s.c                    0x00000000   Number         0  esp01s.o ABSOLUTE
    ..\\My_Code\\key.c                       0x00000000   Number         0  key.o ABSOLUTE
    ..\\My_Code\\lcd.c                       0x00000000   Number         0  lcd.o ABSOLUTE
    ..\\My_Code\\menu.c                      0x00000000   Number         0  menu.o ABSOLUTE
    ..\\My_Code\\motor.c                     0x00000000   Number         0  motor.o ABSOLUTE
    ..\\My_Code\\pid.c                       0x00000000   Number         0  pid.o ABSOLUTE
    ..\\My_Code\\servo.c                     0x00000000   Number         0  servo.o ABSOLUTE
    cdrcmple.s                               0x00000000   Number         0  cdrcmple.o ABSOLUTE
    dc.s                                     0x00000000   Number         0  dc.o ABSOLUTE
    handlers.s                               0x00000000   Number         0  handlers.o ABSOLUTE
    init.s                                   0x00000000   Number         0  init.o ABSOLUTE
    startup_stm32f103xe.s                    0x00000000   Number         0  startup_stm32f103xe.o ABSOLUTE
    RESET                                    0x08000000   Section      304  startup_stm32f103xe.o(RESET)
    .ARM.Collect$$$$00000000                 0x08000130   Section        0  entry.o(.ARM.Collect$$$$00000000)
    .ARM.Collect$$$$00000001                 0x08000130   Section        4  entry2.o(.ARM.Collect$$$$00000001)
    .ARM.Collect$$$$00000004                 0x08000134   Section        4  entry5.o(.ARM.Collect$$$$00000004)
    .ARM.Collect$$$$00000008                 0x08000138   Section        0  entry7b.o(.ARM.Collect$$$$00000008)
    .ARM.Collect$$$$0000000A                 0x08000138   Section        0  entry8b.o(.ARM.Collect$$$$0000000A)
    .ARM.Collect$$$$0000000B                 0x08000138   Section        8  entry9a.o(.ARM.Collect$$$$0000000B)
    .ARM.Collect$$$$0000000D                 0x08000140   Section        0  entry10a.o(.ARM.Collect$$$$0000000D)
    .ARM.Collect$$$$0000000F                 0x08000140   Section        0  entry11a.o(.ARM.Collect$$$$0000000F)
    .ARM.Collect$$$$00002712                 0x08000140   Section        4  entry2.o(.ARM.Collect$$$$00002712)
    __lit__00000000                          0x08000140   Data           4  entry2.o(.ARM.Collect$$$$00002712)
    .text                                    0x08000144   Section       36  startup_stm32f103xe.o(.text)
    .text                                    0x08000168   Section        0  llushr.o(.text)
    .text                                    0x08000188   Section        0  memseta.o(.text)
    .text                                    0x080001ac   Section        0  strcat.o(.text)
    .text                                    0x080001c4   Section        0  strlen.o(.text)
    .text                                    0x080001d2   Section        0  fadd.o(.text)
    .text                                    0x08000282   Section        0  fmul.o(.text)
    .text                                    0x080002e6   Section        0  fdiv.o(.text)
    .text                                    0x08000362   Section        0  dadd.o(.text)
    .text                                    0x080004b0   Section        0  dscalb.o(.text)
    .text                                    0x080004de   Section        0  fflti.o(.text)
    .text                                    0x080004f0   Section        0  ffltui.o(.text)
    .text                                    0x080004fa   Section        0  ffixi.o(.text)
    .text                                    0x0800052c   Section        0  f2d.o(.text)
    .text                                    0x08000552   Section        0  d2f.o(.text)
    .text                                    0x0800058a   Section        0  llshl.o(.text)
    .text                                    0x080005a8   Section        0  llsshr.o(.text)
    .text                                    0x080005cc   Section        0  iusefp.o(.text)
    .text                                    0x080005cc   Section        0  fepilogue.o(.text)
    .text                                    0x0800063a   Section        0  depilogue.o(.text)
    .text                                    0x080006f4   Section       36  init.o(.text)
    .text                                    0x08000718   Section        0  __dczerorl2.o(.text)
    i.BusFault_Handler                       0x0800076e   Section        0  stm32f1xx_it.o(i.BusFault_Handler)
    i.DebugMon_Handler                       0x08000770   Section        0  stm32f1xx_it.o(i.DebugMon_Handler)
    i.ESP_IRQHandler                         0x08000774   Section        0  esp01s.o(i.ESP_IRQHandler)
    i.Encoder_Init                           0x080007b0   Section        0  encoderm.o(i.Encoder_Init)
    i.Error_Handler                          0x080007f4   Section        0  main.o(i.Error_Handler)
    i.FLASH_Program_HalfWord                 0x080007f8   Section        0  stm32f1xx_hal_flash.o(i.FLASH_Program_HalfWord)
    FLASH_Program_HalfWord                   0x080007f9   Thumb Code    20  stm32f1xx_hal_flash.o(i.FLASH_Program_HalfWord)
    i.FLASH_SetErrorCode                     0x08000814   Section        0  stm32f1xx_hal_flash.o(i.FLASH_SetErrorCode)
    FLASH_SetErrorCode                       0x08000815   Thumb Code    84  stm32f1xx_hal_flash.o(i.FLASH_SetErrorCode)
    i.FLASH_WaitForLastOperation             0x08000870   Section        0  stm32f1xx_hal_flash.o(i.FLASH_WaitForLastOperation)
    i.Flash_PageErase                        0x080008c4   Section        0  eeprom.o(i.Flash_PageErase)
    i.Func_Null                              0x080008e8   Section        0  menu.o(i.Func_Null)
    i.HAL_DMA_Abort                          0x080008ea   Section        0  stm32f1xx_hal_dma.o(i.HAL_DMA_Abort)
    i.HAL_DMA_Abort_IT                       0x08000930   Section        0  stm32f1xx_hal_dma.o(i.HAL_DMA_Abort_IT)
    i.HAL_Delay                              0x08000a60   Section        0  stm32f1xx_hal.o(i.HAL_Delay)
    i.HAL_FLASH_Lock                         0x08000a84   Section        0  stm32f1xx_hal_flash.o(i.HAL_FLASH_Lock)
    i.HAL_FLASH_Program                      0x08000a98   Section        0  stm32f1xx_hal_flash.o(i.HAL_FLASH_Program)
    i.HAL_FLASH_Unlock                       0x08000b18   Section        0  stm32f1xx_hal_flash.o(i.HAL_FLASH_Unlock)
    i.HAL_GPIO_Init                          0x08000b40   Section        0  stm32f1xx_hal_gpio.o(i.HAL_GPIO_Init)
    i.HAL_GPIO_ReadPin                       0x08000d38   Section        0  stm32f1xx_hal_gpio.o(i.HAL_GPIO_ReadPin)
    i.HAL_GPIO_WritePin                      0x08000d42   Section        0  stm32f1xx_hal_gpio.o(i.HAL_GPIO_WritePin)
    i.HAL_GetTick                            0x08000d4c   Section        0  stm32f1xx_hal.o(i.HAL_GetTick)
    i.HAL_IncTick                            0x08000d58   Section        0  stm32f1xx_hal.o(i.HAL_IncTick)
    i.HAL_Init                               0x08000d68   Section        0  stm32f1xx_hal.o(i.HAL_Init)
    i.HAL_InitTick                           0x08000d8c   Section        0  stm32f1xx_hal.o(i.HAL_InitTick)
    i.HAL_MspInit                            0x08000dcc   Section        0  stm32f1xx_hal_msp.o(i.HAL_MspInit)
    i.HAL_NVIC_EnableIRQ                     0x08000e08   Section        0  stm32f1xx_hal_cortex.o(i.HAL_NVIC_EnableIRQ)
    i.HAL_NVIC_SetPriority                   0x08000e24   Section        0  stm32f1xx_hal_cortex.o(i.HAL_NVIC_SetPriority)
    i.HAL_NVIC_SetPriorityGrouping           0x08000e64   Section        0  stm32f1xx_hal_cortex.o(i.HAL_NVIC_SetPriorityGrouping)
    i.HAL_RCC_ClockConfig                    0x08000e88   Section        0  stm32f1xx_hal_rcc.o(i.HAL_RCC_ClockConfig)
    i.HAL_RCC_GetPCLK1Freq                   0x08000fb4   Section        0  stm32f1xx_hal_rcc.o(i.HAL_RCC_GetPCLK1Freq)
    i.HAL_RCC_GetPCLK2Freq                   0x08000fd4   Section        0  stm32f1xx_hal_rcc.o(i.HAL_RCC_GetPCLK2Freq)
    i.HAL_RCC_GetSysClockFreq                0x08000ff4   Section        0  stm32f1xx_hal_rcc.o(i.HAL_RCC_GetSysClockFreq)
    i.HAL_RCC_OscConfig                      0x08001040   Section        0  stm32f1xx_hal_rcc.o(i.HAL_RCC_OscConfig)
    i.HAL_SYSTICK_Config                     0x08001360   Section        0  stm32f1xx_hal_cortex.o(i.HAL_SYSTICK_Config)
    i.HAL_TIMEx_BreakCallback                0x08001388   Section        0  stm32f1xx_hal_tim_ex.o(i.HAL_TIMEx_BreakCallback)
    i.HAL_TIMEx_CommutCallback               0x0800138a   Section        0  stm32f1xx_hal_tim_ex.o(i.HAL_TIMEx_CommutCallback)
    i.HAL_TIMEx_MasterConfigSynchronization  0x0800138c   Section        0  stm32f1xx_hal_tim_ex.o(i.HAL_TIMEx_MasterConfigSynchronization)
    i.HAL_TIM_Base_Init                      0x08001408   Section        0  stm32f1xx_hal_tim.o(i.HAL_TIM_Base_Init)
    i.HAL_TIM_Base_MspInit                   0x08001464   Section        0  tim.o(i.HAL_TIM_Base_MspInit)
    i.HAL_TIM_Base_Start_IT                  0x080014c4   Section        0  stm32f1xx_hal_tim.o(i.HAL_TIM_Base_Start_IT)
    i.HAL_TIM_ConfigClockSource              0x08001530   Section        0  stm32f1xx_hal_tim.o(i.HAL_TIM_ConfigClockSource)
    i.HAL_TIM_Encoder_Init                   0x0800160c   Section        0  stm32f1xx_hal_tim.o(i.HAL_TIM_Encoder_Init)
    i.HAL_TIM_Encoder_MspInit                0x080016b0   Section        0  tim.o(i.HAL_TIM_Encoder_MspInit)
    i.HAL_TIM_Encoder_Start                  0x08001718   Section        0  stm32f1xx_hal_tim.o(i.HAL_TIM_Encoder_Start)
    i.HAL_TIM_IC_CaptureCallback             0x080017a6   Section        0  stm32f1xx_hal_tim.o(i.HAL_TIM_IC_CaptureCallback)
    i.HAL_TIM_IRQHandler                     0x080017a8   Section        0  stm32f1xx_hal_tim.o(i.HAL_TIM_IRQHandler)
    i.HAL_TIM_MspPostInit                    0x08001910   Section        0  tim.o(i.HAL_TIM_MspPostInit)
    i.HAL_TIM_OC_DelayElapsedCallback        0x080019c4   Section        0  stm32f1xx_hal_tim.o(i.HAL_TIM_OC_DelayElapsedCallback)
    i.HAL_TIM_PWM_ConfigChannel              0x080019c6   Section        0  stm32f1xx_hal_tim.o(i.HAL_TIM_PWM_ConfigChannel)
    i.HAL_TIM_PWM_Init                       0x08001a92   Section        0  stm32f1xx_hal_tim.o(i.HAL_TIM_PWM_Init)
    i.HAL_TIM_PWM_MspInit                    0x08001aec   Section        0  stm32f1xx_hal_tim.o(i.HAL_TIM_PWM_MspInit)
    i.HAL_TIM_PWM_PulseFinishedCallback      0x08001aee   Section        0  stm32f1xx_hal_tim.o(i.HAL_TIM_PWM_PulseFinishedCallback)
    i.HAL_TIM_PWM_Start                      0x08001af0   Section        0  stm32f1xx_hal_tim.o(i.HAL_TIM_PWM_Start)
    i.HAL_TIM_PeriodElapsedCallback          0x08001ba4   Section        0  main.o(i.HAL_TIM_PeriodElapsedCallback)
    i.HAL_TIM_TriggerCallback                0x08001d6c   Section        0  stm32f1xx_hal_tim.o(i.HAL_TIM_TriggerCallback)
    i.HAL_UARTEx_RxEventCallback             0x08001d6e   Section        0  stm32f1xx_hal_uart.o(i.HAL_UARTEx_RxEventCallback)
    i.HAL_UART_ErrorCallback                 0x08001d70   Section        0  stm32f1xx_hal_uart.o(i.HAL_UART_ErrorCallback)
    i.HAL_UART_IRQHandler                    0x08001d74   Section        0  stm32f1xx_hal_uart.o(i.HAL_UART_IRQHandler)
    i.HAL_UART_Init                          0x08001fe0   Section        0  stm32f1xx_hal_uart.o(i.HAL_UART_Init)
    i.HAL_UART_MspInit                       0x08002044   Section        0  usart.o(i.HAL_UART_MspInit)
    i.HAL_UART_Receive_IT                    0x0800211c   Section        0  stm32f1xx_hal_uart.o(i.HAL_UART_Receive_IT)
    i.HAL_UART_RxCpltCallback                0x08002138   Section        0  main.o(i.HAL_UART_RxCpltCallback)
    i.HAL_UART_TxCpltCallback                0x080021f4   Section        0  stm32f1xx_hal_uart.o(i.HAL_UART_TxCpltCallback)
    i.HardFault_Handler                      0x080021f6   Section        0  stm32f1xx_it.o(i.HardFault_Handler)
    i.KeySan                                 0x080021f8   Section        0  menu.o(i.KeySan)
    i.LCD_Address_Set                        0x08002218   Section        0  lcd.o(i.LCD_Address_Set)
    i.LCD_DrawPoint                          0x0800225a   Section        0  lcd.o(i.LCD_DrawPoint)
    i.LCD_Fill                               0x08002270   Section        0  lcd.o(i.LCD_Fill)
    i.LCD_Init                               0x080022b0   Section        0  lcd.o(i.LCD_Init)
    i.LCD_ShowChar                           0x080024b0   Section        0  lcd.o(i.LCD_ShowChar)
    i.LCD_ShowIntNum                         0x08002570   Section        0  lcd.o(i.LCD_ShowIntNum)
    i.LCD_ShowString                         0x0800261c   Section        0  lcd.o(i.LCD_ShowString)
    i.LCD_WR_DATA                            0x08002656   Section        0  lcd.o(i.LCD_WR_DATA)
    i.LCD_WR_REG                             0x0800266c   Section        0  lcd.o(i.LCD_WR_REG)
    i.LCD_Writ_Bus                           0x08002694   Section        0  lcd.o(i.LCD_Writ_Bus)
    i.MOTOR                                  0x080026f0   Section        0  menu.o(i.MOTOR)
    i.MX_GPIO_Init                           0x08002790   Section        0  gpio.o(i.MX_GPIO_Init)
    i.MX_TIM2_Init                           0x0800284c   Section        0  tim.o(i.MX_TIM2_Init)
    i.MX_TIM3_Init                           0x080028f4   Section        0  tim.o(i.MX_TIM3_Init)
    i.MX_TIM5_Init                           0x080029b4   Section        0  tim.o(i.MX_TIM5_Init)
    i.MX_USART1_UART_Init                    0x08002a20   Section        0  usart.o(i.MX_USART1_UART_Init)
    i.MX_USART2_UART_Init                    0x08002a58   Section        0  usart.o(i.MX_USART2_UART_Init)
    i.MainMenu_Set                           0x08002a90   Section        0  menu.o(i.MainMenu_Set)
    i.MemManage_Handler                      0x08002ae4   Section        0  stm32f1xx_it.o(i.MemManage_Handler)
    i.Menu_Display                           0x08002ae6   Section        0  menu.o(i.Menu_Display)
    i.Menu_Move                              0x08002bb2   Section        0  menu.o(i.Menu_Move)
    i.Menu_PrmtInit                          0x08002c2a   Section        0  menu.o(i.Menu_PrmtInit)
    i.Menu_Process                           0x08002c3c   Section        0  menu.o(i.Menu_Process)
    i.NMI_Handler                            0x08002d94   Section        0  stm32f1xx_it.o(i.NMI_Handler)
    i.PID_Cal_Init                           0x08002d96   Section        0  pid.o(i.PID_Cal_Init)
    i.PID_Location2                          0x08002da8   Section        0  servo.o(i.PID_Location2)
    i.PendSV_Handler                         0x08002e48   Section        0  stm32f1xx_it.o(i.PendSV_Handler)
    i.RECIEVE                                0x08002e4c   Section        0  menu.o(i.RECIEVE)
    i.Read_EEPROM                            0x08002ee0   Section        0  menu.o(i.Read_EEPROM)
    i.SERVO_CIRCLE                           0x08002f04   Section        0  menu.o(i.SERVO_CIRCLE)
    i.SERVO_RUN                              0x08002f10   Section        0  menu.o(i.SERVO_RUN)
    i.SERVO_UP                               0x08002f1c   Section        0  menu.o(i.SERVO_UP)
    i.STMFLASH_Read_Word                     0x08002f28   Section        0  eeprom.o(i.STMFLASH_Read_Word)
    i.STMFLASH_Write_NoCheck_Word            0x08002f40   Section        0  eeprom.o(i.STMFLASH_Write_NoCheck_Word)
    i.STMFLASH_Write_Word                    0x08002f6c   Section        0  eeprom.o(i.STMFLASH_Write_Word)
    i.SVC_Handler                            0x0800304c   Section        0  stm32f1xx_it.o(i.SVC_Handler)
    i.SubNameCat                             0x08003050   Section        0  menu.o(i.SubNameCat)
    i.SysTick_Handler                        0x08003100   Section        0  stm32f1xx_it.o(i.SysTick_Handler)
    i.SystemClock_Config                     0x08003104   Section        0  main.o(i.SystemClock_Config)
    i.SystemInit                             0x08003162   Section        0  system_stm32f1xx.o(i.SystemInit)
    i.TIM2_IRQHandler                        0x08003164   Section        0  stm32f1xx_it.o(i.TIM2_IRQHandler)
    i.TIM3_IRQHandler                        0x08003170   Section        0  stm32f1xx_it.o(i.TIM3_IRQHandler)
    i.TIM5_IRQHandler                        0x0800317c   Section        0  stm32f1xx_it.o(i.TIM5_IRQHandler)
    i.TIM_Base_SetConfig                     0x08003188   Section        0  stm32f1xx_hal_tim.o(i.TIM_Base_SetConfig)
    i.TIM_CCxChannelCmd                      0x08003214   Section        0  stm32f1xx_hal_tim.o(i.TIM_CCxChannelCmd)
    i.TIM_ETR_SetConfig                      0x0800322e   Section        0  stm32f1xx_hal_tim.o(i.TIM_ETR_SetConfig)
    i.TIM_ITRx_SetConfig                     0x08003242   Section        0  stm32f1xx_hal_tim.o(i.TIM_ITRx_SetConfig)
    TIM_ITRx_SetConfig                       0x08003243   Thumb Code    16  stm32f1xx_hal_tim.o(i.TIM_ITRx_SetConfig)
    i.TIM_OC1_SetConfig                      0x08003254   Section        0  stm32f1xx_hal_tim.o(i.TIM_OC1_SetConfig)
    TIM_OC1_SetConfig                        0x08003255   Thumb Code    88  stm32f1xx_hal_tim.o(i.TIM_OC1_SetConfig)
    i.TIM_OC2_SetConfig                      0x080032b4   Section        0  stm32f1xx_hal_tim.o(i.TIM_OC2_SetConfig)
    i.TIM_OC3_SetConfig                      0x08003320   Section        0  stm32f1xx_hal_tim.o(i.TIM_OC3_SetConfig)
    TIM_OC3_SetConfig                        0x08003321   Thumb Code    96  stm32f1xx_hal_tim.o(i.TIM_OC3_SetConfig)
    i.TIM_OC4_SetConfig                      0x08003388   Section        0  stm32f1xx_hal_tim.o(i.TIM_OC4_SetConfig)
    TIM_OC4_SetConfig                        0x08003389   Thumb Code    70  stm32f1xx_hal_tim.o(i.TIM_OC4_SetConfig)
    i.TIM_TI1_ConfigInputStage               0x080033d8   Section        0  stm32f1xx_hal_tim.o(i.TIM_TI1_ConfigInputStage)
    TIM_TI1_ConfigInputStage                 0x080033d9   Thumb Code    34  stm32f1xx_hal_tim.o(i.TIM_TI1_ConfigInputStage)
    i.TIM_TI2_ConfigInputStage               0x080033fa   Section        0  stm32f1xx_hal_tim.o(i.TIM_TI2_ConfigInputStage)
    TIM_TI2_ConfigInputStage                 0x080033fb   Thumb Code    36  stm32f1xx_hal_tim.o(i.TIM_TI2_ConfigInputStage)
    i.UART_DMAAbortOnError                   0x0800341e   Section        0  stm32f1xx_hal_uart.o(i.UART_DMAAbortOnError)
    UART_DMAAbortOnError                     0x0800341f   Thumb Code    16  stm32f1xx_hal_uart.o(i.UART_DMAAbortOnError)
    i.UART_EndRxTransfer                     0x0800342e   Section        0  stm32f1xx_hal_uart.o(i.UART_EndRxTransfer)
    UART_EndRxTransfer                       0x0800342f   Thumb Code    78  stm32f1xx_hal_uart.o(i.UART_EndRxTransfer)
    i.UART_Receive_IT                        0x0800347c   Section        0  stm32f1xx_hal_uart.o(i.UART_Receive_IT)
    UART_Receive_IT                          0x0800347d   Thumb Code   194  stm32f1xx_hal_uart.o(i.UART_Receive_IT)
    i.UART_SetConfig                         0x08003540   Section        0  stm32f1xx_hal_uart.o(i.UART_SetConfig)
    UART_SetConfig                           0x08003541   Thumb Code   178  stm32f1xx_hal_uart.o(i.UART_SetConfig)
    i.UART_Start_Receive_IT                  0x080035f8   Section        0  stm32f1xx_hal_uart.o(i.UART_Start_Receive_IT)
    i.USART1_IRQHandler                      0x08003630   Section        0  stm32f1xx_it.o(i.USART1_IRQHandler)
    i.USART2_IRQHandler                      0x0800363c   Section        0  stm32f1xx_it.o(i.USART2_IRQHandler)
    i.UsageFault_Handler                     0x08003648   Section        0  stm32f1xx_it.o(i.UsageFault_Handler)
    i.Write_EEPROM                           0x0800364c   Section        0  menu.o(i.Write_EEPROM)
    i.__NVIC_SetPriority                     0x08003678   Section        0  stm32f1xx_hal_cortex.o(i.__NVIC_SetPriority)
    __NVIC_SetPriority                       0x08003679   Thumb Code    32  stm32f1xx_hal_cortex.o(i.__NVIC_SetPriority)
    i.__scatterload_copy                     0x08003698   Section       14  handlers.o(i.__scatterload_copy)
    i.__scatterload_null                     0x080036a6   Section        2  handlers.o(i.__scatterload_null)
    i.__scatterload_zeroinit                 0x080036a8   Section       14  handlers.o(i.__scatterload_zeroinit)
    i.add_key_msg                            0x080036b8   Section        0  key.o(i.add_key_msg)
    i.adjustParam                            0x080036fc   Section        0  menu.o(i.adjustParam)
    i.encoder_getVelocity                    0x08003808   Section        0  encoderm.o(i.encoder_getVelocity)
    i.filtering                              0x080038a4   Section        0  encoderm.o(i.filtering)
    i.flash_buffer_clear                     0x0800390c   Section        0  menu.o(i.flash_buffer_clear)
    i.kalman_filter                          0x0800391c   Section        0  encoderm.o(i.kalman_filter)
    i.key_IRQHandler                         0x0800397c   Section        0  key.o(i.key_IRQHandler)
    i.key_get                                0x08003a14   Section        0  key.o(i.key_get)
    i.main                                   0x08003a34   Section        0  main.o(i.main)
    i.motor_init                             0x08003ac8   Section        0  motor.o(i.motor_init)
    i.mypow                                  0x08003aec   Section        0  lcd.o(i.mypow)
    i.pidTurn_getDutyR                       0x08003afc   Section        0  servo.o(i.pidTurn_getDutyR)
    i.pidTurn_getDutyX                       0x08003b34   Section        0  servo.o(i.pidTurn_getDutyX)
    i.pidTurn_getDutyY                       0x08003b70   Section        0  servo.o(i.pidTurn_getDutyY)
    i.pidTurn_init                           0x08003bac   Section        0  servo.o(i.pidTurn_init)
    i.servo_init                             0x08003bd8   Section        0  servo.o(i.servo_init)
    i.set_motor_pwm                          0x08003c10   Section        0  motor.o(i.set_motor_pwm)
    i.set_servo_pwm                          0x08003c3c   Section        0  servo.o(i.set_servo_pwm)
    i.uint8_to_int8                          0x08003c94   Section        0  main.o(i.uint8_to_int8)
    .constdata                               0x08003c98   Section       18  stm32f1xx_hal_rcc.o(.constdata)
    aPredivFactorTable                       0x08003c98   Data           2  stm32f1xx_hal_rcc.o(.constdata)
    aPLLMULFactorTable                       0x08003c9a   Data          16  stm32f1xx_hal_rcc.o(.constdata)
    .constdata                               0x08003caa   Section       16  system_stm32f1xx.o(.constdata)
    .constdata                               0x08003cba   Section        8  system_stm32f1xx.o(.constdata)
    .constdata                               0x08003cc2   Section     7600  lcd.o(.constdata)
    .conststring                             0x08005a74   Section       18  menu.o(.conststring)
    .conststring                             0x08005a88   Section       41  menu.o(.conststring)
    .conststring                             0x08005ab4   Section       25  menu.o(.conststring)
    .conststring                             0x08005ad0   Section       49  menu.o(.conststring)
    .conststring                             0x08005b04   Section       86  menu.o(.conststring)
    .data                                    0x20000000   Section       16  main.o(.data)
    RxCounter1                               0x20000000   Data           1  main.o(.data)
    RxState                                  0x20000001   Data           1  main.o(.data)
    encoder_counter                          0x20000002   Data           2  main.o(.data)
    .data                                    0x20000010   Section       12  stm32f1xx_hal.o(.data)
    .data                                    0x2000001c   Section        4  system_stm32f1xx.o(.data)
    .data                                    0x20000020   Section       42  key.o(.data)
    keytime                                  0x20000025   Data           5  key.o(.data)
    .data                                    0x2000004c   Section       72  menu.o(.data)
    .data                                    0x20000094   Section        4  menu.o(.data)
    .data                                    0x20000098   Section        4  menu.o(.data)
    .data                                    0x2000009c   Section        4  menu.o(.data)
    .data                                    0x200000a0   Section        4  menu.o(.data)
    .data                                    0x200000a4   Section        4  menu.o(.data)
    .data                                    0x200000a8   Section        4  menu.o(.data)
    .data                                    0x200000ac   Section        4  menu.o(.data)
    .data                                    0x200000b0   Section        4  menu.o(.data)
    .data                                    0x200000b4   Section       80  menu.o(.data)
    .data                                    0x20000104   Section       48  menu.o(.data)
    .data                                    0x20000134   Section       48  menu.o(.data)
    .data                                    0x20000164   Section       80  menu.o(.data)
    .data                                    0x200001b4   Section       12  servo.o(.data)
    .data                                    0x200001c0   Section        4  servo.o(.data)
    .data                                    0x200001c4   Section        4  servo.o(.data)
    .data                                    0x200001c8   Section        4  servo.o(.data)
    .data                                    0x200001cc   Section        8  esp01s.o(.data)
    .data                                    0x200001d4   Section       28  encoderm.o(.data)
    lastSpeed_L                              0x200001d4   Data           4  encoderm.o(.data)
    P_k1_k1_L                                0x200001d8   Data           4  encoderm.o(.data)
    Q_L                                      0x200001dc   Data           4  encoderm.o(.data)
    R_L                                      0x200001e0   Data           4  encoderm.o(.data)
    Kg_L                                     0x200001e4   Data           4  encoderm.o(.data)
    P_k_k1_L                                 0x200001e8   Data           4  encoderm.o(.data)
    kalman_speed_old_L                       0x200001ec   Data           4  encoderm.o(.data)
    .bss                                     0x200001f0   Section       24  main.o(.bss)
    RxBuffer1                                0x200001f0   Data          24  main.o(.bss)
    .bss                                     0x20000208   Section      216  tim.o(.bss)
    .bss                                     0x200002e0   Section      144  usart.o(.bss)
    .bss                                     0x20000370   Section       32  stm32f1xx_hal_flash.o(.bss)
    .bss                                     0x20000390   Section       40  key.o(.bss)
    .bss                                     0x200003b8   Section     2048  menu.o(.bss)
    .bss                                     0x20000bb8   Section      132  servo.o(.bss)
    .bss                                     0x20000c40   Section     4128  eeprom.o(.bss)
    .bss                                     0x20001c60   Section      512  esp01s.o(.bss)
    .bss                                     0x20001e60   Section       52  encoderm.o(.bss)
    STACK                                    0x20001e98   Section     1024  startup_stm32f103xe.o(STACK)

    Global Symbols

    Symbol Name                              Value     Ov Type        Size  Object(Section)

    BuildAttributes$$THM_ISAv4$P$D$K$B$S$PE$A:L22UL41UL21$X:L11$S22US41US21$IEEE1$IW$USESV6$~STKCKD$USESV7$~SHL$OTIME$ROPI$EBA8$MICROLIB$REQ8$PRES8$EABIv2 0x00000000   Number         0  anon$$obj.o ABSOLUTE
    __ARM_use_no_argv                        0x00000000   Number         0  main.o ABSOLUTE
    _printf_a                                0x00000000   Number         0  stubs.o ABSOLUTE
    _printf_c                                0x00000000   Number         0  stubs.o ABSOLUTE
    _printf_charcount                        0x00000000   Number         0  stubs.o ABSOLUTE
    _printf_d                                0x00000000   Number         0  stubs.o ABSOLUTE
    _printf_e                                0x00000000   Number         0  stubs.o ABSOLUTE
    _printf_f                                0x00000000   Number         0  stubs.o ABSOLUTE
    _printf_flags                            0x00000000   Number         0  stubs.o ABSOLUTE
    _printf_fp_dec                           0x00000000   Number         0  stubs.o ABSOLUTE
    _printf_fp_hex                           0x00000000   Number         0  stubs.o ABSOLUTE
    _printf_g                                0x00000000   Number         0  stubs.o ABSOLUTE
    _printf_i                                0x00000000   Number         0  stubs.o ABSOLUTE
    _printf_int_dec                          0x00000000   Number         0  stubs.o ABSOLUTE
    _printf_l                                0x00000000   Number         0  stubs.o ABSOLUTE
    _printf_lc                               0x00000000   Number         0  stubs.o ABSOLUTE
    _printf_ll                               0x00000000   Number         0  stubs.o ABSOLUTE
    _printf_lld                              0x00000000   Number         0  stubs.o ABSOLUTE
    _printf_lli                              0x00000000   Number         0  stubs.o ABSOLUTE
    _printf_llo                              0x00000000   Number         0  stubs.o ABSOLUTE
    _printf_llu                              0x00000000   Number         0  stubs.o ABSOLUTE
    _printf_llx                              0x00000000   Number         0  stubs.o ABSOLUTE
    _printf_longlong_dec                     0x00000000   Number         0  stubs.o ABSOLUTE
    _printf_longlong_hex                     0x00000000   Number         0  stubs.o ABSOLUTE
    _printf_longlong_oct                     0x00000000   Number         0  stubs.o ABSOLUTE
    _printf_ls                               0x00000000   Number         0  stubs.o ABSOLUTE
    _printf_mbtowc                           0x00000000   Number         0  stubs.o ABSOLUTE
    _printf_n                                0x00000000   Number         0  stubs.o ABSOLUTE
    _printf_o                                0x00000000   Number         0  stubs.o ABSOLUTE
    _printf_p                                0x00000000   Number         0  stubs.o ABSOLUTE
    _printf_percent                          0x00000000   Number         0  stubs.o ABSOLUTE
    _printf_pre_padding                      0x00000000   Number         0  stubs.o ABSOLUTE
    _printf_return_value                     0x00000000   Number         0  stubs.o ABSOLUTE
    _printf_s                                0x00000000   Number         0  stubs.o ABSOLUTE
    _printf_sizespec                         0x00000000   Number         0  stubs.o ABSOLUTE
    _printf_str                              0x00000000   Number         0  stubs.o ABSOLUTE
    _printf_truncate_signed                  0x00000000   Number         0  stubs.o ABSOLUTE
    _printf_truncate_unsigned                0x00000000   Number         0  stubs.o ABSOLUTE
    _printf_u                                0x00000000   Number         0  stubs.o ABSOLUTE
    _printf_wc                               0x00000000   Number         0  stubs.o ABSOLUTE
    _printf_wctomb                           0x00000000   Number         0  stubs.o ABSOLUTE
    _printf_widthprec                        0x00000000   Number         0  stubs.o ABSOLUTE
    _printf_x                                0x00000000   Number         0  stubs.o ABSOLUTE
    __cpp_initialize__aeabi_                  - Undefined Weak Reference
    __cxa_finalize                            - Undefined Weak Reference
    _clock_init                               - Undefined Weak Reference
    _microlib_exit                            - Undefined Weak Reference
    __Vectors_Size                           0x00000130   Number         0  startup_stm32f103xe.o ABSOLUTE
    __Vectors                                0x08000000   Data           4  startup_stm32f103xe.o(RESET)
    __Vectors_End                            0x08000130   Data           0  startup_stm32f103xe.o(RESET)
    __main                                   0x08000131   Thumb Code     0  entry.o(.ARM.Collect$$$$00000000)
    _main_stk                                0x08000131   Thumb Code     0  entry2.o(.ARM.Collect$$$$00000001)
    _main_scatterload                        0x08000135   Thumb Code     0  entry5.o(.ARM.Collect$$$$00000004)
    __main_after_scatterload                 0x08000139   Thumb Code     0  entry5.o(.ARM.Collect$$$$00000004)
    _main_clock                              0x08000139   Thumb Code     0  entry7b.o(.ARM.Collect$$$$00000008)
    _main_cpp_init                           0x08000139   Thumb Code     0  entry8b.o(.ARM.Collect$$$$0000000A)
    _main_init                               0x08000139   Thumb Code     0  entry9a.o(.ARM.Collect$$$$0000000B)
    __rt_final_cpp                           0x08000141   Thumb Code     0  entry10a.o(.ARM.Collect$$$$0000000D)
    __rt_final_exit                          0x08000141   Thumb Code     0  entry11a.o(.ARM.Collect$$$$0000000F)
    Reset_Handler                            0x08000145   Thumb Code     8  startup_stm32f103xe.o(.text)
    ADC1_2_IRQHandler                        0x0800015f   Thumb Code     0  startup_stm32f103xe.o(.text)
    ADC3_IRQHandler                          0x0800015f   Thumb Code     0  startup_stm32f103xe.o(.text)
    CAN1_RX1_IRQHandler                      0x0800015f   Thumb Code     0  startup_stm32f103xe.o(.text)
    CAN1_SCE_IRQHandler                      0x0800015f   Thumb Code     0  startup_stm32f103xe.o(.text)
    DMA1_Channel1_IRQHandler                 0x0800015f   Thumb Code     0  startup_stm32f103xe.o(.text)
    DMA1_Channel2_IRQHandler                 0x0800015f   Thumb Code     0  startup_stm32f103xe.o(.text)
    DMA1_Channel3_IRQHandler                 0x0800015f   Thumb Code     0  startup_stm32f103xe.o(.text)
    DMA1_Channel4_IRQHandler                 0x0800015f   Thumb Code     0  startup_stm32f103xe.o(.text)
    DMA1_Channel5_IRQHandler                 0x0800015f   Thumb Code     0  startup_stm32f103xe.o(.text)
    DMA1_Channel6_IRQHandler                 0x0800015f   Thumb Code     0  startup_stm32f103xe.o(.text)
    DMA1_Channel7_IRQHandler                 0x0800015f   Thumb Code     0  startup_stm32f103xe.o(.text)
    DMA2_Channel1_IRQHandler                 0x0800015f   Thumb Code     0  startup_stm32f103xe.o(.text)
    DMA2_Channel2_IRQHandler                 0x0800015f   Thumb Code     0  startup_stm32f103xe.o(.text)
    DMA2_Channel3_IRQHandler                 0x0800015f   Thumb Code     0  startup_stm32f103xe.o(.text)
    DMA2_Channel4_5_IRQHandler               0x0800015f   Thumb Code     0  startup_stm32f103xe.o(.text)
    EXTI0_IRQHandler                         0x0800015f   Thumb Code     0  startup_stm32f103xe.o(.text)
    EXTI15_10_IRQHandler                     0x0800015f   Thumb Code     0  startup_stm32f103xe.o(.text)
    EXTI1_IRQHandler                         0x0800015f   Thumb Code     0  startup_stm32f103xe.o(.text)
    EXTI2_IRQHandler                         0x0800015f   Thumb Code     0  startup_stm32f103xe.o(.text)
    EXTI3_IRQHandler                         0x0800015f   Thumb Code     0  startup_stm32f103xe.o(.text)
    EXTI4_IRQHandler                         0x0800015f   Thumb Code     0  startup_stm32f103xe.o(.text)
    EXTI9_5_IRQHandler                       0x0800015f   Thumb Code     0  startup_stm32f103xe.o(.text)
    FLASH_IRQHandler                         0x0800015f   Thumb Code     0  startup_stm32f103xe.o(.text)
    FSMC_IRQHandler                          0x0800015f   Thumb Code     0  startup_stm32f103xe.o(.text)
    I2C1_ER_IRQHandler                       0x0800015f   Thumb Code     0  startup_stm32f103xe.o(.text)
    I2C1_EV_IRQHandler                       0x0800015f   Thumb Code     0  startup_stm32f103xe.o(.text)
    I2C2_ER_IRQHandler                       0x0800015f   Thumb Code     0  startup_stm32f103xe.o(.text)
    I2C2_EV_IRQHandler                       0x0800015f   Thumb Code     0  startup_stm32f103xe.o(.text)
    PVD_IRQHandler                           0x0800015f   Thumb Code     0  startup_stm32f103xe.o(.text)
    RCC_IRQHandler                           0x0800015f   Thumb Code     0  startup_stm32f103xe.o(.text)
    RTC_Alarm_IRQHandler                     0x0800015f   Thumb Code     0  startup_stm32f103xe.o(.text)
    RTC_IRQHandler                           0x0800015f   Thumb Code     0  startup_stm32f103xe.o(.text)
    SDIO_IRQHandler                          0x0800015f   Thumb Code     0  startup_stm32f103xe.o(.text)
    SPI1_IRQHandler                          0x0800015f   Thumb Code     0  startup_stm32f103xe.o(.text)
    SPI2_IRQHandler                          0x0800015f   Thumb Code     0  startup_stm32f103xe.o(.text)
    SPI3_IRQHandler                          0x0800015f   Thumb Code     0  startup_stm32f103xe.o(.text)
    TAMPER_IRQHandler                        0x0800015f   Thumb Code     0  startup_stm32f103xe.o(.text)
    TIM1_BRK_IRQHandler                      0x0800015f   Thumb Code     0  startup_stm32f103xe.o(.text)
    TIM1_CC_IRQHandler                       0x0800015f   Thumb Code     0  startup_stm32f103xe.o(.text)
    TIM1_TRG_COM_IRQHandler                  0x0800015f   Thumb Code     0  startup_stm32f103xe.o(.text)
    TIM1_UP_IRQHandler                       0x0800015f   Thumb Code     0  startup_stm32f103xe.o(.text)
    TIM4_IRQHandler                          0x0800015f   Thumb Code     0  startup_stm32f103xe.o(.text)
    TIM6_IRQHandler                          0x0800015f   Thumb Code     0  startup_stm32f103xe.o(.text)
    TIM7_IRQHandler                          0x0800015f   Thumb Code     0  startup_stm32f103xe.o(.text)
    TIM8_BRK_IRQHandler                      0x0800015f   Thumb Code     0  startup_stm32f103xe.o(.text)
    TIM8_CC_IRQHandler                       0x0800015f   Thumb Code     0  startup_stm32f103xe.o(.text)
    TIM8_TRG_COM_IRQHandler                  0x0800015f   Thumb Code     0  startup_stm32f103xe.o(.text)
    TIM8_UP_IRQHandler                       0x0800015f   Thumb Code     0  startup_stm32f103xe.o(.text)
    UART4_IRQHandler                         0x0800015f   Thumb Code     0  startup_stm32f103xe.o(.text)
    UART5_IRQHandler                         0x0800015f   Thumb Code     0  startup_stm32f103xe.o(.text)
    USART3_IRQHandler                        0x0800015f   Thumb Code     0  startup_stm32f103xe.o(.text)
    USBWakeUp_IRQHandler                     0x0800015f   Thumb Code     0  startup_stm32f103xe.o(.text)
    USB_HP_CAN1_TX_IRQHandler                0x0800015f   Thumb Code     0  startup_stm32f103xe.o(.text)
    USB_LP_CAN1_RX0_IRQHandler               0x0800015f   Thumb Code     0  startup_stm32f103xe.o(.text)
    WWDG_IRQHandler                          0x0800015f   Thumb Code     0  startup_stm32f103xe.o(.text)
    __aeabi_llsr                             0x08000169   Thumb Code    32  llushr.o(.text)
    _ll_ushift_r                             0x08000169   Thumb Code     0  llushr.o(.text)
    __aeabi_memset                           0x08000189   Thumb Code    14  memseta.o(.text)
    __aeabi_memset4                          0x08000189   Thumb Code     0  memseta.o(.text)
    __aeabi_memset8                          0x08000189   Thumb Code     0  memseta.o(.text)
    __aeabi_memclr                           0x08000197   Thumb Code     4  memseta.o(.text)
    __aeabi_memclr4                          0x08000197   Thumb Code     0  memseta.o(.text)
    __aeabi_memclr8                          0x08000197   Thumb Code     0  memseta.o(.text)
    _memset$wrapper                          0x0800019b   Thumb Code    18  memseta.o(.text)
    strcat                                   0x080001ad   Thumb Code    24  strcat.o(.text)
    strlen                                   0x080001c5   Thumb Code    14  strlen.o(.text)
    __aeabi_fadd                             0x080001d3   Thumb Code   164  fadd.o(.text)
    __aeabi_fsub                             0x08000277   Thumb Code     6  fadd.o(.text)
    __aeabi_frsub                            0x0800027d   Thumb Code     6  fadd.o(.text)
    __aeabi_fmul                             0x08000283   Thumb Code   100  fmul.o(.text)
    __aeabi_fdiv                             0x080002e7   Thumb Code   124  fdiv.o(.text)
    __aeabi_dadd                             0x08000363   Thumb Code   322  dadd.o(.text)
    __aeabi_dsub                             0x080004a5   Thumb Code     6  dadd.o(.text)
    __aeabi_drsub                            0x080004ab   Thumb Code     6  dadd.o(.text)
    __ARM_scalbn                             0x080004b1   Thumb Code    46  dscalb.o(.text)
    scalbn                                   0x080004b1   Thumb Code     0  dscalb.o(.text)
    __aeabi_i2f                              0x080004df   Thumb Code    18  fflti.o(.text)
    __aeabi_ui2f                             0x080004f1   Thumb Code    10  ffltui.o(.text)
    __aeabi_f2iz                             0x080004fb   Thumb Code    50  ffixi.o(.text)
    __aeabi_f2d                              0x0800052d   Thumb Code    38  f2d.o(.text)
    __aeabi_d2f                              0x08000553   Thumb Code    56  d2f.o(.text)
    __aeabi_llsl                             0x0800058b   Thumb Code    30  llshl.o(.text)
    _ll_shift_l                              0x0800058b   Thumb Code     0  llshl.o(.text)
    __aeabi_lasr                             0x080005a9   Thumb Code    36  llsshr.o(.text)
    _ll_sshift_r                             0x080005a9   Thumb Code     0  llsshr.o(.text)
    __I$use$fp                               0x080005cd   Thumb Code     0  iusefp.o(.text)
    _float_round                             0x080005cd   Thumb Code    18  fepilogue.o(.text)
    _float_epilogue                          0x080005df   Thumb Code    92  fepilogue.o(.text)
    _double_round                            0x0800063b   Thumb Code    30  depilogue.o(.text)
    _double_epilogue                         0x08000659   Thumb Code   156  depilogue.o(.text)
    __scatterload                            0x080006f5   Thumb Code    28  init.o(.text)
    __scatterload_rt2                        0x080006f5   Thumb Code     0  init.o(.text)
    __decompress                             0x08000719   Thumb Code     0  __dczerorl2.o(.text)
    __decompress1                            0x08000719   Thumb Code    86  __dczerorl2.o(.text)
    BusFault_Handler                         0x0800076f   Thumb Code     2  stm32f1xx_it.o(i.BusFault_Handler)
    DebugMon_Handler                         0x08000771   Thumb Code     2  stm32f1xx_it.o(i.DebugMon_Handler)
    ESP_IRQHandler                           0x08000775   Thumb Code    46  esp01s.o(i.ESP_IRQHandler)
    Encoder_Init                             0x080007b1   Thumb Code    60  encoderm.o(i.Encoder_Init)
    Error_Handler                            0x080007f5   Thumb Code     4  main.o(i.Error_Handler)
    FLASH_WaitForLastOperation               0x08000871   Thumb Code    80  stm32f1xx_hal_flash.o(i.FLASH_WaitForLastOperation)
    Flash_PageErase                          0x080008c5   Thumb Code    28  eeprom.o(i.Flash_PageErase)
    Func_Null                                0x080008e9   Thumb Code     2  menu.o(i.Func_Null)
    HAL_DMA_Abort                            0x080008eb   Thumb Code    70  stm32f1xx_hal_dma.o(i.HAL_DMA_Abort)
    HAL_DMA_Abort_IT                         0x08000931   Thumb Code   296  stm32f1xx_hal_dma.o(i.HAL_DMA_Abort_IT)
    HAL_Delay                                0x08000a61   Thumb Code    32  stm32f1xx_hal.o(i.HAL_Delay)
    HAL_FLASH_Lock                           0x08000a85   Thumb Code    14  stm32f1xx_hal_flash.o(i.HAL_FLASH_Lock)
    HAL_FLASH_Program                        0x08000a99   Thumb Code   120  stm32f1xx_hal_flash.o(i.HAL_FLASH_Program)
    HAL_FLASH_Unlock                         0x08000b19   Thumb Code    28  stm32f1xx_hal_flash.o(i.HAL_FLASH_Unlock)
    HAL_GPIO_Init                            0x08000b41   Thumb Code   462  stm32f1xx_hal_gpio.o(i.HAL_GPIO_Init)
    HAL_GPIO_ReadPin                         0x08000d39   Thumb Code    10  stm32f1xx_hal_gpio.o(i.HAL_GPIO_ReadPin)
    HAL_GPIO_WritePin                        0x08000d43   Thumb Code    10  stm32f1xx_hal_gpio.o(i.HAL_GPIO_WritePin)
    HAL_GetTick                              0x08000d4d   Thumb Code     6  stm32f1xx_hal.o(i.HAL_GetTick)
    HAL_IncTick                              0x08000d59   Thumb Code    12  stm32f1xx_hal.o(i.HAL_IncTick)
    HAL_Init                                 0x08000d69   Thumb Code    32  stm32f1xx_hal.o(i.HAL_Init)
    HAL_InitTick                             0x08000d8d   Thumb Code    54  stm32f1xx_hal.o(i.HAL_InitTick)
    HAL_MspInit                              0x08000dcd   Thumb Code    52  stm32f1xx_hal_msp.o(i.HAL_MspInit)
    HAL_NVIC_EnableIRQ                       0x08000e09   Thumb Code    26  stm32f1xx_hal_cortex.o(i.HAL_NVIC_EnableIRQ)
    HAL_NVIC_SetPriority                     0x08000e25   Thumb Code    60  stm32f1xx_hal_cortex.o(i.HAL_NVIC_SetPriority)
    HAL_NVIC_SetPriorityGrouping             0x08000e65   Thumb Code    26  stm32f1xx_hal_cortex.o(i.HAL_NVIC_SetPriorityGrouping)
    HAL_RCC_ClockConfig                      0x08000e89   Thumb Code   280  stm32f1xx_hal_rcc.o(i.HAL_RCC_ClockConfig)
    HAL_RCC_GetPCLK1Freq                     0x08000fb5   Thumb Code    20  stm32f1xx_hal_rcc.o(i.HAL_RCC_GetPCLK1Freq)
    HAL_RCC_GetPCLK2Freq                     0x08000fd5   Thumb Code    20  stm32f1xx_hal_rcc.o(i.HAL_RCC_GetPCLK2Freq)
    HAL_RCC_GetSysClockFreq                  0x08000ff5   Thumb Code    58  stm32f1xx_hal_rcc.o(i.HAL_RCC_GetSysClockFreq)
    HAL_RCC_OscConfig                        0x08001041   Thumb Code   778  stm32f1xx_hal_rcc.o(i.HAL_RCC_OscConfig)
    HAL_SYSTICK_Config                       0x08001361   Thumb Code    40  stm32f1xx_hal_cortex.o(i.HAL_SYSTICK_Config)
    HAL_TIMEx_BreakCallback                  0x08001389   Thumb Code     2  stm32f1xx_hal_tim_ex.o(i.HAL_TIMEx_BreakCallback)
    HAL_TIMEx_CommutCallback                 0x0800138b   Thumb Code     2  stm32f1xx_hal_tim_ex.o(i.HAL_TIMEx_CommutCallback)
    HAL_TIMEx_MasterConfigSynchronization    0x0800138d   Thumb Code   104  stm32f1xx_hal_tim_ex.o(i.HAL_TIMEx_MasterConfigSynchronization)
    HAL_TIM_Base_Init                        0x08001409   Thumb Code    90  stm32f1xx_hal_tim.o(i.HAL_TIM_Base_Init)
    HAL_TIM_Base_MspInit                     0x08001465   Thumb Code    86  tim.o(i.HAL_TIM_Base_MspInit)
    HAL_TIM_Base_Start_IT                    0x080014c5   Thumb Code    88  stm32f1xx_hal_tim.o(i.HAL_TIM_Base_Start_IT)
    HAL_TIM_ConfigClockSource                0x08001531   Thumb Code   220  stm32f1xx_hal_tim.o(i.HAL_TIM_ConfigClockSource)
    HAL_TIM_Encoder_Init                     0x0800160d   Thumb Code   164  stm32f1xx_hal_tim.o(i.HAL_TIM_Encoder_Init)
    HAL_TIM_Encoder_MspInit                  0x080016b1   Thumb Code    92  tim.o(i.HAL_TIM_Encoder_MspInit)
    HAL_TIM_Encoder_Start                    0x08001719   Thumb Code   142  stm32f1xx_hal_tim.o(i.HAL_TIM_Encoder_Start)
    HAL_TIM_IC_CaptureCallback               0x080017a7   Thumb Code     2  stm32f1xx_hal_tim.o(i.HAL_TIM_IC_CaptureCallback)
    HAL_TIM_IRQHandler                       0x080017a9   Thumb Code   358  stm32f1xx_hal_tim.o(i.HAL_TIM_IRQHandler)
    HAL_TIM_MspPostInit                      0x08001911   Thumb Code   158  tim.o(i.HAL_TIM_MspPostInit)
    HAL_TIM_OC_DelayElapsedCallback          0x080019c5   Thumb Code     2  stm32f1xx_hal_tim.o(i.HAL_TIM_OC_DelayElapsedCallback)
    HAL_TIM_PWM_ConfigChannel                0x080019c7   Thumb Code   204  stm32f1xx_hal_tim.o(i.HAL_TIM_PWM_ConfigChannel)
    HAL_TIM_PWM_Init                         0x08001a93   Thumb Code    90  stm32f1xx_hal_tim.o(i.HAL_TIM_PWM_Init)
    HAL_TIM_PWM_MspInit                      0x08001aed   Thumb Code     2  stm32f1xx_hal_tim.o(i.HAL_TIM_PWM_MspInit)
    HAL_TIM_PWM_PulseFinishedCallback        0x08001aef   Thumb Code     2  stm32f1xx_hal_tim.o(i.HAL_TIM_PWM_PulseFinishedCallback)
    HAL_TIM_PWM_Start                        0x08001af1   Thumb Code   160  stm32f1xx_hal_tim.o(i.HAL_TIM_PWM_Start)
    HAL_TIM_PeriodElapsedCallback            0x08001ba5   Thumb Code   380  main.o(i.HAL_TIM_PeriodElapsedCallback)
    HAL_TIM_TriggerCallback                  0x08001d6d   Thumb Code     2  stm32f1xx_hal_tim.o(i.HAL_TIM_TriggerCallback)
    HAL_UARTEx_RxEventCallback               0x08001d6f   Thumb Code     2  stm32f1xx_hal_uart.o(i.HAL_UARTEx_RxEventCallback)
    HAL_UART_ErrorCallback                   0x08001d71   Thumb Code     2  stm32f1xx_hal_uart.o(i.HAL_UART_ErrorCallback)
    HAL_UART_IRQHandler                      0x08001d75   Thumb Code   616  stm32f1xx_hal_uart.o(i.HAL_UART_IRQHandler)
    HAL_UART_Init                            0x08001fe1   Thumb Code   100  stm32f1xx_hal_uart.o(i.HAL_UART_Init)
    HAL_UART_MspInit                         0x08002045   Thumb Code   198  usart.o(i.HAL_UART_MspInit)
    HAL_UART_Receive_IT                      0x0800211d   Thumb Code    28  stm32f1xx_hal_uart.o(i.HAL_UART_Receive_IT)
    HAL_UART_RxCpltCallback                  0x08002139   Thumb Code   172  main.o(i.HAL_UART_RxCpltCallback)
    HAL_UART_TxCpltCallback                  0x080021f5   Thumb Code     2  stm32f1xx_hal_uart.o(i.HAL_UART_TxCpltCallback)
    HardFault_Handler                        0x080021f7   Thumb Code     2  stm32f1xx_it.o(i.HardFault_Handler)
    KeySan                                   0x080021f9   Thumb Code    24  menu.o(i.KeySan)
    LCD_Address_Set                          0x08002219   Thumb Code    66  lcd.o(i.LCD_Address_Set)
    LCD_DrawPoint                            0x0800225b   Thumb Code    22  lcd.o(i.LCD_DrawPoint)
    LCD_Fill                                 0x08002271   Thumb Code    62  lcd.o(i.LCD_Fill)
    LCD_Init                                 0x080022b1   Thumb Code   506  lcd.o(i.LCD_Init)
    LCD_ShowChar                             0x080024b1   Thumb Code   182  lcd.o(i.LCD_ShowChar)
    LCD_ShowIntNum                           0x08002571   Thumb Code   172  lcd.o(i.LCD_ShowIntNum)
    LCD_ShowString                           0x0800261d   Thumb Code    58  lcd.o(i.LCD_ShowString)
    LCD_WR_DATA                              0x08002657   Thumb Code    20  lcd.o(i.LCD_WR_DATA)
    LCD_WR_REG                               0x0800266d   Thumb Code    36  lcd.o(i.LCD_WR_REG)
    LCD_Writ_Bus                             0x08002695   Thumb Code    88  lcd.o(i.LCD_Writ_Bus)
    MOTOR                                    0x080026f1   Thumb Code   144  menu.o(i.MOTOR)
    MX_GPIO_Init                             0x08002791   Thumb Code   172  gpio.o(i.MX_GPIO_Init)
    MX_TIM2_Init                             0x0800284d   Thumb Code   164  tim.o(i.MX_TIM2_Init)
    MX_TIM3_Init                             0x080028f5   Thumb Code   182  tim.o(i.MX_TIM3_Init)
    MX_TIM5_Init                             0x080029b5   Thumb Code    98  tim.o(i.MX_TIM5_Init)
    MX_USART1_UART_Init                      0x08002a21   Thumb Code    48  usart.o(i.MX_USART1_UART_Init)
    MX_USART2_UART_Init                      0x08002a59   Thumb Code    48  usart.o(i.MX_USART2_UART_Init)
    MainMenu_Set                             0x08002a91   Thumb Code    60  menu.o(i.MainMenu_Set)
    MemManage_Handler                        0x08002ae5   Thumb Code     2  stm32f1xx_it.o(i.MemManage_Handler)
    Menu_Display                             0x08002ae7   Thumb Code   204  menu.o(i.Menu_Display)
    Menu_Move                                0x08002bb3   Thumb Code   120  menu.o(i.Menu_Move)
    Menu_PrmtInit                            0x08002c2b   Thumb Code    16  menu.o(i.Menu_PrmtInit)
    Menu_Process                             0x08002c3d   Thumb Code   340  menu.o(i.Menu_Process)
    NMI_Handler                              0x08002d95   Thumb Code     2  stm32f1xx_it.o(i.NMI_Handler)
    PID_Cal_Init                             0x08002d97   Thumb Code    16  pid.o(i.PID_Cal_Init)
    PID_Location2                            0x08002da9   Thumb Code   156  servo.o(i.PID_Location2)
    PendSV_Handler                           0x08002e49   Thumb Code     2  stm32f1xx_it.o(i.PendSV_Handler)
    RECIEVE                                  0x08002e4d   Thumb Code   114  menu.o(i.RECIEVE)
    Read_EEPROM                              0x08002ee1   Thumb Code    26  menu.o(i.Read_EEPROM)
    SERVO_CIRCLE                             0x08002f05   Thumb Code     8  menu.o(i.SERVO_CIRCLE)
    SERVO_RUN                                0x08002f11   Thumb Code     8  menu.o(i.SERVO_RUN)
    SERVO_UP                                 0x08002f1d   Thumb Code     8  menu.o(i.SERVO_UP)
    STMFLASH_Read_Word                       0x08002f29   Thumb Code    22  eeprom.o(i.STMFLASH_Read_Word)
    STMFLASH_Write_NoCheck_Word              0x08002f41   Thumb Code    44  eeprom.o(i.STMFLASH_Write_NoCheck_Word)
    STMFLASH_Write_Word                      0x08002f6d   Thumb Code   216  eeprom.o(i.STMFLASH_Write_Word)
    SVC_Handler                              0x0800304d   Thumb Code     2  stm32f1xx_it.o(i.SVC_Handler)
    SubNameCat                               0x08003051   Thumb Code   162  menu.o(i.SubNameCat)
    SysTick_Handler                          0x08003101   Thumb Code     4  stm32f1xx_it.o(i.SysTick_Handler)
    SystemClock_Config                       0x08003105   Thumb Code    94  main.o(i.SystemClock_Config)
    SystemInit                               0x08003163   Thumb Code     2  system_stm32f1xx.o(i.SystemInit)
    TIM2_IRQHandler                          0x08003165   Thumb Code     6  stm32f1xx_it.o(i.TIM2_IRQHandler)
    TIM3_IRQHandler                          0x08003171   Thumb Code     6  stm32f1xx_it.o(i.TIM3_IRQHandler)
    TIM5_IRQHandler                          0x0800317d   Thumb Code     6  stm32f1xx_it.o(i.TIM5_IRQHandler)
    TIM_Base_SetConfig                       0x08003189   Thumb Code   120  stm32f1xx_hal_tim.o(i.TIM_Base_SetConfig)
    TIM_CCxChannelCmd                        0x08003215   Thumb Code    26  stm32f1xx_hal_tim.o(i.TIM_CCxChannelCmd)
    TIM_ETR_SetConfig                        0x0800322f   Thumb Code    20  stm32f1xx_hal_tim.o(i.TIM_ETR_SetConfig)
    TIM_OC2_SetConfig                        0x080032b5   Thumb Code    98  stm32f1xx_hal_tim.o(i.TIM_OC2_SetConfig)
    UART_Start_Receive_IT                    0x080035f9   Thumb Code    54  stm32f1xx_hal_uart.o(i.UART_Start_Receive_IT)
    USART1_IRQHandler                        0x08003631   Thumb Code     6  stm32f1xx_it.o(i.USART1_IRQHandler)
    USART2_IRQHandler                        0x0800363d   Thumb Code     6  stm32f1xx_it.o(i.USART2_IRQHandler)
    UsageFault_Handler                       0x08003649   Thumb Code     2  stm32f1xx_it.o(i.UsageFault_Handler)
    Write_EEPROM                             0x0800364d   Thumb Code    34  menu.o(i.Write_EEPROM)
    __scatterload_copy                       0x08003699   Thumb Code    14  handlers.o(i.__scatterload_copy)
    __scatterload_null                       0x080036a7   Thumb Code     2  handlers.o(i.__scatterload_null)
    __scatterload_zeroinit                   0x080036a9   Thumb Code    14  handlers.o(i.__scatterload_zeroinit)
    add_key_msg                              0x080036b9   Thumb Code    60  key.o(i.add_key_msg)
    adjustParam                              0x080036fd   Thumb Code   258  menu.o(i.adjustParam)
    encoder_getVelocity                      0x08003809   Thumb Code   130  encoderm.o(i.encoder_getVelocity)
    filtering                                0x080038a5   Thumb Code    88  encoderm.o(i.filtering)
    flash_buffer_clear                       0x0800390d   Thumb Code    12  menu.o(i.flash_buffer_clear)
    kalman_filter                            0x0800391d   Thumb Code    92  encoderm.o(i.kalman_filter)
    key_IRQHandler                           0x0800397d   Thumb Code   146  key.o(i.key_IRQHandler)
    key_get                                  0x08003a15   Thumb Code    28  key.o(i.key_get)
    main                                     0x08003a35   Thumb Code   118  main.o(i.main)
    motor_init                               0x08003ac9   Thumb Code    32  motor.o(i.motor_init)
    mypow                                    0x08003aed   Thumb Code    16  lcd.o(i.mypow)
    pidTurn_getDutyR                         0x08003afd   Thumb Code    48  servo.o(i.pidTurn_getDutyR)
    pidTurn_getDutyX                         0x08003b35   Thumb Code    48  servo.o(i.pidTurn_getDutyX)
    pidTurn_getDutyY                         0x08003b71   Thumb Code    48  servo.o(i.pidTurn_getDutyY)
    pidTurn_init                             0x08003bad   Thumb Code    38  servo.o(i.pidTurn_init)
    servo_init                               0x08003bd9   Thumb Code    50  servo.o(i.servo_init)
    set_motor_pwm                            0x08003c11   Thumb Code    40  motor.o(i.set_motor_pwm)
    set_servo_pwm                            0x08003c3d   Thumb Code    84  servo.o(i.set_servo_pwm)
    uint8_to_int8                            0x08003c95   Thumb Code     4  main.o(i.uint8_to_int8)
    AHBPrescTable                            0x08003caa   Data          16  system_stm32f1xx.o(.constdata)
    APBPrescTable                            0x08003cba   Data           8  system_stm32f1xx.o(.constdata)
    ascii_1608                               0x08003cc2   Data        1520  lcd.o(.constdata)
    ascii_3216                               0x080042b2   Data        6080  lcd.o(.constdata)
    Region$$Table$$Base                      0x08005b5c   Number         0  anon$$obj.o(Region$$Table)
    Region$$Table$$Limit                     0x08005b7c   Number         0  anon$$obj.o(Region$$Table)
    Cx                                       0x20000004   Data           4  main.o(.data)
    Cy                                       0x20000008   Data           4  main.o(.data)
    Cz                                       0x2000000c   Data           4  main.o(.data)
    uwTickFreq                               0x20000010   Data           1  stm32f1xx_hal.o(.data)
    uwTickPrio                               0x20000014   Data           4  stm32f1xx_hal.o(.data)
    uwTick                                   0x20000018   Data           4  stm32f1xx_hal.o(.data)
    SystemCoreClock                          0x2000001c   Data           4  system_stm32f1xx.o(.data)
    key_msg_front                            0x20000020   Data           1  key.o(.data)
    key_msg_rear                             0x20000021   Data           1  key.o(.data)
    key_msg_flag                             0x20000022   Data           1  key.o(.data)
    keymsg                                   0x20000023   Data           2  key.o(.data)
    KEY_PORTn                                0x2000002c   Data          20  key.o(.data)
    KEY_PINn                                 0x20000040   Data          10  key.o(.data)
    ExitMenu_flag                            0x2000004c   Data           1  menu.o(.data)
    Table_Null                               0x20000050   Data          16  menu.o(.data)
    EEPROM_DATA                              0x20000060   Data          36  menu.o(.data)
    MainMenu_Table                           0x20000084   Data          16  menu.o(.data)
    Turn_Up_PIDparam_kp                      0x20000094   Data           4  menu.o(.data)
    Turn_Up_PIDparam_kd                      0x20000098   Data           4  menu.o(.data)
    Turn_Circle_PIDparam_kp                  0x2000009c   Data           4  menu.o(.data)
    Turn_Circle_PIDparam_kd                  0x200000a0   Data           4  menu.o(.data)
    Turn_Run_PIDparam_kp                     0x200000a4   Data           4  menu.o(.data)
    Turn_Run_PIDparam_kd                     0x200000a8   Data           4  menu.o(.data)
    servo_ok_1                               0x200000ac   Data           4  menu.o(.data)
    servo_ok_2                               0x200000b0   Data           4  menu.o(.data)
    TRACK1                                   0x200000b4   Data          80  menu.o(.data)
    TRACK2                                   0x20000104   Data          48  menu.o(.data)
    SERVO_PRA                                0x20000134   Data          48  menu.o(.data)
    Basic_Test                               0x20000164   Data          80  menu.o(.data)
    tar_turnx                                0x200001b4   Data           4  servo.o(.data)
    tar_turny                                0x200001b8   Data           4  servo.o(.data)
    tar_turnr                                0x200001bc   Data           4  servo.o(.data)
    servo_up_pwm                             0x200001c0   Data           4  servo.o(.data)
    servo_circle_pwm                         0x200001c4   Data           4  servo.o(.data)
    servo_run_pwm                            0x200001c8   Data           4  servo.o(.data)
    CompeteRx                                0x200001cc   Data           1  esp01s.o(.data)
    DataPointer                              0x200001ce   Data           2  esp01s.o(.data)
    atemp                                    0x200001d0   Data           4  esp01s.o(.data)
    htim2                                    0x20000208   Data          72  tim.o(.bss)
    htim3                                    0x20000250   Data          72  tim.o(.bss)
    htim5                                    0x20000298   Data          72  tim.o(.bss)
    huart1                                   0x200002e0   Data          72  usart.o(.bss)
    huart2                                   0x20000328   Data          72  usart.o(.bss)
    pFlash                                   0x20000370   Data          32  stm32f1xx_hal_flash.o(.bss)
    key_msg                                  0x20000390   Data          40  key.o(.bss)
    flash_union_buffer                       0x200003b8   Data        2048  menu.o(.bss)
    Turn_PIDcal_Up                           0x20000bb8   Data          24  servo.o(.bss)
    Turn_PIDcal_Circle                       0x20000bd0   Data          24  servo.o(.bss)
    Turn_PIDcal_Run                          0x20000be8   Data          24  servo.o(.bss)
    Turn_Up_PIDparam                         0x20000c00   Data          20  servo.o(.bss)
    Turn_Circle_PIDparam                     0x20000c14   Data          20  servo.o(.bss)
    Turn_Run_PIDparam                        0x20000c28   Data          20  servo.o(.bss)
    p_Flash                                  0x20000c40   Data          32  eeprom.o(.bss)
    STMFLASH_BUF_HALFWORD                    0x20000c60   Data        2048  eeprom.o(.bss)
    STMFLASH_BUF_WORD                        0x20001460   Data        2048  eeprom.o(.bss)
    RxData                                   0x20001c60   Data         512  esp01s.o(.bss)
    velo                                     0x20001e60   Data          52  encoderm.o(.bss)
    __initial_sp                             0x20002298   Data           0  startup_stm32f103xe.o(STACK)



==============================================================================

Memory Map of the image

  Image Entry point : 0x08000131

  Load Region LR_IROM1 (Base: 0x08000000, Size: 0x00005d6c, Max: 0x00040000, ABSOLUTE, COMPRESSED[0x00005c70])

    Execution Region ER_IROM1 (Base: 0x08000000, Size: 0x00005b7c, Max: 0x00040000, ABSOLUTE)

    Base Addr    Size         Type   Attr      Idx    E Section Name        Object

    0x08000000   0x00000130   Data   RO            3    RESET               startup_stm32f103xe.o
    0x08000130   0x00000000   Code   RO         3548  * .ARM.Collect$$$$00000000  mc_w.l(entry.o)
    0x08000130   0x00000004   Code   RO         3844    .ARM.Collect$$$$00000001  mc_w.l(entry2.o)
    0x08000134   0x00000004   Code   RO         3847    .ARM.Collect$$$$00000004  mc_w.l(entry5.o)
    0x08000138   0x00000000   Code   RO         3849    .ARM.Collect$$$$00000008  mc_w.l(entry7b.o)
    0x08000138   0x00000000   Code   RO         3851    .ARM.Collect$$$$0000000A  mc_w.l(entry8b.o)
    0x08000138   0x00000008   Code   RO         3852    .ARM.Collect$$$$0000000B  mc_w.l(entry9a.o)
    0x08000140   0x00000000   Code   RO         3854    .ARM.Collect$$$$0000000D  mc_w.l(entry10a.o)
    0x08000140   0x00000000   Code   RO         3856    .ARM.Collect$$$$0000000F  mc_w.l(entry11a.o)
    0x08000140   0x00000004   Code   RO         3845    .ARM.Collect$$$$00002712  mc_w.l(entry2.o)
    0x08000144   0x00000024   Code   RO            4    .text               startup_stm32f103xe.o
    0x08000168   0x00000020   Code   RO         3551    .text               mc_w.l(llushr.o)
    0x08000188   0x00000024   Code   RO         3553    .text               mc_w.l(memseta.o)
    0x080001ac   0x00000018   Code   RO         3555    .text               mc_w.l(strcat.o)
    0x080001c4   0x0000000e   Code   RO         3559    .text               mc_w.l(strlen.o)
    0x080001d2   0x000000b0   Code   RO         3822    .text               mf_w.l(fadd.o)
    0x08000282   0x00000064   Code   RO         3824    .text               mf_w.l(fmul.o)
    0x080002e6   0x0000007c   Code   RO         3826    .text               mf_w.l(fdiv.o)
    0x08000362   0x0000014e   Code   RO         3828    .text               mf_w.l(dadd.o)
    0x080004b0   0x0000002e   Code   RO         3830    .text               mf_w.l(dscalb.o)
    0x080004de   0x00000012   Code   RO         3832    .text               mf_w.l(fflti.o)
    0x080004f0   0x0000000a   Code   RO         3834    .text               mf_w.l(ffltui.o)
    0x080004fa   0x00000032   Code   RO         3836    .text               mf_w.l(ffixi.o)
    0x0800052c   0x00000026   Code   RO         3840    .text               mf_w.l(f2d.o)
    0x08000552   0x00000038   Code   RO         3842    .text               mf_w.l(d2f.o)
    0x0800058a   0x0000001e   Code   RO         3863    .text               mc_w.l(llshl.o)
    0x080005a8   0x00000024   Code   RO         3865    .text               mc_w.l(llsshr.o)
    0x080005cc   0x00000000   Code   RO         3867    .text               mc_w.l(iusefp.o)
    0x080005cc   0x0000006e   Code   RO         3868    .text               mf_w.l(fepilogue.o)
    0x0800063a   0x000000ba   Code   RO         3870    .text               mf_w.l(depilogue.o)
    0x080006f4   0x00000024   Code   RO         3880    .text               mc_w.l(init.o)
    0x08000718   0x00000056   Code   RO         3890    .text               mc_w.l(__dczerorl2.o)
    0x0800076e   0x00000002   Code   RO          348    i.BusFault_Handler  stm32f1xx_it.o
    0x08000770   0x00000002   Code   RO          349    i.DebugMon_Handler  stm32f1xx_it.o
    0x08000772   0x00000002   PAD
    0x08000774   0x0000003c   Code   RO         3396    i.ESP_IRQHandler    esp01s.o
    0x080007b0   0x00000044   Code   RO         3501    i.Encoder_Init      encoderm.o
    0x080007f4   0x00000004   Code   RO           13    i.Error_Handler     main.o
    0x080007f8   0x0000001c   Code   RO         2204    i.FLASH_Program_HalfWord  stm32f1xx_hal_flash.o
    0x08000814   0x0000005c   Code   RO         2205    i.FLASH_SetErrorCode  stm32f1xx_hal_flash.o
    0x08000870   0x00000054   Code   RO         2206    i.FLASH_WaitForLastOperation  stm32f1xx_hal_flash.o
    0x080008c4   0x00000024   Code   RO         3324    i.Flash_PageErase   eeprom.o
    0x080008e8   0x00000002   Code   RO         3042    i.Func_Null         menu.o
    0x080008ea   0x00000046   Code   RO         1868    i.HAL_DMA_Abort     stm32f1xx_hal_dma.o
    0x08000930   0x00000130   Code   RO         1869    i.HAL_DMA_Abort_IT  stm32f1xx_hal_dma.o
    0x08000a60   0x00000024   Code   RO         1494    i.HAL_Delay         stm32f1xx_hal.o
    0x08000a84   0x00000014   Code   RO         2210    i.HAL_FLASH_Lock    stm32f1xx_hal_flash.o
    0x08000a98   0x00000080   Code   RO         2215    i.HAL_FLASH_Program  stm32f1xx_hal_flash.o
    0x08000b18   0x00000028   Code   RO         2217    i.HAL_FLASH_Unlock  stm32f1xx_hal_flash.o
    0x08000b40   0x000001f8   Code   RO         1804    i.HAL_GPIO_Init     stm32f1xx_hal_gpio.o
    0x08000d38   0x0000000a   Code   RO         1806    i.HAL_GPIO_ReadPin  stm32f1xx_hal_gpio.o
    0x08000d42   0x0000000a   Code   RO         1808    i.HAL_GPIO_WritePin  stm32f1xx_hal_gpio.o
    0x08000d4c   0x0000000c   Code   RO         1498    i.HAL_GetTick       stm32f1xx_hal.o
    0x08000d58   0x00000010   Code   RO         1504    i.HAL_IncTick       stm32f1xx_hal.o
    0x08000d68   0x00000024   Code   RO         1505    i.HAL_Init          stm32f1xx_hal.o
    0x08000d8c   0x00000040   Code   RO         1506    i.HAL_InitTick      stm32f1xx_hal.o
    0x08000dcc   0x0000003c   Code   RO          454    i.HAL_MspInit       stm32f1xx_hal_msp.o
    0x08000e08   0x0000001a   Code   RO         1964    i.HAL_NVIC_EnableIRQ  stm32f1xx_hal_cortex.o
    0x08000e22   0x00000002   PAD
    0x08000e24   0x00000040   Code   RO         1970    i.HAL_NVIC_SetPriority  stm32f1xx_hal_cortex.o
    0x08000e64   0x00000024   Code   RO         1971    i.HAL_NVIC_SetPriorityGrouping  stm32f1xx_hal_cortex.o
    0x08000e88   0x0000012c   Code   RO         1662    i.HAL_RCC_ClockConfig  stm32f1xx_hal_rcc.o
    0x08000fb4   0x00000020   Code   RO         1669    i.HAL_RCC_GetPCLK1Freq  stm32f1xx_hal_rcc.o
    0x08000fd4   0x00000020   Code   RO         1670    i.HAL_RCC_GetPCLK2Freq  stm32f1xx_hal_rcc.o
    0x08000ff4   0x0000004c   Code   RO         1671    i.HAL_RCC_GetSysClockFreq  stm32f1xx_hal_rcc.o
    0x08001040   0x00000320   Code   RO         1674    i.HAL_RCC_OscConfig  stm32f1xx_hal_rcc.o
    0x08001360   0x00000028   Code   RO         1975    i.HAL_SYSTICK_Config  stm32f1xx_hal_cortex.o
    0x08001388   0x00000002   Code   RO         1220    i.HAL_TIMEx_BreakCallback  stm32f1xx_hal_tim_ex.o
    0x0800138a   0x00000002   Code   RO         1221    i.HAL_TIMEx_CommutCallback  stm32f1xx_hal_tim_ex.o
    0x0800138c   0x0000007c   Code   RO         1239    i.HAL_TIMEx_MasterConfigSynchronization  stm32f1xx_hal_tim_ex.o
    0x08001408   0x0000005a   Code   RO          516    i.HAL_TIM_Base_Init  stm32f1xx_hal_tim.o
    0x08001462   0x00000002   PAD
    0x08001464   0x00000060   Code   RO          229    i.HAL_TIM_Base_MspInit  tim.o
    0x080014c4   0x0000006c   Code   RO          521    i.HAL_TIM_Base_Start_IT  stm32f1xx_hal_tim.o
    0x08001530   0x000000dc   Code   RO          525    i.HAL_TIM_ConfigClockSource  stm32f1xx_hal_tim.o
    0x0800160c   0x000000a4   Code   RO          537    i.HAL_TIM_Encoder_Init  stm32f1xx_hal_tim.o
    0x080016b0   0x00000068   Code   RO          231    i.HAL_TIM_Encoder_MspInit  tim.o
    0x08001718   0x0000008e   Code   RO          540    i.HAL_TIM_Encoder_Start  stm32f1xx_hal_tim.o
    0x080017a6   0x00000002   Code   RO          550    i.HAL_TIM_IC_CaptureCallback  stm32f1xx_hal_tim.o
    0x080017a8   0x00000166   Code   RO          564    i.HAL_TIM_IRQHandler  stm32f1xx_hal_tim.o
    0x0800190e   0x00000002   PAD
    0x08001910   0x000000b4   Code   RO          232    i.HAL_TIM_MspPostInit  tim.o
    0x080019c4   0x00000002   Code   RO          567    i.HAL_TIM_OC_DelayElapsedCallback  stm32f1xx_hal_tim.o
    0x080019c6   0x000000cc   Code   RO          588    i.HAL_TIM_PWM_ConfigChannel  stm32f1xx_hal_tim.o
    0x08001a92   0x0000005a   Code   RO          591    i.HAL_TIM_PWM_Init  stm32f1xx_hal_tim.o
    0x08001aec   0x00000002   Code   RO          593    i.HAL_TIM_PWM_MspInit  stm32f1xx_hal_tim.o
    0x08001aee   0x00000002   Code   RO          594    i.HAL_TIM_PWM_PulseFinishedCallback  stm32f1xx_hal_tim.o
    0x08001af0   0x000000b4   Code   RO          596    i.HAL_TIM_PWM_Start  stm32f1xx_hal_tim.o
    0x08001ba4   0x000001c8   Code   RO           14    i.HAL_TIM_PeriodElapsedCallback  main.o
    0x08001d6c   0x00000002   Code   RO          607    i.HAL_TIM_TriggerCallback  stm32f1xx_hal_tim.o
    0x08001d6e   0x00000002   Code   RO         2476    i.HAL_UARTEx_RxEventCallback  stm32f1xx_hal_uart.o
    0x08001d70   0x00000002   Code   RO         2490    i.HAL_UART_ErrorCallback  stm32f1xx_hal_uart.o
    0x08001d72   0x00000002   PAD
    0x08001d74   0x0000026c   Code   RO         2493    i.HAL_UART_IRQHandler  stm32f1xx_hal_uart.o
    0x08001fe0   0x00000064   Code   RO         2494    i.HAL_UART_Init     stm32f1xx_hal_uart.o
    0x08002044   0x000000d8   Code   RO          301    i.HAL_UART_MspInit  usart.o
    0x0800211c   0x0000001c   Code   RO         2499    i.HAL_UART_Receive_IT  stm32f1xx_hal_uart.o
    0x08002138   0x000000bc   Code   RO           15    i.HAL_UART_RxCpltCallback  main.o
    0x080021f4   0x00000002   Code   RO         2505    i.HAL_UART_TxCpltCallback  stm32f1xx_hal_uart.o
    0x080021f6   0x00000002   Code   RO          350    i.HardFault_Handler  stm32f1xx_it.o
    0x080021f8   0x00000020   Code   RO         3043    i.KeySan            menu.o
    0x08002218   0x00000042   Code   RO         2921    i.LCD_Address_Set   lcd.o
    0x0800225a   0x00000016   Code   RO         2923    i.LCD_DrawPoint     lcd.o
    0x08002270   0x0000003e   Code   RO         2925    i.LCD_Fill          lcd.o
    0x080022ae   0x00000002   PAD
    0x080022b0   0x00000200   Code   RO         2926    i.LCD_Init          lcd.o
    0x080024b0   0x000000c0   Code   RO         2927    i.LCD_ShowChar      lcd.o
    0x08002570   0x000000ac   Code   RO         2929    i.LCD_ShowIntNum    lcd.o
    0x0800261c   0x0000003a   Code   RO         2931    i.LCD_ShowString    lcd.o
    0x08002656   0x00000014   Code   RO         2932    i.LCD_WR_DATA       lcd.o
    0x0800266a   0x00000002   PAD
    0x0800266c   0x00000028   Code   RO         2934    i.LCD_WR_REG        lcd.o
    0x08002694   0x0000005c   Code   RO         2935    i.LCD_Writ_Bus      lcd.o
    0x080026f0   0x000000a0   Code   RO         3044    i.MOTOR             menu.o
    0x08002790   0x000000bc   Code   RO          204    i.MX_GPIO_Init      gpio.o
    0x0800284c   0x000000a8   Code   RO          233    i.MX_TIM2_Init      tim.o
    0x080028f4   0x000000c0   Code   RO          234    i.MX_TIM3_Init      tim.o
    0x080029b4   0x0000006c   Code   RO          235    i.MX_TIM5_Init      tim.o
    0x08002a20   0x00000038   Code   RO          302    i.MX_USART1_UART_Init  usart.o
    0x08002a58   0x00000038   Code   RO          303    i.MX_USART2_UART_Init  usart.o
    0x08002a90   0x00000054   Code   RO         3045    i.MainMenu_Set      menu.o
    0x08002ae4   0x00000002   Code   RO          351    i.MemManage_Handler  stm32f1xx_it.o
    0x08002ae6   0x000000cc   Code   RO         3046    i.Menu_Display      menu.o
    0x08002bb2   0x00000078   Code   RO         3047    i.Menu_Move         menu.o
    0x08002c2a   0x00000010   Code   RO         3048    i.Menu_PrmtInit     menu.o
    0x08002c3a   0x00000002   PAD
    0x08002c3c   0x00000158   Code   RO         3049    i.Menu_Process      menu.o
    0x08002d94   0x00000002   Code   RO          352    i.NMI_Handler       stm32f1xx_it.o
    0x08002d96   0x00000010   Code   RO         3270    i.PID_Cal_Init      pid.o
    0x08002da6   0x00000002   PAD
    0x08002da8   0x000000a0   Code   RO         3200    i.PID_Location2     servo.o
    0x08002e48   0x00000002   Code   RO          353    i.PendSV_Handler    stm32f1xx_it.o
    0x08002e4a   0x00000002   PAD
    0x08002e4c   0x00000094   Code   RO         3050    i.RECIEVE           menu.o
    0x08002ee0   0x00000024   Code   RO         3051    i.Read_EEPROM       menu.o
    0x08002f04   0x0000000c   Code   RO         3052    i.SERVO_CIRCLE      menu.o
    0x08002f10   0x0000000c   Code   RO         3053    i.SERVO_RUN         menu.o
    0x08002f1c   0x0000000c   Code   RO         3054    i.SERVO_UP          menu.o
    0x08002f28   0x00000016   Code   RO         3328    i.STMFLASH_Read_Word  eeprom.o
    0x08002f3e   0x00000002   PAD
    0x08002f40   0x0000002c   Code   RO         3331    i.STMFLASH_Write_NoCheck_Word  eeprom.o
    0x08002f6c   0x000000e0   Code   RO         3332    i.STMFLASH_Write_Word  eeprom.o
    0x0800304c   0x00000002   Code   RO          354    i.SVC_Handler       stm32f1xx_it.o
    0x0800304e   0x00000002   PAD
    0x08003050   0x000000b0   Code   RO         3055    i.SubNameCat        menu.o
    0x08003100   0x00000004   Code   RO          355    i.SysTick_Handler   stm32f1xx_it.o
    0x08003104   0x0000005e   Code   RO           16    i.SystemClock_Config  main.o
    0x08003162   0x00000002   Code   RO         2828    i.SystemInit        system_stm32f1xx.o
    0x08003164   0x0000000c   Code   RO          356    i.TIM2_IRQHandler   stm32f1xx_it.o
    0x08003170   0x0000000c   Code   RO          357    i.TIM3_IRQHandler   stm32f1xx_it.o
    0x0800317c   0x0000000c   Code   RO          358    i.TIM5_IRQHandler   stm32f1xx_it.o
    0x08003188   0x0000008c   Code   RO          609    i.TIM_Base_SetConfig  stm32f1xx_hal_tim.o
    0x08003214   0x0000001a   Code   RO          610    i.TIM_CCxChannelCmd  stm32f1xx_hal_tim.o
    0x0800322e   0x00000014   Code   RO          620    i.TIM_ETR_SetConfig  stm32f1xx_hal_tim.o
    0x08003242   0x00000010   Code   RO          621    i.TIM_ITRx_SetConfig  stm32f1xx_hal_tim.o
    0x08003252   0x00000002   PAD
    0x08003254   0x00000060   Code   RO          622    i.TIM_OC1_SetConfig  stm32f1xx_hal_tim.o
    0x080032b4   0x0000006c   Code   RO          623    i.TIM_OC2_SetConfig  stm32f1xx_hal_tim.o
    0x08003320   0x00000068   Code   RO          624    i.TIM_OC3_SetConfig  stm32f1xx_hal_tim.o
    0x08003388   0x00000050   Code   RO          625    i.TIM_OC4_SetConfig  stm32f1xx_hal_tim.o
    0x080033d8   0x00000022   Code   RO          627    i.TIM_TI1_ConfigInputStage  stm32f1xx_hal_tim.o
    0x080033fa   0x00000024   Code   RO          629    i.TIM_TI2_ConfigInputStage  stm32f1xx_hal_tim.o
    0x0800341e   0x00000010   Code   RO         2507    i.UART_DMAAbortOnError  stm32f1xx_hal_uart.o
    0x0800342e   0x0000004e   Code   RO         2517    i.UART_EndRxTransfer  stm32f1xx_hal_uart.o
    0x0800347c   0x000000c2   Code   RO         2519    i.UART_Receive_IT   stm32f1xx_hal_uart.o
    0x0800353e   0x00000002   PAD
    0x08003540   0x000000b8   Code   RO         2520    i.UART_SetConfig    stm32f1xx_hal_uart.o
    0x080035f8   0x00000036   Code   RO         2522    i.UART_Start_Receive_IT  stm32f1xx_hal_uart.o
    0x0800362e   0x00000002   PAD
    0x08003630   0x0000000c   Code   RO          359    i.USART1_IRQHandler  stm32f1xx_it.o
    0x0800363c   0x0000000c   Code   RO          360    i.USART2_IRQHandler  stm32f1xx_it.o
    0x08003648   0x00000002   Code   RO          361    i.UsageFault_Handler  stm32f1xx_it.o
    0x0800364a   0x00000002   PAD
    0x0800364c   0x0000002c   Code   RO         3056    i.Write_EEPROM      menu.o
    0x08003678   0x00000020   Code   RO         1977    i.__NVIC_SetPriority  stm32f1xx_hal_cortex.o
    0x08003698   0x0000000e   Code   RO         3884    i.__scatterload_copy  mc_w.l(handlers.o)
    0x080036a6   0x00000002   Code   RO         3885    i.__scatterload_null  mc_w.l(handlers.o)
    0x080036a8   0x0000000e   Code   RO         3886    i.__scatterload_zeroinit  mc_w.l(handlers.o)
    0x080036b6   0x00000002   PAD
    0x080036b8   0x00000044   Code   RO         2865    i.add_key_msg       key.o
    0x080036fc   0x0000010c   Code   RO         3057    i.adjustParam       menu.o
    0x08003808   0x0000009c   Code   RO         3502    i.encoder_getVelocity  encoderm.o
    0x080038a4   0x00000068   Code   RO         3503    i.filtering         encoderm.o
    0x0800390c   0x00000010   Code   RO         3058    i.flash_buffer_clear  menu.o
    0x0800391c   0x00000060   Code   RO         3504    i.kalman_filter     encoderm.o
    0x0800397c   0x00000098   Code   RO         2867    i.key_IRQHandler    key.o
    0x08003a14   0x00000020   Code   RO         2869    i.key_get           key.o
    0x08003a34   0x00000094   Code   RO           17    i.main              main.o
    0x08003ac8   0x00000024   Code   RO         3294    i.motor_init        motor.o
    0x08003aec   0x00000010   Code   RO         2936    i.mypow             lcd.o
    0x08003afc   0x00000038   Code   RO         3201    i.pidTurn_getDutyR  servo.o
    0x08003b34   0x0000003c   Code   RO         3202    i.pidTurn_getDutyX  servo.o
    0x08003b70   0x0000003c   Code   RO         3203    i.pidTurn_getDutyY  servo.o
    0x08003bac   0x0000002c   Code   RO         3204    i.pidTurn_init      servo.o
    0x08003bd8   0x00000038   Code   RO         3205    i.servo_init        servo.o
    0x08003c10   0x0000002c   Code   RO         3295    i.set_motor_pwm     motor.o
    0x08003c3c   0x00000058   Code   RO         3206    i.set_servo_pwm     servo.o
    0x08003c94   0x00000004   Code   RO           18    i.uint8_to_int8     main.o
    0x08003c98   0x00000012   Data   RO         1675    .constdata          stm32f1xx_hal_rcc.o
    0x08003caa   0x00000010   Data   RO         2829    .constdata          system_stm32f1xx.o
    0x08003cba   0x00000008   Data   RO         2830    .constdata          system_stm32f1xx.o
    0x08003cc2   0x00001db0   Data   RO         2937    .constdata          lcd.o
    0x08005a72   0x00000002   PAD
    0x08005a74   0x00000012   Data   RO         3060    .conststring        menu.o
    0x08005a86   0x00000002   PAD
    0x08005a88   0x00000029   Data   RO         3061    .conststring        menu.o
    0x08005ab1   0x00000003   PAD
    0x08005ab4   0x00000019   Data   RO         3062    .conststring        menu.o
    0x08005acd   0x00000003   PAD
    0x08005ad0   0x00000031   Data   RO         3063    .conststring        menu.o
    0x08005b01   0x00000003   PAD
    0x08005b04   0x00000056   Data   RO         3064    .conststring        menu.o
    0x08005b5a   0x00000002   PAD
    0x08005b5c   0x00000020   Data   RO         3882    Region$$Table       anon$$obj.o


    Execution Region RW_IRAM1 (Base: 0x20000000, Size: 0x00002298, Max: 0x0000c000, ABSOLUTE, COMPRESSED[0x000000f4])

    Base Addr    Size         Type   Attr      Idx    E Section Name        Object

    0x20000000   0x00000010   Data   RW           20    .data               main.o
    0x20000010   0x0000000c   Data   RW         1512    .data               stm32f1xx_hal.o
    0x2000001c   0x00000004   Data   RW         2831    .data               system_stm32f1xx.o
    0x20000020   0x0000002a   Data   RW         2871    .data               key.o
    0x2000004a   0x00000002   PAD
    0x2000004c   0x00000048   Data   RW         3065    .data               menu.o
    0x20000094   0x00000004   Data   RW         3066    .data               menu.o
    0x20000098   0x00000004   Data   RW         3067    .data               menu.o
    0x2000009c   0x00000004   Data   RW         3068    .data               menu.o
    0x200000a0   0x00000004   Data   RW         3069    .data               menu.o
    0x200000a4   0x00000004   Data   RW         3070    .data               menu.o
    0x200000a8   0x00000004   Data   RW         3071    .data               menu.o
    0x200000ac   0x00000004   Data   RW         3072    .data               menu.o
    0x200000b0   0x00000004   Data   RW         3073    .data               menu.o
    0x200000b4   0x00000050   Data   RW         3074    .data               menu.o
    0x20000104   0x00000030   Data   RW         3075    .data               menu.o
    0x20000134   0x00000030   Data   RW         3076    .data               menu.o
    0x20000164   0x00000050   Data   RW         3077    .data               menu.o
    0x200001b4   0x0000000c   Data   RW         3208    .data               servo.o
    0x200001c0   0x00000004   Data   RW         3209    .data               servo.o
    0x200001c4   0x00000004   Data   RW         3210    .data               servo.o
    0x200001c8   0x00000004   Data   RW         3211    .data               servo.o
    0x200001cc   0x00000008   Data   RW         3407    .data               esp01s.o
    0x200001d4   0x0000001c   Data   RW         3506    .data               encoderm.o
    0x200001f0   0x00000018   Zero   RW           19    .bss                main.o
    0x20000208   0x000000d8   Zero   RW          236    .bss                tim.o
    0x200002e0   0x00000090   Zero   RW          304    .bss                usart.o
    0x20000370   0x00000020   Zero   RW         2218    .bss                stm32f1xx_hal_flash.o
    0x20000390   0x00000028   Zero   RW         2870    .bss                key.o
    0x200003b8   0x00000800   Zero   RW         3059    .bss                menu.o
    0x20000bb8   0x00000084   Zero   RW         3207    .bss                servo.o
    0x20000c3c   0x00000004   PAD
    0x20000c40   0x00001020   Zero   RW         3333    .bss                eeprom.o
    0x20001c60   0x00000200   Zero   RW         3401    .bss                esp01s.o
    0x20001e60   0x00000034   Zero   RW         3505    .bss                encoderm.o
    0x20001e94   0x00000004   PAD
    0x20001e98   0x00000400   Zero   RW            1    STACK               startup_stm32f103xe.o


==============================================================================

Image component sizes


      Code (inc. data)   RO Data    RW Data    ZI Data      Debug   Object Name

       326         16          0          0       4128       3748   eeprom.o
       424         54          0         28         52       2432   encoderm.o
        60         14          0          8        512       1781   esp01s.o
       188         16          0          0          0        895   gpio.o
       252         18          0         42         40       2817   key.o
      1252         24       7600          0          0       9994   lcd.o
       894        122          0         16         24     494252   main.o
      1686        152        219        360       2048      14221   menu.o
        80          8          0          0          0        945   motor.o
        16          0          0          0          0        655   pid.o
       524         52          0         24        132       4555   servo.o
        36          8        304          0       1024        772   startup_stm32f103xe.o
       164         28          0         12          0       6265   stm32f1xx_hal.o
       198         14          0          0          0      28755   stm32f1xx_hal_cortex.o
       374          8          0          0          0       1743   stm32f1xx_hal_dma.o
       392         46          0          0         32       4490   stm32f1xx_hal_flash.o
       524         42          0          0          0       3407   stm32f1xx_hal_gpio.o
        60          8          0          0          0        790   stm32f1xx_hal_msp.o
      1240         84         18          0          0       4932   stm32f1xx_hal_rcc.o
      2226         96          0          0          0      17381   stm32f1xx_hal_tim.o
       128         20          0          0          0       2281   stm32f1xx_hal_tim_ex.o
      1280         10          0          0          0       8476   stm32f1xx_hal_uart.o
        80         30          0          0          0       5480   stm32f1xx_it.o
         2          0         24          4          0       1003   system_stm32f1xx.o
       848         68          0          0        216       4248   tim.o
       328         34          0          0        144       2159   usart.o

    ----------------------------------------------------------------------
     13614        972       8212        496       8360     628477   Object Totals
         0          0         32          0          0          0   (incl. Generated)
        32          0         15          2          8          0   (incl. Padding)

    ----------------------------------------------------------------------

      Code (inc. data)   RO Data    RW Data    ZI Data      Debug   Library Member Name

        86          0          0          0          0          0   __dczerorl2.o
         0          0          0          0          0          0   entry.o
         0          0          0          0          0          0   entry10a.o
         0          0          0          0          0          0   entry11a.o
         8          4          0          0          0          0   entry2.o
         4          0          0          0          0          0   entry5.o
         0          0          0          0          0          0   entry7b.o
         0          0          0          0          0          0   entry8b.o
         8          4          0          0          0          0   entry9a.o
        30          0          0          0          0          0   handlers.o
        36          8          0          0          0         68   init.o
         0          0          0          0          0          0   iusefp.o
        30          0          0          0          0         68   llshl.o
        36          0          0          0          0         68   llsshr.o
        32          0          0          0          0         68   llushr.o
        36          0          0          0          0        108   memseta.o
        24          0          0          0          0         68   strcat.o
        14          0          0          0          0         68   strlen.o
        56          0          0          0          0         88   d2f.o
       334          0          0          0          0        148   dadd.o
       186          0          0          0          0        176   depilogue.o
        46          0          0          0          0         80   dscalb.o
        38          0          0          0          0         68   f2d.o
       176          0          0          0          0        140   fadd.o
       124          0          0          0          0         88   fdiv.o
       110          0          0          0          0        168   fepilogue.o
        50          0          0          0          0         68   ffixi.o
        18          0          0          0          0         68   fflti.o
        10          0          0          0          0         68   ffltui.o
       100          0          0          0          0         76   fmul.o

    ----------------------------------------------------------------------
      1594         16          0          0          0       1752   Library Totals
         2          0          0          0          0          0   (incl. Padding)

    ----------------------------------------------------------------------

      Code (inc. data)   RO Data    RW Data    ZI Data      Debug   Library Name

       344         16          0          0          0        516   mc_w.l
      1248          0          0          0          0       1236   mf_w.l

    ----------------------------------------------------------------------
      1594         16          0          0          0       1752   Library Totals

    ----------------------------------------------------------------------

==============================================================================


      Code (inc. data)   RO Data    RW Data    ZI Data      Debug   

     15208        988       8212        496       8360     622193   Grand Totals
     15208        988       8212        244       8360     622193   ELF Image Totals (compressed)
     15208        988       8212        244          0          0   ROM Totals

==============================================================================

    Total RO  Size (Code + RO Data)                23420 (  22.87kB)
    Total RW  Size (RW Data + ZI Data)              8856 (   8.65kB)
    Total ROM Size (Code + RO Data + RW Data)      23664 (  23.11kB)

==============================================================================

