Component: ARM Compiler 5.06 update 4 (build 422) Tool: armlink [4d35d2]

==============================================================================

Section Cross References

    startup_stm32f103xe.o(RESET) refers to startup_stm32f103xe.o(STACK) for __initial_sp
    startup_stm32f103xe.o(RESET) refers to startup_stm32f103xe.o(.text) for Reset_Handler
    startup_stm32f103xe.o(RESET) refers to stm32f1xx_it.o(i.NMI_Handler) for NMI_Handler
    startup_stm32f103xe.o(RESET) refers to stm32f1xx_it.o(i.HardFault_Handler) for HardFault_Handler
    startup_stm32f103xe.o(RESET) refers to stm32f1xx_it.o(i.MemManage_Handler) for MemManage_Handler
    startup_stm32f103xe.o(RESET) refers to stm32f1xx_it.o(i.BusFault_Handler) for BusFault_Handler
    startup_stm32f103xe.o(RESET) refers to stm32f1xx_it.o(i.UsageFault_Handler) for UsageFault_Handler
    startup_stm32f103xe.o(RESET) refers to stm32f1xx_it.o(i.SVC_Handler) for SVC_Handler
    startup_stm32f103xe.o(RESET) refers to stm32f1xx_it.o(i.DebugMon_Handler) for DebugMon_Handler
    startup_stm32f103xe.o(RESET) refers to stm32f1xx_it.o(i.PendSV_Handler) for PendSV_Handler
    startup_stm32f103xe.o(RESET) refers to stm32f1xx_it.o(i.SysTick_Handler) for SysTick_Handler
    startup_stm32f103xe.o(RESET) refers to stm32f1xx_it.o(i.TIM2_IRQHandler) for TIM2_IRQHandler
    startup_stm32f103xe.o(RESET) refers to stm32f1xx_it.o(i.TIM3_IRQHandler) for TIM3_IRQHandler
    startup_stm32f103xe.o(RESET) refers to stm32f1xx_it.o(i.USART1_IRQHandler) for USART1_IRQHandler
    startup_stm32f103xe.o(RESET) refers to stm32f1xx_it.o(i.USART2_IRQHandler) for USART2_IRQHandler
    startup_stm32f103xe.o(.text) refers to system_stm32f1xx.o(i.SystemInit) for SystemInit
    startup_stm32f103xe.o(.text) refers to entry.o(.ARM.Collect$$$$00000000) for __main
    main.o(i.HAL_TIM_PeriodElapsedCallback) refers to key.o(i.key_IRQHandler) for key_IRQHandler
    main.o(i.HAL_TIM_PeriodElapsedCallback) refers to ffltui.o(.text) for __aeabi_ui2f
    main.o(i.HAL_TIM_PeriodElapsedCallback) refers to servo.o(i.pidTurn_getDutyX) for pidTurn_getDutyX
    main.o(i.HAL_TIM_PeriodElapsedCallback) refers to servo.o(i.pidTurn_getDutyY) for pidTurn_getDutyY
    main.o(i.HAL_TIM_PeriodElapsedCallback) refers to servo.o(i.set_servo_pwm) for set_servo_pwm
    main.o(i.HAL_TIM_PeriodElapsedCallback) refers to tim.o(.bss) for htim2
    main.o(i.HAL_TIM_PeriodElapsedCallback) refers to menu.o(.data) for Turn_Up_PIDparam_kp
    main.o(i.HAL_TIM_PeriodElapsedCallback) refers to servo.o(.bss) for Turn_Up_PIDparam
    main.o(i.HAL_TIM_PeriodElapsedCallback) refers to menu.o(.data) for Turn_Up_PIDparam_kd
    main.o(i.HAL_TIM_PeriodElapsedCallback) refers to menu.o(.data) for Turn_Circle_PIDparam_kp
    main.o(i.HAL_TIM_PeriodElapsedCallback) refers to menu.o(.data) for Turn_Circle_PIDparam_kd
    main.o(i.HAL_TIM_PeriodElapsedCallback) refers to main.o(.data) for .data
    main.o(i.HAL_TIM_PeriodElapsedCallback) refers to servo.o(.data) for servo_circle_pwm
    main.o(i.HAL_TIM_PeriodElapsedCallback) refers to servo.o(.data) for servo_up_pwm
    main.o(i.HAL_TIM_PeriodElapsedCallback) refers to menu.o(.data) for servo_ok
    main.o(i.HAL_UART_RxCpltCallback) refers to esp01s.o(i.ESP_IRQHandler) for ESP_IRQHandler
    main.o(i.HAL_UART_RxCpltCallback) refers to stm32f1xx_hal_uart.o(i.HAL_UART_Receive_IT) for HAL_UART_Receive_IT
    main.o(i.HAL_UART_RxCpltCallback) refers to usart.o(.bss) for huart1
    main.o(i.HAL_UART_RxCpltCallback) refers to main.o(.data) for .data
    main.o(i.SystemClock_Config) refers to memseta.o(.text) for __aeabi_memclr4
    main.o(i.SystemClock_Config) refers to stm32f1xx_hal_rcc.o(i.HAL_RCC_OscConfig) for HAL_RCC_OscConfig
    main.o(i.SystemClock_Config) refers to stm32f1xx_hal_rcc.o(i.HAL_RCC_ClockConfig) for HAL_RCC_ClockConfig
    main.o(i.main) refers to stm32f1xx_hal.o(i.HAL_Init) for HAL_Init
    main.o(i.main) refers to main.o(i.SystemClock_Config) for SystemClock_Config
    main.o(i.main) refers to gpio.o(i.MX_GPIO_Init) for MX_GPIO_Init
    main.o(i.main) refers to tim.o(i.MX_TIM3_Init) for MX_TIM3_Init
    main.o(i.main) refers to usart.o(i.MX_USART1_UART_Init) for MX_USART1_UART_Init
    main.o(i.main) refers to tim.o(i.MX_TIM2_Init) for MX_TIM2_Init
    main.o(i.main) refers to usart.o(i.MX_USART2_UART_Init) for MX_USART2_UART_Init
    main.o(i.main) refers to motor.o(i.motor_init) for motor_init
    main.o(i.main) refers to servo.o(i.pidTurn_init) for pidTurn_init
    main.o(i.main) refers to stm32f1xx_hal_tim.o(i.HAL_TIM_Base_Start_IT) for HAL_TIM_Base_Start_IT
    main.o(i.main) refers to stm32f1xx_hal_uart.o(i.HAL_UART_Receive_IT) for HAL_UART_Receive_IT
    main.o(i.main) refers to esp01s.o(i.ESP01S_Init) for ESP01S_Init
    main.o(i.main) refers to lcd.o(i.LCD_Init) for LCD_Init
    main.o(i.main) refers to lcd.o(i.LCD_Fill) for LCD_Fill
    main.o(i.main) refers to menu.o(i.MainMenu_Set) for MainMenu_Set
    main.o(i.main) refers to tim.o(.bss) for htim2
[...]
    ../clib/microlib/longlong.c              0x00000000   Number         0  llshl.o ABSOLUTE
    ../clib/microlib/longlong.c              0x00000000   Number         0  llushr.o ABSOLUTE
    ../clib/microlib/longlong.c              0x00000000   Number         0  llsshr.o ABSOLUTE
    ../clib/microlib/printf/printf.c         0x00000000   Number         0  printf5.o ABSOLUTE
    ../clib/microlib/printf/printf.c         0x00000000   Number         0  printf8.o ABSOLUTE
    ../clib/microlib/printf/printf.c         0x00000000   Number         0  printf4.o ABSOLUTE
    ../clib/microlib/printf/printf.c         0x00000000   Number         0  printf2.o ABSOLUTE
    ../clib/microlib/printf/printf.c         0x00000000   Number         0  printf1.o ABSOLUTE
    ../clib/microlib/printf/printf.c         0x00000000   Number         0  printfb.o ABSOLUTE
    ../clib/microlib/printf/printf.c         0x00000000   Number         0  printf0.o ABSOLUTE
    ../clib/microlib/printf/printf.c         0x00000000   Number         0  printfa.o ABSOLUTE
    ../clib/microlib/printf/printf.c         0x00000000   Number         0  printf7.o ABSOLUTE
    ../clib/microlib/printf/printf.c         0x00000000   Number         0  printf3.o ABSOLUTE
    ../clib/microlib/printf/printf.c         0x00000000   Number         0  printf6.o ABSOLUTE
    ../clib/microlib/printf/stubs.s          0x00000000   Number         0  stubs.o ABSOLUTE
    ../clib/microlib/stdio/streams.c         0x00000000   Number         0  stdout.o ABSOLUTE
    ../clib/microlib/string/memset.c         0x00000000   Number         0  memseta.o ABSOLUTE
    ../clib/microlib/string/strcat.c         0x00000000   Number         0  strcat.o ABSOLUTE
    ../clib/microlib/string/strlen.c         0x00000000   Number         0  strlen.o ABSOLUTE
    ../clib/microlib/string/strstr.c         0x00000000   Number         0  strstr.o ABSOLUTE
    ../clib/microlib/stubs.s                 0x00000000   Number         0  iusefp.o ABSOLUTE
    ../fplib/microlib/d2f.c                  0x00000000   Number         0  d2f.o ABSOLUTE
    ../fplib/microlib/f2d.c                  0x00000000   Number         0  f2d.o ABSOLUTE
    ../fplib/microlib/fpadd.c                0x00000000   Number         0  fadd.o ABSOLUTE
    ../fplib/microlib/fpadd.c                0x00000000   Number         0  dadd.o ABSOLUTE
    ../fplib/microlib/fpdiv.c                0x00000000   Number         0  ddiv.o ABSOLUTE
    ../fplib/microlib/fpdiv.c                0x00000000   Number         0  fdiv.o ABSOLUTE
    ../fplib/microlib/fpepilogue.c           0x00000000   Number         0  fepilogue.o ABSOLUTE
    ../fplib/microlib/fpepilogue.c           0x00000000   Number         0  depilogue.o ABSOLUTE
    ../fplib/microlib/fpfix.c                0x00000000   Number         0  dfixul.o ABSOLUTE
    ../fplib/microlib/fpfix.c                0x00000000   Number         0  ffixui.o ABSOLUTE
    ../fplib/microlib/fpfix.c                0x00000000   Number         0  ffixi.o ABSOLUTE
    ../fplib/microlib/fpflt.c                0x00000000   Number         0  ffltui.o ABSOLUTE
    ../fplib/microlib/fpmul.c                0x00000000   Number         0  dmul.o ABSOLUTE
    ../fplib/microlib/fpmul.c                0x00000000   Number         0  fmul.o ABSOLUTE
    ../fplib/microlib/fpscalb.c              0x00000000   Number         0  dscalb.o ABSOLUTE
    ..\Drivers\STM32F1xx_HAL_Driver\Src\stm32f1xx_hal.c 0x00000000   Number         0  stm32f1xx_hal.o ABSOLUTE
    ..\Drivers\STM32F1xx_HAL_Driver\Src\stm32f1xx_hal_cortex.c 0x00000000   Number         0  stm32f1xx_hal_cortex.o ABSOLUTE
    ..\Drivers\STM32F1xx_HAL_Driver\Src\stm32f1xx_hal_dma.c 0x00000000   Number         0  stm32f1xx_hal_dma.o ABSOLUTE
    ..\Drivers\STM32F1xx_HAL_Driver\Src\stm32f1xx_hal_exti.c 0x00000000   Number         0  stm32f1xx_hal_exti.o ABSOLUTE
    ..\Drivers\STM32F1xx_HAL_Driver\Src\stm32f1xx_hal_flash.c 0x00000000   Number         0  stm32f1xx_hal_flash.o ABSOLUTE
    ..\Drivers\STM32F1xx_HAL_Driver\Src\stm32f1xx_hal_flash_ex.c 0x00000000   Number         0  stm32f1xx_hal_flash_ex.o ABSOLUTE
    ..\Drivers\STM32F1xx_HAL_Driver\Src\stm32f1xx_hal_gpio.c 0x00000000   Number         0  stm32f1xx_hal_gpio.o ABSOLUTE
    ..\Drivers\STM32F1xx_HAL_Driver\Src\stm32f1xx_hal_gpio_ex.c 0x00000000   Number         0  stm32f1xx_hal_gpio_ex.o ABSOLUTE
    ..\Drivers\STM32F1xx_HAL_Driver\Src\stm32f1xx_hal_pwr.c 0x00000000   Number         0  stm32f1xx_hal_pwr.o ABSOLUTE
    ..\Drivers\STM32F1xx_HAL_Driver\Src\stm32f1xx_hal_rcc.c 0x00000000   Number         0  stm32f1xx_hal_rcc.o ABSOLUTE
    ..\Drivers\STM32F1xx_HAL_Driver\Src\stm32f1xx_hal_rcc_ex.c 0x00000000   Number         0  stm32f1xx_hal_rcc_ex.o ABSOLUTE
    ..\Drivers\STM32F1xx_HAL_Driver\Src\stm32f1xx_hal_tim.c 0x00000000   Number         0  stm32f1xx_hal_tim.o ABSOLUTE
    ..\Drivers\STM32F1xx_HAL_Driver\Src\stm32f1xx_hal_tim_ex.c 0x00000000   Number         0  stm32f1xx_hal_tim_ex.o ABSOLUTE
    ..\Drivers\STM32F1xx_HAL_Driver\Src\stm32f1xx_hal_uart.c 0x00000000   Number         0  stm32f1xx_hal_uart.o ABSOLUTE
    ..\My_Code\debug.c                       0x00000000   Number         0  debug.o ABSOLUTE
    ..\My_Code\eeprom.c                      0x00000000   Number         0  eeprom.o ABSOLUTE
    ..\My_Code\esp01s.c                      0x00000000   Number         0  esp01s.o ABSOLUTE
    ..\My_Code\key.c                         0x00000000   Number         0  key.o ABSOLUTE
    ..\My_Code\lcd.c                         0x00000000   Number         0  lcd.o ABSOLUTE
    ..\My_Code\menu.c                        0x00000000   Number         0  menu.o ABSOLUTE
    ..\My_Code\motor.c                       0x00000000   Number         0  motor.o ABSOLUTE
    ..\My_Code\pid.c                         0x00000000   Number         0  pid.o ABSOLUTE
    ..\My_Code\servo.c                       0x00000000   Number         0  servo.o ABSOLUTE
    ..\Src\gpio.c                            0x00000000   Number         0  gpio.o ABSOLUTE
    ..\Src\main.c                            0x00000000   Number         0  main.o ABSOLUTE
    ..\Src\stm32f1xx_hal_msp.c               0x00000000   Number         0  stm32f1xx_hal_msp.o ABSOLUTE
    ..\Src\stm32f1xx_it.c                    0x00000000   Number         0  stm32f1xx_it.o ABSOLUTE
    ..\Src\system_stm32f1xx.c                0x00000000   Number         0  system_stm32f1xx.o ABSOLUTE
    ..\Src\tim.c                             0x00000000   Number         0  tim.o ABSOLUTE
    ..\Src\usart.c                           0x00000000   Number         0  usart.o ABSOLUTE
    ..\\My_Code\\debug.c                     0x00000000   Number         0  debug.o ABSOLUTE
    ..\\My_Code\\eeprom.c                    0x00000000   Number         0  eeprom.o ABSOLUTE
    ..\\My_Code\\esp01s.c                    0x00000000   Number         0  esp01s.o ABSOLUTE
    ..\\My_Code\\key.c                       0x00000000   Number         0  key.o ABSOLUTE
    ..\\My_Code\\lcd.c                       0x00000000   Number         0  lcd.o ABSOLUTE
    ..\\My_Code\\menu.c                      0x00000000   Number         0  menu.o ABSOLUTE
    ..\\My_Code\\motor.c                     0x00000000   Number         0  motor.o ABSOLUTE
    ..\\My_Code\\pid.c                       0x00000000   Number         0  pid.o ABSOLUTE
    ..\\My_Code\\servo.c                     0x00000000   Number         0  servo.o ABSOLUTE
    cdrcmple.s                               0x00000000   Number         0  cdrcmple.o ABSOLUTE
    dc.s                                     0x00000000   Number         0  dc.o ABSOLUTE
    handlers.s                               0x00000000   Number         0  handlers.o ABSOLUTE
    init.s                                   0x00000000   Number         0  init.o ABSOLUTE
    startup_stm32f103xe.s                    0x00000000   Number         0  startup_stm32f103xe.o ABSOLUTE
    RESET                                    0x08000000   Section      304  startup_stm32f103xe.o(RESET)
    .ARM.Collect$$$$00000000                 0x08000130   Section        0  entry.o(.ARM.Collect$$$$00000000)
    .ARM.Collect$$$$00000001                 0x08000130   Section        4  entry2.o(.ARM.Collect$$$$00000001)
    .ARM.Collect$$$$00000004                 0x08000134   Section        4  entry5.o(.ARM.Collect$$$$00000004)
    .ARM.Collect$$$$00000008                 0x08000138   Section        0  entry7b.o(.ARM.Collect$$$$00000008)
    .ARM.Collect$$$$0000000A                 0x08000138   Section        0  entry8b.o(.ARM.Collect$$$$0000000A)
    .ARM.Collect$$$$0000000B                 0x08000138   Section        8  entry9a.o(.ARM.Collect$$$$0000000B)
    .ARM.Collect$$$$0000000D                 0x08000140   Section        0  entry10a.o(.ARM.Collect$$$$0000000D)
    .ARM.Collect$$$$0000000F                 0x08000140   Section        0  entry11a.o(.ARM.Collect$$$$0000000F)
    .ARM.Collect$$$$00002712                 0x08000140   Section        4  entry2.o(.ARM.Collect$$$$00002712)
    __lit__00000000                          0x08000140   Data           4  entry2.o(.ARM.Collect$$$$00002712)
    .text                                    0x08000144   Section       36  startup_stm32f103xe.o(.text)
    .text                                    0x08000168   Section        0  llushr.o(.text)
    .text                                    0x08000188   Section        0  memseta.o(.text)
    .text                                    0x080001ac   Section        0  strcat.o(.text)
    .text                                    0x080001c4   Section        0  strstr.o(.text)
    .text                                    0x080001e8   Section        0  strlen.o(.text)
    .text                                    0x080001f6   Section        0  fadd.o(.text)
    .text                                    0x080002a6   Section        0  fmul.o(.text)
    .text                                    0x0800030a   Section        0  fdiv.o(.text)
    .text                                    0x08000386   Section        0  dadd.o(.text)
    .text                                    0x080004d4   Section        0  dscalb.o(.text)
    .text                                    0x08000502   Section        0  ffltui.o(.text)
    .text                                    0x0800050c   Section        0  ffixi.o(.text)
    .text                                    0x0800053e   Section        0  f2d.o(.text)
    .text                                    0x08000564   Section        0  d2f.o(.text)
    .text                                    0x0800059c   Section        0  llshl.o(.text)
    .text                                    0x080005ba   Section        0  llsshr.o(.text)
    .text                                    0x080005de   Section        0  iusefp.o(.text)
    .text                                    0x080005de   Section        0  fepilogue.o(.text)
    .text                                    0x0800064c   Section        0  depilogue.o(.text)
    .text                                    0x08000708   Section       36  init.o(.text)
    .text                                    0x0800072c   Section        0  __dczerorl2.o(.text)
    i.BusFault_Handler                       0x08000782   Section        0  stm32f1xx_it.o(i.BusFault_Handler)
    i.DebugMon_Handler                       0x08000784   Section        0  stm32f1xx_it.o(i.DebugMon_Handler)
    i.ESP01S_Init                            0x08000786   Section        0  esp01s.o(i.ESP01S_Init)
    i.ESP01S_Start                           0x0800078c   Section        0  esp01s.o(i.ESP01S_Start)
    i.ESP8266_SendCmd                        0x08000874   Section        0  esp01s.o(i.ESP8266_SendCmd)
    i.ESP_IRQHandler                         0x080008f4   Section        0  esp01s.o(i.ESP_IRQHandler)
    i.Error_Handler                          0x08000930   Section        0  main.o(i.Error_Handler)
    i.FLASH_Program_HalfWord                 0x08000934   Section        0  stm32f1xx_hal_flash.o(i.FLASH_Program_HalfWord)
    FLASH_Program_HalfWord                   0x08000935   Thumb Code    20  stm32f1xx_hal_flash.o(i.FLASH_Program_HalfWord)
    i.FLASH_SetErrorCode                     0x08000950   Section        0  stm32f1xx_hal_flash.o(i.FLASH_SetErrorCode)
    FLASH_SetErrorCode                       0x08000951   Thumb Code    84  stm32f1xx_hal_flash.o(i.FLASH_SetErrorCode)
    i.FLASH_WaitForLastOperation             0x080009ac   Section        0  stm32f1xx_hal_flash.o(i.FLASH_WaitForLastOperation)
    i.Flash_PageErase                        0x08000a00   Section        0  eeprom.o(i.Flash_PageErase)
    i.Func_Null                              0x08000a24   Section        0  menu.o(i.Func_Null)
    i.HAL_DMA_Abort                          0x08000a26   Section        0  stm32f1xx_hal_dma.o(i.HAL_DMA_Abort)
    i.HAL_DMA_Abort_IT                       0x08000a6c   Section        0  stm32f1xx_hal_dma.o(i.HAL_DMA_Abort_IT)
    i.HAL_Delay                              0x08000b9c   Section        0  stm32f1xx_hal.o(i.HAL_Delay)
    i.HAL_FLASH_Lock                         0x08000bc0   Section        0  stm32f1xx_hal_flash.o(i.HAL_FLASH_Lock)
    i.HAL_FLASH_Program                      0x08000bd4   Section        0  stm32f1xx_hal_flash.o(i.HAL_FLASH_Program)
    i.HAL_FLASH_Unlock                       0x08000c54   Section        0  stm32f1xx_hal_flash.o(i.HAL_FLASH_Unlock)
    i.HAL_GPIO_Init                          0x08000c7c   Section        0  stm32f1xx_hal_gpio.o(i.HAL_GPIO_Init)
    i.HAL_GPIO_ReadPin                       0x08000e74   Section        0  stm32f1xx_hal_gpio.o(i.HAL_GPIO_ReadPin)
    i.HAL_GPIO_WritePin                      0x08000e7e   Section        0  stm32f1xx_hal_gpio.o(i.HAL_GPIO_WritePin)
    i.HAL_GetTick                            0x08000e88   Section        0  stm32f1xx_hal.o(i.HAL_GetTick)
    i.HAL_IncTick                            0x08000e94   Section        0  stm32f1xx_hal.o(i.HAL_IncTick)
    i.HAL_Init                               0x08000ea4   Section        0  stm32f1xx_hal.o(i.HAL_Init)
    i.HAL_InitTick                           0x08000ec8   Section        0  stm32f1xx_hal.o(i.HAL_InitTick)
    i.HAL_MspInit                            0x08000f08   Section        0  stm32f1xx_hal_msp.o(i.HAL_MspInit)
    i.HAL_NVIC_EnableIRQ                     0x08000f44   Section        0  stm32f1xx_hal_cortex.o(i.HAL_NVIC_EnableIRQ)
    i.HAL_NVIC_SetPriority                   0x08000f60   Section        0  stm32f1xx_hal_cortex.o(i.HAL_NVIC_SetPriority)
    i.HAL_NVIC_SetPriorityGrouping           0x08000fa0   Section        0  stm32f1xx_hal_cortex.o(i.HAL_NVIC_SetPriorityGrouping)
    i.HAL_RCC_ClockConfig                    0x08000fc4   Section        0  stm32f1xx_hal_rcc.o(i.HAL_RCC_ClockConfig)
    i.HAL_RCC_GetPCLK1Freq                   0x080010f0   Section        0  stm32f1xx_hal_rcc.o(i.HAL_RCC_GetPCLK1Freq)
    i.HAL_RCC_GetPCLK2Freq                   0x08001110   Section        0  stm32f1xx_hal_rcc.o(i.HAL_RCC_GetPCLK2Freq)
    i.HAL_RCC_GetSysClockFreq                0x08001130   Section        0  stm32f1xx_hal_rcc.o(i.HAL_RCC_GetSysClockFreq)
    i.HAL_RCC_OscConfig                      0x0800117c   Section        0  stm32f1xx_hal_rcc.o(i.HAL_RCC_OscConfig)
    i.HAL_SYSTICK_Config                     0x0800149c   Section        0  stm32f1xx_hal_cortex.o(i.HAL_SYSTICK_Config)
    i.HAL_TIMEx_BreakCallback                0x080014c4   Section        0  stm32f1xx_hal_tim_ex.o(i.HAL_TIMEx_BreakCallback)
    i.HAL_TIMEx_CommutCallback               0x080014c6   Section        0  stm32f1xx_hal_tim_ex.o(i.HAL_TIMEx_CommutCallback)
    i.HAL_TIMEx_MasterConfigSynchronization  0x080014c8   Section        0  stm32f1xx_hal_tim_ex.o(i.HAL_TIMEx_MasterConfigSynchronization)
    i.HAL_TIM_Base_Init                      0x08001544   Section        0  stm32f1xx_hal_tim.o(i.HAL_TIM_Base_Init)
    i.HAL_TIM_Base_MspInit                   0x080015a0   Section        0  tim.o(i.HAL_TIM_Base_MspInit)
    i.HAL_TIM_Base_Start_IT                  0x08001600   Section        0  stm32f1xx_hal_tim.o(i.HAL_TIM_Base_Start_IT)
    i.HAL_TIM_ConfigClockSource              0x0800166c   Section        0  stm32f1xx_hal_tim.o(i.HAL_TIM_ConfigClockSource)
    i.HAL_TIM_IC_CaptureCallback             0x08001748   Section        0  stm32f1xx_hal_tim.o(i.HAL_TIM_IC_CaptureCallback)
    i.HAL_TIM_IRQHandler                     0x0800174a   Section        0  stm32f1xx_hal_tim.o(i.HAL_TIM_IRQHandler)
    i.HAL_TIM_MspPostInit                    0x080018b0   Section        0  tim.o(i.HAL_TIM_MspPostInit)
    i.HAL_TIM_OC_DelayElapsedCallback        0x08001974   Section        0  stm32f1xx_hal_tim.o(i.HAL_TIM_OC_DelayElapsedCallback)
    i.HAL_TIM_PWM_ConfigChannel              0x08001976   Section        0  stm32f1xx_hal_tim.o(i.HAL_TIM_PWM_ConfigChannel)
    i.HAL_TIM_PWM_Init                       0x08001a42   Section        0  stm32f1xx_hal_tim.o(i.HAL_TIM_PWM_Init)
    i.HAL_TIM_PWM_MspInit                    0x08001a9c   Section        0  stm32f1xx_hal_tim.o(i.HAL_TIM_PWM_MspInit)
    i.HAL_TIM_PWM_PulseFinishedCallback      0x08001a9e   Section        0  stm32f1xx_hal_tim.o(i.HAL_TIM_PWM_PulseFinishedCallback)
    i.HAL_TIM_PWM_Start                      0x08001aa0   Section        0  stm32f1xx_hal_tim.o(i.HAL_TIM_PWM_Start)
    i.HAL_TIM_PeriodElapsedCallback          0x08001b54   Section        0  main.o(i.HAL_TIM_PeriodElapsedCallback)
    i.HAL_TIM_TriggerCallback                0x08001c68   Section        0  stm32f1xx_hal_tim.o(i.HAL_TIM_TriggerCallback)
    i.HAL_UARTEx_RxEventCallback             0x08001c6a   Section        0  stm32f1xx_hal_uart.o(i.HAL_UARTEx_RxEventCallback)
    i.HAL_UART_ErrorCallback                 0x08001c6c   Section        0  stm32f1xx_hal_uart.o(i.HAL_UART_ErrorCallback)
    i.HAL_UART_IRQHandler                    0x08001c70   Section        0  stm32f1xx_hal_uart.o(i.HAL_UART_IRQHandler)
    i.HAL_UART_Init                          0x08001edc   Section        0  stm32f1xx_hal_uart.o(i.HAL_UART_Init)
    i.HAL_UART_MspInit                       0x08001f40   Section        0  usart.o(i.HAL_UART_MspInit)
    i.HAL_UART_Receive_IT                    0x08002018   Section        0  stm32f1xx_hal_uart.o(i.HAL_UART_Receive_IT)
    i.HAL_UART_RxCpltCallback                0x08002034   Section        0  main.o(i.HAL_UART_RxCpltCallback)
    i.HAL_UART_Transmit                      0x080020d8   Section        0  stm32f1xx_hal_uart.o(i.HAL_UART_Transmit)
    i.HAL_UART_TxCpltCallback                0x08002172   Section        0  stm32f1xx_hal_uart.o(i.HAL_UART_TxCpltCallback)
    i.HardFault_Handler                      0x08002174   Section        0  stm32f1xx_it.o(i.HardFault_Handler)
    i.KeySan                                 0x08002178   Section        0  menu.o(i.KeySan)
    i.LCD_Address_Set                        0x08002198   Section        0  lcd.o(i.LCD_Address_Set)
    i.LCD_DrawPoint                          0x080021da   Section        0  lcd.o(i.LCD_DrawPoint)
    i.LCD_Fill                               0x080021f0   Section        0  lcd.o(i.LCD_Fill)
    i.LCD_Init                               0x08002230   Section        0  lcd.o(i.LCD_Init)
    i.LCD_ShowChar                           0x08002430   Section        0  lcd.o(i.LCD_ShowChar)
    i.LCD_ShowIntNum                         0x080024f0   Section        0  lcd.o(i.LCD_ShowIntNum)
    i.LCD_ShowString                         0x0800256e   Section        0  lcd.o(i.LCD_ShowString)
    i.LCD_WR_DATA                            0x080025a8   Section        0  lcd.o(i.LCD_WR_DATA)
    i.LCD_WR_REG                             0x080025bc   Section        0  lcd.o(i.LCD_WR_REG)
    i.LCD_Writ_Bus                           0x080025e4   Section        0  lcd.o(i.LCD_Writ_Bus)
    i.MOTOR                                  0x08002640   Section        0  menu.o(i.MOTOR)
    i.MX_GPIO_Init                           0x080026ac   Section        0  gpio.o(i.MX_GPIO_Init)
    i.MX_TIM2_Init                           0x08002754   Section        0  tim.o(i.MX_TIM2_Init)
    i.MX_TIM3_Init                           0x080027fc   Section        0  tim.o(i.MX_TIM3_Init)
    i.MX_USART1_UART_Init                    0x080028bc   Section        0  usart.o(i.MX_USART1_UART_Init)
    i.MX_USART2_UART_Init                    0x080028f4   Section        0  usart.o(i.MX_USART2_UART_Init)
    i.MainMenu_Set                           0x0800292c   Section        0  menu.o(i.MainMenu_Set)
    i.MemManage_Handler                      0x08002980   Section        0  stm32f1xx_it.o(i.MemManage_Handler)
    i.Menu_Display                           0x08002982   Section        0  menu.o(i.Menu_Display)
    i.Menu_Move                              0x08002a4e   Section        0  menu.o(i.Menu_Move)
    i.Menu_PrmtInit                          0x08002ac6   Section        0  menu.o(i.Menu_PrmtInit)
    i.Menu_Process                           0x08002ad8   Section        0  menu.o(i.Menu_Process)
    i.NMI_Handler                            0x08002c34   Section        0  stm32f1xx_it.o(i.NMI_Handler)
    i.PID_Cal_Init                           0x08002c36   Section        0  pid.o(i.PID_Cal_Init)
    i.PID_Location2                          0x08002c48   Section        0  servo.o(i.PID_Location2)
    i.PendSV_Handler                         0x08002ce8   Section        0  stm32f1xx_it.o(i.PendSV_Handler)
    i.RECIEVE                                0x08002cec   Section        0  menu.o(i.RECIEVE)
    i.Read_EEPROM                            0x08002d88   Section        0  menu.o(i.Read_EEPROM)
    i.SERVO_CIRCLE                           0x08002dac   Section        0  menu.o(i.SERVO_CIRCLE)
    i.SERVO_RUN                              0x08002db8   Section        0  menu.o(i.SERVO_RUN)
    i.SERVO_UP                               0x08002dc4   Section        0  menu.o(i.SERVO_UP)
    i.STMFLASH_Read_Word                     0x08002dd0   Section        0  eeprom.o(i.STMFLASH_Read_Word)
    i.STMFLASH_Write_NoCheck_Word            0x08002de8   Section        0  eeprom.o(i.STMFLASH_Write_NoCheck_Word)
    i.STMFLASH_Write_Word                    0x08002e14   Section        0  eeprom.o(i.STMFLASH_Write_Word)
    i.SVC_Handler                            0x08002ef4   Section        0  stm32f1xx_it.o(i.SVC_Handler)
    i.SubNameCat                             0x08002ef8   Section        0  menu.o(i.SubNameCat)
    i.SysTick_Handler                        0x08002fa8   Section        0  stm32f1xx_it.o(i.SysTick_Handler)
    i.SystemClock_Config                     0x08002fac   Section        0  main.o(i.SystemClock_Config)
    i.SystemInit                             0x0800300a   Section        0  system_stm32f1xx.o(i.SystemInit)
    i.TIM2_IRQHandler                        0x0800300c   Section        0  stm32f1xx_it.o(i.TIM2_IRQHandler)
    i.TIM3_IRQHandler                        0x08003018   Section        0  stm32f1xx_it.o(i.TIM3_IRQHandler)
    i.TIM_Base_SetConfig                     0x08003024   Section        0  stm32f1xx_hal_tim.o(i.TIM_Base_SetConfig)
    i.TIM_CCxChannelCmd                      0x080030b0   Section        0  stm32f1xx_hal_tim.o(i.TIM_CCxChannelCmd)
    i.TIM_ETR_SetConfig                      0x080030ca   Section        0  stm32f1xx_hal_tim.o(i.TIM_ETR_SetConfig)
    i.TIM_ITRx_SetConfig                     0x080030de   Section        0  stm32f1xx_hal_tim.o(i.TIM_ITRx_SetConfig)
    TIM_ITRx_SetConfig                       0x080030df   Thumb Code    16  stm32f1xx_hal_tim.o(i.TIM_ITRx_SetConfig)
    i.TIM_OC1_SetConfig                      0x080030f0   Section        0  stm32f1xx_hal_tim.o(i.TIM_OC1_SetConfig)
    TIM_OC1_SetConfig                        0x080030f1   Thumb Code    88  stm32f1xx_hal_tim.o(i.TIM_OC1_SetConfig)
    i.TIM_OC2_SetConfig                      0x08003150   Section        0  stm32f1xx_hal_tim.o(i.TIM_OC2_SetConfig)
    i.TIM_OC3_SetConfig                      0x080031bc   Section        0  stm32f1xx_hal_tim.o(i.TIM_OC3_SetConfig)
    TIM_OC3_SetConfig                        0x080031bd   Thumb Code    96  stm32f1xx_hal_tim.o(i.TIM_OC3_SetConfig)
    i.TIM_OC4_SetConfig                      0x08003224   Section        0  stm32f1xx_hal_tim.o(i.TIM_OC4_SetConfig)
    TIM_OC4_SetConfig                        0x08003225   Thumb Code    70  stm32f1xx_hal_tim.o(i.TIM_OC4_SetConfig)
    i.TIM_TI1_ConfigInputStage               0x08003274   Section        0  stm32f1xx_hal_tim.o(i.TIM_TI1_ConfigInputStage)
    TIM_TI1_ConfigInputStage                 0x08003275   Thumb Code    34  stm32f1xx_hal_tim.o(i.TIM_TI1_ConfigInputStage)
    i.TIM_TI2_ConfigInputStage               0x08003296   Section        0  stm32f1xx_hal_tim.o(i.TIM_TI2_ConfigInputStage)
    TIM_TI2_ConfigInputStage                 0x08003297   Thumb Code    36  stm32f1xx_hal_tim.o(i.TIM_TI2_ConfigInputStage)
    i.Trail_Rxed                             0x080032bc   Section        0  esp01s.o(i.Trail_Rxed)
    i.UART_DMAAbortOnError                   0x080032e0   Section        0  stm32f1xx_hal_uart.o(i.UART_DMAAbortOnError)
    UART_DMAAbortOnError                     0x080032e1   Thumb Code    16  stm32f1xx_hal_uart.o(i.UART_DMAAbortOnError)
    i.UART_EndRxTransfer                     0x080032f0   Section        0  stm32f1xx_hal_uart.o(i.UART_EndRxTransfer)
    UART_EndRxTransfer                       0x080032f1   Thumb Code    78  stm32f1xx_hal_uart.o(i.UART_EndRxTransfer)
    i.UART_Receive_IT                        0x0800333e   Section        0  stm32f1xx_hal_uart.o(i.UART_Receive_IT)
    UART_Receive_IT                          0x0800333f   Thumb Code   194  stm32f1xx_hal_uart.o(i.UART_Receive_IT)
    i.UART_SetConfig                         0x08003400   Section        0  stm32f1xx_hal_uart.o(i.UART_SetConfig)
    UART_SetConfig                           0x08003401   Thumb Code   178  stm32f1xx_hal_uart.o(i.UART_SetConfig)
    i.UART_Start_Receive_IT                  0x080034b8   Section        0  stm32f1xx_hal_uart.o(i.UART_Start_Receive_IT)
    i.UART_WaitOnFlagUntilTimeout            0x080034ee   Section        0  stm32f1xx_hal_uart.o(i.UART_WaitOnFlagUntilTimeout)
    UART_WaitOnFlagUntilTimeout              0x080034ef   Thumb Code   120  stm32f1xx_hal_uart.o(i.UART_WaitOnFlagUntilTimeout)
    i.USART1_IRQHandler                      0x08003568   Section        0  stm32f1xx_it.o(i.USART1_IRQHandler)
    i.USART2_IRQHandler                      0x08003574   Section        0  stm32f1xx_it.o(i.USART2_IRQHandler)
    i.UsageFault_Handler                     0x08003580   Section        0  stm32f1xx_it.o(i.UsageFault_Handler)
    i.Usart_SendString                       0x08003582   Section        0  esp01s.o(i.Usart_SendString)
    i.Write_EEPROM                           0x080035a0   Section        0  menu.o(i.Write_EEPROM)
    i.__NVIC_SetPriority                     0x080035cc   Section        0  stm32f1xx_hal_cortex.o(i.__NVIC_SetPriority)
    __NVIC_SetPriority                       0x080035cd   Thumb Code    32  stm32f1xx_hal_cortex.o(i.__NVIC_SetPriority)
    i.__scatterload_copy                     0x080035ec   Section       14  handlers.o(i.__scatterload_copy)
    i.__scatterload_null                     0x080035fa   Section        2  handlers.o(i.__scatterload_null)
    i.__scatterload_zeroinit                 0x080035fc   Section       14  handlers.o(i.__scatterload_zeroinit)
    i.add_key_msg                            0x0800360c   Section        0  key.o(i.add_key_msg)
    i.adjustParam                            0x08003650   Section        0  menu.o(i.adjustParam)
    i.flash_buffer_clear                     0x08003780   Section        0  menu.o(i.flash_buffer_clear)
    i.key_IRQHandler                         0x08003790   Section        0  key.o(i.key_IRQHandler)
    i.key_get                                0x08003828   Section        0  key.o(i.key_get)
    i.main                                   0x08003848   Section        0  main.o(i.main)
    i.motor_init                             0x080038d0   Section        0  motor.o(i.motor_init)
    i.mypow                                  0x080038f4   Section        0  lcd.o(i.mypow)
    i.pidTurn_getDutyX                       0x08003904   Section        0  servo.o(i.pidTurn_getDutyX)
    i.pidTurn_getDutyY                       0x08003940   Section        0  servo.o(i.pidTurn_getDutyY)
    i.pidTurn_init                           0x0800397c   Section        0  servo.o(i.pidTurn_init)
    i.set_motor_pwm                          0x080039a0   Section        0  motor.o(i.set_motor_pwm)
    i.set_servo_pwm                          0x080039cc   Section        0  servo.o(i.set_servo_pwm)
    .constdata                               0x08003a24   Section       18  stm32f1xx_hal_rcc.o(.constdata)
    aPredivFactorTable                       0x08003a24   Data           2  stm32f1xx_hal_rcc.o(.constdata)
    aPLLMULFactorTable                       0x08003a26   Data          16  stm32f1xx_hal_rcc.o(.constdata)
    .constdata                               0x08003a36   Section       16  system_stm32f1xx.o(.constdata)
    .constdata                               0x08003a46   Section        8  system_stm32f1xx.o(.constdata)
    .constdata                               0x08003a4e   Section     7600  lcd.o(.constdata)
    .conststring                             0x08005800   Section       18  menu.o(.conststring)
    .conststring                             0x08005814   Section       41  menu.o(.conststring)
    .conststring                             0x08005840   Section       49  menu.o(.conststring)
    .conststring                             0x08005874   Section       70  menu.o(.conststring)
    .conststring                             0x080058bc   Section      306  esp01s.o(.conststring)
    .data                                    0x20000000   Section       22  main.o(.data)
    RxCounter1                               0x20000000   Data           1  main.o(.data)
    RxState                                  0x20000001   Data           1  main.o(.data)
    RxBuffer1                                0x20000010   Data           6  main.o(.data)
    .data                                    0x20000018   Section       12  stm32f1xx_hal.o(.data)
    .data                                    0x20000024   Section        4  system_stm32f1xx.o(.data)
    .data                                    0x20000028   Section       42  key.o(.data)
    keytime                                  0x2000002d   Data           5  key.o(.data)
    .data                                    0x20000054   Section       48  menu.o(.data)
    .data                                    0x20000084   Section        4  menu.o(.data)
    .data                                    0x20000088   Section        4  menu.o(.data)
    .data                                    0x2000008c   Section        4  menu.o(.data)
    .data                                    0x20000090   Section        4  menu.o(.data)
    .data                                    0x20000094   Section        4  menu.o(.data)
    .data                                    0x20000098   Section       80  menu.o(.data)
    .data                                    0x200000e8   Section       48  menu.o(.data)
    .data                                    0x20000118   Section       64  menu.o(.data)
    .data                                    0x20000158   Section        8  servo.o(.data)
    .data                                    0x20000160   Section        4  servo.o(.data)
    .data                                    0x20000164   Section        4  servo.o(.data)
    .data                                    0x20000168   Section        4  servo.o(.data)
    .data                                    0x2000016c   Section        8  esp01s.o(.data)
    .bss                                     0x20000174   Section      144  tim.o(.bss)
    .bss                                     0x20000204   Section      144  usart.o(.bss)
    .bss                                     0x20000298   Section       32  stm32f1xx_hal_flash.o(.bss)
    .bss                                     0x200002b8   Section       40  key.o(.bss)
    .bss                                     0x200002e0   Section     2048  menu.o(.bss)
    .bss                                     0x20000ae0   Section       88  servo.o(.bss)
    .bss                                     0x20000b38   Section     4128  eeprom.o(.bss)
    .bss                                     0x20001b58   Section      512  esp01s.o(.bss)
    STACK                                    0x20001d58   Section     1024  startup_stm32f103xe.o(STACK)

    Global Symbols

    Symbol Name                              Value     Ov Type        Size  Object(Section)

    BuildAttributes$$THM_ISAv4$P$D$K$B$S$PE$A:L22UL41UL21$X:L11$S22US41US21$IEEE1$IW$USESV6$~STKCKD$USESV7$~SHL$OTIME$ROPI$EBA8$MICROLIB$REQ8$PRES8$EABIv2 0x00000000   Number         0  anon$$obj.o ABSOLUTE
    __ARM_use_no_argv                        0x00000000   Number         0  main.o ABSOLUTE
    _printf_a                                0x00000000   Number         0  stubs.o ABSOLUTE
    _printf_c                                0x00000000   Number         0  stubs.o ABSOLUTE
    _printf_charcount                        0x00000000   Number         0  stubs.o ABSOLUTE
    _printf_d                                0x00000000   Number         0  stubs.o ABSOLUTE
    _printf_e                                0x00000000   Number         0  stubs.o ABSOLUTE
    _printf_f                                0x00000000   Number         0  stubs.o ABSOLUTE
    _printf_flags                            0x00000000   Number         0  stubs.o ABSOLUTE
    _printf_fp_dec                           0x00000000   Number         0  stubs.o ABSOLUTE
    _printf_fp_hex                           0x00000000   Number         0  stubs.o ABSOLUTE
    _printf_g                                0x00000000   Number         0  stubs.o ABSOLUTE
    _printf_i                                0x00000000   Number         0  stubs.o ABSOLUTE
    _printf_int_dec                          0x00000000   Number         0  stubs.o ABSOLUTE
    _printf_l                                0x00000000   Number         0  stubs.o ABSOLUTE
    _printf_lc                               0x00000000   Number         0  stubs.o ABSOLUTE
    _printf_ll                               0x00000000   Number         0  stubs.o ABSOLUTE
    _printf_lld                              0x00000000   Number         0  stubs.o ABSOLUTE
    _printf_lli                              0x00000000   Number         0  stubs.o ABSOLUTE
    _printf_llo                              0x00000000   Number         0  stubs.o ABSOLUTE
    _printf_llu                              0x00000000   Number         0  stubs.o ABSOLUTE
    _printf_llx                              0x00000000   Number         0  stubs.o ABSOLUTE
    _printf_longlong_dec                     0x00000000   Number         0  stubs.o ABSOLUTE
    _printf_longlong_hex                     0x00000000   Number         0  stubs.o ABSOLUTE
    _printf_longlong_oct                     0x00000000   Number         0  stubs.o ABSOLUTE
    _printf_ls                               0x00000000   Number         0  stubs.o ABSOLUTE
    _printf_mbtowc                           0x00000000   Number         0  stubs.o ABSOLUTE
    _printf_n                                0x00000000   Number         0  stubs.o ABSOLUTE
    _printf_o                                0x00000000   Number         0  stubs.o ABSOLUTE
    _printf_p                                0x00000000   Number         0  stubs.o ABSOLUTE
    _printf_percent                          0x00000000   Number         0  stubs.o ABSOLUTE
    _printf_pre_padding                      0x00000000   Number         0  stubs.o ABSOLUTE
    _printf_return_value                     0x00000000   Number         0  stubs.o ABSOLUTE
    _printf_s                                0x00000000   Number         0  stubs.o ABSOLUTE
    _printf_sizespec                         0x00000000   Number         0  stubs.o ABSOLUTE
    _printf_str                              0x00000000   Number         0  stubs.o ABSOLUTE
    _printf_truncate_signed                  0x00000000   Number         0  stubs.o ABSOLUTE
    _printf_truncate_unsigned                0x00000000   Number         0  stubs.o ABSOLUTE
    _printf_u                                0x00000000   Number         0  stubs.o ABSOLUTE
    _printf_wc                               0x00000000   Number         0  stubs.o ABSOLUTE
    _printf_wctomb                           0x00000000   Number         0  stubs.o ABSOLUTE
    _printf_widthprec                        0x00000000   Number         0  stubs.o ABSOLUTE
    _printf_x                                0x00000000   Number         0  stubs.o ABSOLUTE
    __cpp_initialize__aeabi_                  - Undefined Weak Reference
    __cxa_finalize                            - Undefined Weak Reference
    _clock_init                               - Undefined Weak Reference
    _microlib_exit                            - Undefined Weak Reference
    __Vectors_Size                           0x00000130   Number         0  startup_stm32f103xe.o ABSOLUTE
    __Vectors                                0x08000000   Data           4  startup_stm32f103xe.o(RESET)
    __Vectors_End                            0x08000130   Data           0  startup_stm32f103xe.o(RESET)
    __main                                   0x08000131   Thumb Code     0  entry.o(.ARM.Collect$$$$00000000)
    _main_stk                                0x08000131   Thumb Code     0  entry2.o(.ARM.Collect$$$$00000001)
    _main_scatterload                        0x08000135   Thumb Code     0  entry5.o(.ARM.Collect$$$$00000004)
    __main_after_scatterload                 0x08000139   Thumb Code     0  entry5.o(.ARM.Collect$$$$00000004)
    _main_clock                              0x08000139   Thumb Code     0  entry7b.o(.ARM.Collect$$$$00000008)
    _main_cpp_init                           0x08000139   Thumb Code     0  entry8b.o(.ARM.Collect$$$$0000000A)
    _main_init                               0x08000139   Thumb Code     0  entry9a.o(.ARM.Collect$$$$0000000B)
    __rt_final_cpp                           0x08000141   Thumb Code     0  entry10a.o(.ARM.Collect$$$$0000000D)
    __rt_final_exit                          0x08000141   Thumb Code     0  entry11a.o(.ARM.Collect$$$$0000000F)
    Reset_Handler                            0x08000145   Thumb Code     8  startup_stm32f103xe.o(.text)
    ADC1_2_IRQHandler                        0x0800015f   Thumb Code     0  startup_stm32f103xe.o(.text)
    ADC3_IRQHandler                          0x0800015f   Thumb Code     0  startup_stm32f103xe.o(.text)
    CAN1_RX1_IRQHandler                      0x0800015f   Thumb Code     0  startup_stm32f103xe.o(.text)
    CAN1_SCE_IRQHandler                      0x0800015f   Thumb Code     0  startup_stm32f103xe.o(.text)
    DMA1_Channel1_IRQHandler                 0x0800015f   Thumb Code     0  startup_stm32f103xe.o(.text)
    DMA1_Channel2_IRQHandler                 0x0800015f   Thumb Code     0  startup_stm32f103xe.o(.text)
    DMA1_Channel3_IRQHandler                 0x0800015f   Thumb Code     0  startup_stm32f103xe.o(.text)
    DMA1_Channel4_IRQHandler                 0x0800015f   Thumb Code     0  startup_stm32f103xe.o(.text)
    DMA1_Channel5_IRQHandler                 0x0800015f   Thumb Code     0  startup_stm32f103xe.o(.text)
    DMA1_Channel6_IRQHandler                 0x0800015f   Thumb Code     0  startup_stm32f103xe.o(.text)
    DMA1_Channel7_IRQHandler                 0x0800015f   Thumb Code     0  startup_stm32f103xe.o(.text)
    DMA2_Channel1_IRQHandler                 0x0800015f   Thumb Code     0  startup_stm32f103xe.o(.text)
    DMA2_Channel2_IRQHandler                 0x0800015f   Thumb Code     0  startup_stm32f103xe.o(.text)
    DMA2_Channel3_IRQHandler                 0x0800015f   Thumb Code     0  startup_stm32f103xe.o(.text)
    DMA2_Channel4_5_IRQHandler               0x0800015f   Thumb Code     0  startup_stm32f103xe.o(.text)
    EXTI0_IRQHandler                         0x0800015f   Thumb Code     0  startup_stm32f103xe.o(.text)
    EXTI15_10_IRQHandler                     0x0800015f   Thumb Code     0  startup_stm32f103xe.o(.text)
    EXTI1_IRQHandler                         0x0800015f   Thumb Code     0  startup_stm32f103xe.o(.text)
    EXTI2_IRQHandler                         0x0800015f   Thumb Code     0  startup_stm32f103xe.o(.text)
    EXTI3_IRQHandler                         0x0800015f   Thumb Code     0  startup_stm32f103xe.o(.text)
    EXTI4_IRQHandler                         0x0800015f   Thumb Code     0  startup_stm32f103xe.o(.text)
    EXTI9_5_IRQHandler                       0x0800015f   Thumb Code     0  startup_stm32f103xe.o(.text)
    FLASH_IRQHandler                         0x0800015f   Thumb Code     0  startup_stm32f103xe.o(.text)
    FSMC_IRQHandler                          0x0800015f   Thumb Code     0  startup_stm32f103xe.o(.text)
    I2C1_ER_IRQHandler                       0x0800015f   Thumb Code     0  startup_stm32f103xe.o(.text)
    I2C1_EV_IRQHandler                       0x0800015f   Thumb Code     0  startup_stm32f103xe.o(.text)
    I2C2_ER_IRQHandler                       0x0800015f   Thumb Code     0  startup_stm32f103xe.o(.text)
    I2C2_EV_IRQHandler                       0x0800015f   Thumb Code     0  startup_stm32f103xe.o(.text)
    PVD_IRQHandler                           0x0800015f   Thumb Code     0  startup_stm32f103xe.o(.text)
    RCC_IRQHandler                           0x0800015f   Thumb Code     0  startup_stm32f103xe.o(.text)
    RTC_Alarm_IRQHandler                     0x0800015f   Thumb Code     0  startup_stm32f103xe.o(.text)
    RTC_IRQHandler                           0x0800015f   Thumb Code     0  startup_stm32f103xe.o(.text)
    SDIO_IRQHandler                          0x0800015f   Thumb Code     0  startup_stm32f103xe.o(.text)
    SPI1_IRQHandler                          0x0800015f   Thumb Code     0  startup_stm32f103xe.o(.text)
    SPI2_IRQHandler                          0x0800015f   Thumb Code     0  startup_stm32f103xe.o(.text)
    SPI3_IRQHandler                          0x0800015f   Thumb Code     0  startup_stm32f103xe.o(.text)
    TAMPER_IRQHandler                        0x0800015f   Thumb Code     0  startup_stm32f103xe.o(.text)
    TIM1_BRK_IRQHandler                      0x0800015f   Thumb Code     0  startup_stm32f103xe.o(.text)
    TIM1_CC_IRQHandler                       0x0800015f   Thumb Code     0  startup_stm32f103xe.o(.text)
    TIM1_TRG_COM_IRQHandler                  0x0800015f   Thumb Code     0  startup_stm32f103xe.o(.text)
    TIM1_UP_IRQHandler                       0x0800015f   Thumb Code     0  startup_stm32f103xe.o(.text)
    TIM4_IRQHandler                          0x0800015f   Thumb Code     0  startup_stm32f103xe.o(.text)
    TIM5_IRQHandler                          0x0800015f   Thumb Code     0  startup_stm32f103xe.o(.text)
    TIM6_IRQHandler                          0x0800015f   Thumb Code     0  startup_stm32f103xe.o(.text)
    TIM7_IRQHandler                          0x0800015f   Thumb Code     0  startup_stm32f103xe.o(.text)
    TIM8_BRK_IRQHandler                      0x0800015f   Thumb Code     0  startup_stm32f103xe.o(.text)
    TIM8_CC_IRQHandler                       0x0800015f   Thumb Code     0  startup_stm32f103xe.o(.text)
    TIM8_TRG_COM_IRQHandler                  0x0800015f   Thumb Code     0  startup_stm32f103xe.o(.text)
    TIM8_UP_IRQHandler                       0x0800015f   Thumb Code     0  startup_stm32f103xe.o(.text)
    UART4_IRQHandler                         0x0800015f   Thumb Code     0  startup_stm32f103xe.o(.text)
    UART5_IRQHandler                         0x0800015f   Thumb Code     0  startup_stm32f103xe.o(.text)
    USART3_IRQHandler                        0x0800015f   Thumb Code     0  startup_stm32f103xe.o(.text)
    USBWakeUp_IRQHandler                     0x0800015f   Thumb Code     0  startup_stm32f103xe.o(.text)
    USB_HP_CAN1_TX_IRQHandler                0x0800015f   Thumb Code     0  startup_stm32f103xe.o(.text)
    USB_LP_CAN1_RX0_IRQHandler               0x0800015f   Thumb Code     0  startup_stm32f103xe.o(.text)
    WWDG_IRQHandler                          0x0800015f   Thumb Code     0  startup_stm32f103xe.o(.text)
    __aeabi_llsr                             0x08000169   Thumb Code    32  llushr.o(.text)
    _ll_ushift_r                             0x08000169   Thumb Code     0  llushr.o(.text)
    __aeabi_memset                           0x08000189   Thumb Code    14  memseta.o(.text)
    __aeabi_memset4                          0x08000189   Thumb Code     0  memseta.o(.text)
    __aeabi_memset8                          0x08000189   Thumb Code     0  memseta.o(.text)
    __aeabi_memclr                           0x08000197   Thumb Code     4  memseta.o(.text)
    __aeabi_memclr4                          0x08000197   Thumb Code     0  memseta.o(.text)
    __aeabi_memclr8                          0x08000197   Thumb Code     0  memseta.o(.text)
    _memset$wrapper                          0x0800019b   Thumb Code    18  memseta.o(.text)
    strcat                                   0x080001ad   Thumb Code    24  strcat.o(.text)
    strstr                                   0x080001c5   Thumb Code    36  strstr.o(.text)
    strlen                                   0x080001e9   Thumb Code    14  strlen.o(.text)
    __aeabi_fadd                             0x080001f7   Thumb Code   164  fadd.o(.text)
    __aeabi_fsub                             0x0800029b   Thumb Code     6  fadd.o(.text)
    __aeabi_frsub                            0x080002a1   Thumb Code     6  fadd.o(.text)
    __aeabi_fmul                             0x080002a7   Thumb Code   100  fmul.o(.text)
    __aeabi_fdiv                             0x0800030b   Thumb Code   124  fdiv.o(.text)
    __aeabi_dadd                             0x08000387   Thumb Code   322  dadd.o(.text)
    __aeabi_dsub                             0x080004c9   Thumb Code     6  dadd.o(.text)
    __aeabi_drsub                            0x080004cf   Thumb Code     6  dadd.o(.text)
    __ARM_scalbn                             0x080004d5   Thumb Code    46  dscalb.o(.text)
    scalbn                                   0x080004d5   Thumb Code     0  dscalb.o(.text)
    __aeabi_ui2f                             0x08000503   Thumb Code    10  ffltui.o(.text)
    __aeabi_f2iz                             0x0800050d   Thumb Code    50  ffixi.o(.text)
    __aeabi_f2d                              0x0800053f   Thumb Code    38  f2d.o(.text)
    __aeabi_d2f                              0x08000565   Thumb Code    56  d2f.o(.text)
    __aeabi_llsl                             0x0800059d   Thumb Code    30  llshl.o(.text)
    _ll_shift_l                              0x0800059d   Thumb Code     0  llshl.o(.text)
    __aeabi_lasr                             0x080005bb   Thumb Code    36  llsshr.o(.text)
    _ll_sshift_r                             0x080005bb   Thumb Code     0  llsshr.o(.text)
    __I$use$fp                               0x080005df   Thumb Code     0  iusefp.o(.text)
    _float_round                             0x080005df   Thumb Code    18  fepilogue.o(.text)
    _float_epilogue                          0x080005f1   Thumb Code    92  fepilogue.o(.text)
    _double_round                            0x0800064d   Thumb Code    30  depilogue.o(.text)
    _double_epilogue                         0x0800066b   Thumb Code   156  depilogue.o(.text)
    __scatterload                            0x08000709   Thumb Code    28  init.o(.text)
    __scatterload_rt2                        0x08000709   Thumb Code     0  init.o(.text)
    __decompress                             0x0800072d   Thumb Code     0  __dczerorl2.o(.text)
    __decompress1                            0x0800072d   Thumb Code    86  __dczerorl2.o(.text)
    BusFault_Handler                         0x08000783   Thumb Code     2  stm32f1xx_it.o(i.BusFault_Handler)
    DebugMon_Handler                         0x08000785   Thumb Code     2  stm32f1xx_it.o(i.DebugMon_Handler)
    ESP01S_Init                              0x08000787   Thumb Code     4  esp01s.o(i.ESP01S_Init)
    ESP01S_Start                             0x0800078d   Thumb Code   112  esp01s.o(i.ESP01S_Start)
    ESP8266_SendCmd                          0x08000875   Thumb Code   106  esp01s.o(i.ESP8266_SendCmd)
    ESP_IRQHandler                           0x080008f5   Thumb Code    46  esp01s.o(i.ESP_IRQHandler)
    Error_Handler                            0x08000931   Thumb Code     4  main.o(i.Error_Handler)
    FLASH_WaitForLastOperation               0x080009ad   Thumb Code    80  stm32f1xx_hal_flash.o(i.FLASH_WaitForLastOperation)
    Flash_PageErase                          0x08000a01   Thumb Code    28  eeprom.o(i.Flash_PageErase)
    Func_Null                                0x08000a25   Thumb Code     2  menu.o(i.Func_Null)
    HAL_DMA_Abort                            0x08000a27   Thumb Code    70  stm32f1xx_hal_dma.o(i.HAL_DMA_Abort)
    HAL_DMA_Abort_IT                         0x08000a6d   Thumb Code   296  stm32f1xx_hal_dma.o(i.HAL_DMA_Abort_IT)
    HAL_Delay                                0x08000b9d   Thumb Code    32  stm32f1xx_hal.o(i.HAL_Delay)
    HAL_FLASH_Lock                           0x08000bc1   Thumb Code    14  stm32f1xx_hal_flash.o(i.HAL_FLASH_Lock)
    HAL_FLASH_Program                        0x08000bd5   Thumb Code   120  stm32f1xx_hal_flash.o(i.HAL_FLASH_Program)
    HAL_FLASH_Unlock                         0x08000c55   Thumb Code    28  stm32f1xx_hal_flash.o(i.HAL_FLASH_Unlock)
    HAL_GPIO_Init                            0x08000c7d   Thumb Code   462  stm32f1xx_hal_gpio.o(i.HAL_GPIO_Init)
    HAL_GPIO_ReadPin                         0x08000e75   Thumb Code    10  stm32f1xx_hal_gpio.o(i.HAL_GPIO_ReadPin)
    HAL_GPIO_WritePin                        0x08000e7f   Thumb Code    10  stm32f1xx_hal_gpio.o(i.HAL_GPIO_WritePin)
    HAL_GetTick                              0x08000e89   Thumb Code     6  stm32f1xx_hal.o(i.HAL_GetTick)
    HAL_IncTick                              0x08000e95   Thumb Code    12  stm32f1xx_hal.o(i.HAL_IncTick)
    HAL_Init                                 0x08000ea5   Thumb Code    32  stm32f1xx_hal.o(i.HAL_Init)
    HAL_InitTick                             0x08000ec9   Thumb Code    54  stm32f1xx_hal.o(i.HAL_InitTick)
    HAL_MspInit                              0x08000f09   Thumb Code    52  stm32f1xx_hal_msp.o(i.HAL_MspInit)
    HAL_NVIC_EnableIRQ                       0x08000f45   Thumb Code    26  stm32f1xx_hal_cortex.o(i.HAL_NVIC_EnableIRQ)
    HAL_NVIC_SetPriority                     0x08000f61   Thumb Code    60  stm32f1xx_hal_cortex.o(i.HAL_NVIC_SetPriority)
    HAL_NVIC_SetPriorityGrouping             0x08000fa1   Thumb Code    26  stm32f1xx_hal_cortex.o(i.HAL_NVIC_SetPriorityGrouping)
    HAL_RCC_ClockConfig                      0x08000fc5   Thumb Code   280  stm32f1xx_hal_rcc.o(i.HAL_RCC_ClockConfig)
    HAL_RCC_GetPCLK1Freq                     0x080010f1   Thumb Code    20  stm32f1xx_hal_rcc.o(i.HAL_RCC_GetPCLK1Freq)
    HAL_RCC_GetPCLK2Freq                     0x08001111   Thumb Code    20  stm32f1xx_hal_rcc.o(i.HAL_RCC_GetPCLK2Freq)
    HAL_RCC_GetSysClockFreq                  0x08001131   Thumb Code    58  stm32f1xx_hal_rcc.o(i.HAL_RCC_GetSysClockFreq)
    HAL_RCC_OscConfig                        0x0800117d   Thumb Code   778  stm32f1xx_hal_rcc.o(i.HAL_RCC_OscConfig)
    HAL_SYSTICK_Config                       0x0800149d   Thumb Code    40  stm32f1xx_hal_cortex.o(i.HAL_SYSTICK_Config)
    HAL_TIMEx_BreakCallback                  0x080014c5   Thumb Code     2  stm32f1xx_hal_tim_ex.o(i.HAL_TIMEx_BreakCallback)
    HAL_TIMEx_CommutCallback                 0x080014c7   Thumb Code     2  stm32f1xx_hal_tim_ex.o(i.HAL_TIMEx_CommutCallback)
    HAL_TIMEx_MasterConfigSynchronization    0x080014c9   Thumb Code   104  stm32f1xx_hal_tim_ex.o(i.HAL_TIMEx_MasterConfigSynchronization)
    HAL_TIM_Base_Init                        0x08001545   Thumb Code    90  stm32f1xx_hal_tim.o(i.HAL_TIM_Base_Init)
    HAL_TIM_Base_MspInit                     0x080015a1   Thumb Code    86  tim.o(i.HAL_TIM_Base_MspInit)
    HAL_TIM_Base_Start_IT                    0x08001601   Thumb Code    88  stm32f1xx_hal_tim.o(i.HAL_TIM_Base_Start_IT)
    HAL_TIM_ConfigClockSource                0x0800166d   Thumb Code   220  stm32f1xx_hal_tim.o(i.HAL_TIM_ConfigClockSource)
    HAL_TIM_IC_CaptureCallback               0x08001749   Thumb Code     2  stm32f1xx_hal_tim.o(i.HAL_TIM_IC_CaptureCallback)
    HAL_TIM_IRQHandler                       0x0800174b   Thumb Code   358  stm32f1xx_hal_tim.o(i.HAL_TIM_IRQHandler)
    HAL_TIM_MspPostInit                      0x080018b1   Thumb Code   170  tim.o(i.HAL_TIM_MspPostInit)
    HAL_TIM_OC_DelayElapsedCallback          0x08001975   Thumb Code     2  stm32f1xx_hal_tim.o(i.HAL_TIM_OC_DelayElapsedCallback)
    HAL_TIM_PWM_ConfigChannel                0x08001977   Thumb Code   204  stm32f1xx_hal_tim.o(i.HAL_TIM_PWM_ConfigChannel)
    HAL_TIM_PWM_Init                         0x08001a43   Thumb Code    90  stm32f1xx_hal_tim.o(i.HAL_TIM_PWM_Init)
    HAL_TIM_PWM_MspInit                      0x08001a9d   Thumb Code     2  stm32f1xx_hal_tim.o(i.HAL_TIM_PWM_MspInit)
    HAL_TIM_PWM_PulseFinishedCallback        0x08001a9f   Thumb Code     2  stm32f1xx_hal_tim.o(i.HAL_TIM_PWM_PulseFinishedCallback)
    HAL_TIM_PWM_Start                        0x08001aa1   Thumb Code   160  stm32f1xx_hal_tim.o(i.HAL_TIM_PWM_Start)
    HAL_TIM_PeriodElapsedCallback            0x08001b55   Thumb Code   226  main.o(i.HAL_TIM_PeriodElapsedCallback)
    HAL_TIM_TriggerCallback                  0x08001c69   Thumb Code     2  stm32f1xx_hal_tim.o(i.HAL_TIM_TriggerCallback)
    HAL_UARTEx_RxEventCallback               0x08001c6b   Thumb Code     2  stm32f1xx_hal_uart.o(i.HAL_UARTEx_RxEventCallback)
    HAL_UART_ErrorCallback                   0x08001c6d   Thumb Code     2  stm32f1xx_hal_uart.o(i.HAL_UART_ErrorCallback)
    HAL_UART_IRQHandler                      0x08001c71   Thumb Code   616  stm32f1xx_hal_uart.o(i.HAL_UART_IRQHandler)
    HAL_UART_Init                            0x08001edd   Thumb Code   100  stm32f1xx_hal_uart.o(i.HAL_UART_Init)
    HAL_UART_MspInit                         0x08001f41   Thumb Code   198  usart.o(i.HAL_UART_MspInit)
    HAL_UART_Receive_IT                      0x08002019   Thumb Code    28  stm32f1xx_hal_uart.o(i.HAL_UART_Receive_IT)
    HAL_UART_RxCpltCallback                  0x08002035   Thumb Code   152  main.o(i.HAL_UART_RxCpltCallback)
    HAL_UART_Transmit                        0x080020d9   Thumb Code   154  stm32f1xx_hal_uart.o(i.HAL_UART_Transmit)
    HAL_UART_TxCpltCallback                  0x08002173   Thumb Code     2  stm32f1xx_hal_uart.o(i.HAL_UART_TxCpltCallback)
    HardFault_Handler                        0x08002175   Thumb Code     2  stm32f1xx_it.o(i.HardFault_Handler)
    KeySan                                   0x08002179   Thumb Code    24  menu.o(i.KeySan)
    LCD_Address_Set                          0x08002199   Thumb Code    66  lcd.o(i.LCD_Address_Set)
    LCD_DrawPoint                            0x080021db   Thumb Code    22  lcd.o(i.LCD_DrawPoint)
    LCD_Fill                                 0x080021f1   Thumb Code    62  lcd.o(i.LCD_Fill)
    LCD_Init                                 0x08002231   Thumb Code   506  lcd.o(i.LCD_Init)
    LCD_ShowChar                             0x08002431   Thumb Code   182  lcd.o(i.LCD_ShowChar)
    LCD_ShowIntNum                           0x080024f1   Thumb Code   126  lcd.o(i.LCD_ShowIntNum)
    LCD_ShowString                           0x0800256f   Thumb Code    58  lcd.o(i.LCD_ShowString)
    LCD_WR_DATA                              0x080025a9   Thumb Code    20  lcd.o(i.LCD_WR_DATA)
    LCD_WR_REG                               0x080025bd   Thumb Code    36  lcd.o(i.LCD_WR_REG)
    LCD_Writ_Bus                             0x080025e5   Thumb Code    88  lcd.o(i.LCD_Writ_Bus)
    MOTOR                                    0x08002641   Thumb Code   100  menu.o(i.MOTOR)
    MX_GPIO_Init                             0x080026ad   Thumb Code   152  gpio.o(i.MX_GPIO_Init)
    MX_TIM2_Init                             0x08002755   Thumb Code   164  tim.o(i.MX_TIM2_Init)
    MX_TIM3_Init                             0x080027fd   Thumb Code   182  tim.o(i.MX_TIM3_Init)
    MX_USART1_UART_Init                      0x080028bd   Thumb Code    48  usart.o(i.MX_USART1_UART_Init)
    MX_USART2_UART_Init                      0x080028f5   Thumb Code    48  usart.o(i.MX_USART2_UART_Init)
    MainMenu_Set                             0x0800292d   Thumb Code    60  menu.o(i.MainMenu_Set)
    MemManage_Handler                        0x08002981   Thumb Code     2  stm32f1xx_it.o(i.MemManage_Handler)
    Menu_Display                             0x08002983   Thumb Code   204  menu.o(i.Menu_Display)
    Menu_Move                                0x08002a4f   Thumb Code   120  menu.o(i.Menu_Move)
    Menu_PrmtInit                            0x08002ac7   Thumb Code    16  menu.o(i.Menu_PrmtInit)
    Menu_Process                             0x08002ad9   Thumb Code   344  menu.o(i.Menu_Process)
    NMI_Handler                              0x08002c35   Thumb Code     2  stm32f1xx_it.o(i.NMI_Handler)
    PID_Cal_Init                             0x08002c37   Thumb Code    16  pid.o(i.PID_Cal_Init)
    PID_Location2                            0x08002c49   Thumb Code   156  servo.o(i.PID_Location2)
    PendSV_Handler                           0x08002ce9   Thumb Code     2  stm32f1xx_it.o(i.PendSV_Handler)
    RECIEVE                                  0x08002ced   Thumb Code   120  menu.o(i.RECIEVE)
    Read_EEPROM                              0x08002d89   Thumb Code    26  menu.o(i.Read_EEPROM)
    SERVO_CIRCLE                             0x08002dad   Thumb Code     8  menu.o(i.SERVO_CIRCLE)
    SERVO_RUN                                0x08002db9   Thumb Code     8  menu.o(i.SERVO_RUN)
    SERVO_UP                                 0x08002dc5   Thumb Code     8  menu.o(i.SERVO_UP)
    STMFLASH_Read_Word                       0x08002dd1   Thumb Code    22  eeprom.o(i.STMFLASH_Read_Word)
    STMFLASH_Write_NoCheck_Word              0x08002de9   Thumb Code    44  eeprom.o(i.STMFLASH_Write_NoCheck_Word)
    STMFLASH_Write_Word                      0x08002e15   Thumb Code   216  eeprom.o(i.STMFLASH_Write_Word)
    SVC_Handler                              0x08002ef5   Thumb Code     2  stm32f1xx_it.o(i.SVC_Handler)
    SubNameCat                               0x08002ef9   Thumb Code   162  menu.o(i.SubNameCat)
    SysTick_Handler                          0x08002fa9   Thumb Code     4  stm32f1xx_it.o(i.SysTick_Handler)
    SystemClock_Config                       0x08002fad   Thumb Code    94  main.o(i.SystemClock_Config)
    SystemInit                               0x0800300b   Thumb Code     2  system_stm32f1xx.o(i.SystemInit)
    TIM2_IRQHandler                          0x0800300d   Thumb Code     6  stm32f1xx_it.o(i.TIM2_IRQHandler)
    TIM3_IRQHandler                          0x08003019   Thumb Code     6  stm32f1xx_it.o(i.TIM3_IRQHandler)
    TIM_Base_SetConfig                       0x08003025   Thumb Code   120  stm32f1xx_hal_tim.o(i.TIM_Base_SetConfig)
    TIM_CCxChannelCmd                        0x080030b1   Thumb Code    26  stm32f1xx_hal_tim.o(i.TIM_CCxChannelCmd)
    TIM_ETR_SetConfig                        0x080030cb   Thumb Code    20  stm32f1xx_hal_tim.o(i.TIM_ETR_SetConfig)
    TIM_OC2_SetConfig                        0x08003151   Thumb Code    98  stm32f1xx_hal_tim.o(i.TIM_OC2_SetConfig)
    Trail_Rxed                               0x080032bd   Thumb Code    30  esp01s.o(i.Trail_Rxed)
    UART_Start_Receive_IT                    0x080034b9   Thumb Code    54  stm32f1xx_hal_uart.o(i.UART_Start_Receive_IT)
    USART1_IRQHandler                        0x08003569   Thumb Code     6  stm32f1xx_it.o(i.USART1_IRQHandler)
    USART2_IRQHandler                        0x08003575   Thumb Code     6  stm32f1xx_it.o(i.USART2_IRQHandler)
    UsageFault_Handler                       0x08003581   Thumb Code     2  stm32f1xx_it.o(i.UsageFault_Handler)
    Usart_SendString                         0x08003583   Thumb Code    30  esp01s.o(i.Usart_SendString)
    Write_EEPROM                             0x080035a1   Thumb Code    34  menu.o(i.Write_EEPROM)
    __scatterload_copy                       0x080035ed   Thumb Code    14  handlers.o(i.__scatterload_copy)
    __scatterload_null                       0x080035fb   Thumb Code     2  handlers.o(i.__scatterload_null)
    __scatterload_zeroinit                   0x080035fd   Thumb Code    14  handlers.o(i.__scatterload_zeroinit)
    add_key_msg                              0x0800360d   Thumb Code    60  key.o(i.add_key_msg)
    adjustParam                              0x08003651   Thumb Code   294  menu.o(i.adjustParam)
    flash_buffer_clear                       0x08003781   Thumb Code    12  menu.o(i.flash_buffer_clear)
    key_IRQHandler                           0x08003791   Thumb Code   146  key.o(i.key_IRQHandler)
    key_get                                  0x08003829   Thumb Code    28  key.o(i.key_get)
    main                                     0x08003849   Thumb Code   110  main.o(i.main)
    motor_init                               0x080038d1   Thumb Code    32  motor.o(i.motor_init)
    mypow                                    0x080038f5   Thumb Code    16  lcd.o(i.mypow)
    pidTurn_getDutyX                         0x08003905   Thumb Code    48  servo.o(i.pidTurn_getDutyX)
    pidTurn_getDutyY                         0x08003941   Thumb Code    48  servo.o(i.pidTurn_getDutyY)
    pidTurn_init                             0x0800397d   Thumb Code    30  servo.o(i.pidTurn_init)
    set_motor_pwm                            0x080039a1   Thumb Code    40  motor.o(i.set_motor_pwm)
    set_servo_pwm                            0x080039cd   Thumb Code    84  servo.o(i.set_servo_pwm)
    AHBPrescTable                            0x08003a36   Data          16  system_stm32f1xx.o(.constdata)
    APBPrescTable                            0x08003a46   Data           8  system_stm32f1xx.o(.constdata)
    ascii_1608                               0x08003a4e   Data        1520  lcd.o(.constdata)
    ascii_3216                               0x0800403e   Data        6080  lcd.o(.constdata)
    Region$$Table$$Base                      0x080059f0   Number         0  anon$$obj.o(Region$$Table)
    Region$$Table$$Limit                     0x08005a10   Number         0  anon$$obj.o(Region$$Table)
    Cx                                       0x20000004   Data           4  main.o(.data)
    Cy                                       0x20000008   Data           4  main.o(.data)
    Cz                                       0x2000000c   Data           4  main.o(.data)
    uwTickFreq                               0x20000018   Data           1  stm32f1xx_hal.o(.data)
    uwTickPrio                               0x2000001c   Data           4  stm32f1xx_hal.o(.data)
    uwTick                                   0x20000020   Data           4  stm32f1xx_hal.o(.data)
    SystemCoreClock                          0x20000024   Data           4  system_stm32f1xx.o(.data)
    key_msg_front                            0x20000028   Data           1  key.o(.data)
    key_msg_rear                             0x20000029   Data           1  key.o(.data)
    key_msg_flag                             0x2000002a   Data           1  key.o(.data)
    keymsg                                   0x2000002b   Data           2  key.o(.data)
    KEY_PORTn                                0x20000034   Data          20  key.o(.data)
    KEY_PINn                                 0x20000048   Data          10  key.o(.data)
    ExitMenu_flag                            0x20000054   Data           1  menu.o(.data)
    Table_Null                               0x20000058   Data          16  menu.o(.data)
    EEPROM_DATA                              0x20000068   Data          12  menu.o(.data)
    MainMenu_Table                           0x20000074   Data          16  menu.o(.data)
    Turn_Up_PIDparam_kp                      0x20000084   Data           4  menu.o(.data)
    Turn_Up_PIDparam_kd                      0x20000088   Data           4  menu.o(.data)
    Turn_Circle_PIDparam_kp                  0x2000008c   Data           4  menu.o(.data)
    Turn_Circle_PIDparam_kd                  0x20000090   Data           4  menu.o(.data)
    servo_ok                                 0x20000094   Data           4  menu.o(.data)
    TRACK                                    0x20000098   Data          80  menu.o(.data)
    SERVO_PRA                                0x200000e8   Data          48  menu.o(.data)
    Basic_Test                               0x20000118   Data          64  menu.o(.data)
    tar_turnx                                0x20000158   Data           4  servo.o(.data)
    tar_turny                                0x2000015c   Data           4  servo.o(.data)
    servo_up_pwm                             0x20000160   Data           4  servo.o(.data)
    servo_circle_pwm                         0x20000164   Data           4  servo.o(.data)
    servo_run_pwm                            0x20000168   Data           4  servo.o(.data)
    CompeteRx                                0x2000016c   Data           1  esp01s.o(.data)
    DataPointer                              0x2000016e   Data           2  esp01s.o(.data)
    atemp                                    0x20000170   Data           4  esp01s.o(.data)
    htim2                                    0x20000174   Data          72  tim.o(.bss)
    htim3                                    0x200001bc   Data          72  tim.o(.bss)
    huart1                                   0x20000204   Data          72  usart.o(.bss)
    huart2                                   0x2000024c   Data          72  usart.o(.bss)
    pFlash                                   0x20000298   Data          32  stm32f1xx_hal_flash.o(.bss)
    key_msg                                  0x200002b8   Data          40  key.o(.bss)
    flash_union_buffer                       0x200002e0   Data        2048  menu.o(.bss)
    Turn_PIDcal_Up                           0x20000ae0   Data          24  servo.o(.bss)
    Turn_PIDcal_Circle                       0x20000af8   Data          24  servo.o(.bss)
    Turn_Up_PIDparam                         0x20000b10   Data          20  servo.o(.bss)
    Turn_Circle_PIDparam                     0x20000b24   Data          20  servo.o(.bss)
    p_Flash                                  0x20000b38   Data          32  eeprom.o(.bss)
    STMFLASH_BUF_HALFWORD                    0x20000b58   Data        2048  eeprom.o(.bss)
    STMFLASH_BUF_WORD                        0x20001358   Data        2048  eeprom.o(.bss)
    RxData                                   0x20001b58   Data         512  esp01s.o(.bss)
    __initial_sp                             0x20002158   Data           0  startup_stm32f103xe.o(STACK)



==============================================================================

Memory Map of the image

  Image Entry point : 0x08000131

  Load Region LR_IROM1 (Base: 0x08000000, Size: 0x00005b84, Max: 0x00040000, ABSOLUTE, COMPRESSED[0x00005ac0])

    Execution Region ER_IROM1 (Base: 0x08000000, Size: 0x00005a10, Max: 0x00040000, ABSOLUTE)

    Base Addr    Size         Type   Attr      Idx    E Section Name        Object

    0x08000000   0x00000130   Data   RO            3    RESET               startup_stm32f103xe.o
    0x08000130   0x00000000   Code   RO         3451  * .ARM.Collect$$$$00000000  mc_w.l(entry.o)
    0x08000130   0x00000004   Code   RO         3745    .ARM.Collect$$$$00000001  mc_w.l(entry2.o)
    0x08000134   0x00000004   Code   RO         3748    .ARM.Collect$$$$00000004  mc_w.l(entry5.o)
    0x08000138   0x00000000   Code   RO         3750    .ARM.Collect$$$$00000008  mc_w.l(entry7b.o)
    0x08000138   0x00000000   Code   RO         3752    .ARM.Collect$$$$0000000A  mc_w.l(entry8b.o)
    0x08000138   0x00000008   Code   RO         3753    .ARM.Collect$$$$0000000B  mc_w.l(entry9a.o)
    0x08000140   0x00000000   Code   RO         3755    .ARM.Collect$$$$0000000D  mc_w.l(entry10a.o)
    0x08000140   0x00000000   Code   RO         3757    .ARM.Collect$$$$0000000F  mc_w.l(entry11a.o)
    0x08000140   0x00000004   Code   RO         3746    .ARM.Collect$$$$00002712  mc_w.l(entry2.o)
    0x08000144   0x00000024   Code   RO            4    .text               startup_stm32f103xe.o
    0x08000168   0x00000020   Code   RO         3454    .text               mc_w.l(llushr.o)
    0x08000188   0x00000024   Code   RO         3456    .text               mc_w.l(memseta.o)
    0x080001ac   0x00000018   Code   RO         3458    .text               mc_w.l(strcat.o)
    0x080001c4   0x00000024   Code   RO         3460    .text               mc_w.l(strstr.o)
    0x080001e8   0x0000000e   Code   RO         3462    .text               mc_w.l(strlen.o)
    0x080001f6   0x000000b0   Code   RO         3725    .text               mf_w.l(fadd.o)
    0x080002a6   0x00000064   Code   RO         3727    .text               mf_w.l(fmul.o)
    0x0800030a   0x0000007c   Code   RO         3729    .text               mf_w.l(fdiv.o)
    0x08000386   0x0000014e   Code   RO         3731    .text               mf_w.l(dadd.o)
    0x080004d4   0x0000002e   Code   RO         3733    .text               mf_w.l(dscalb.o)
    0x08000502   0x0000000a   Code   RO         3735    .text               mf_w.l(ffltui.o)
    0x0800050c   0x00000032   Code   RO         3737    .text               mf_w.l(ffixi.o)
    0x0800053e   0x00000026   Code   RO         3741    .text               mf_w.l(f2d.o)
    0x08000564   0x00000038   Code   RO         3743    .text               mf_w.l(d2f.o)
    0x0800059c   0x0000001e   Code   RO         3764    .text               mc_w.l(llshl.o)
    0x080005ba   0x00000024   Code   RO         3766    .text               mc_w.l(llsshr.o)
    0x080005de   0x00000000   Code   RO         3768    .text               mc_w.l(iusefp.o)
    0x080005de   0x0000006e   Code   RO         3769    .text               mf_w.l(fepilogue.o)
    0x0800064c   0x000000ba   Code   RO         3771    .text               mf_w.l(depilogue.o)
    0x08000706   0x00000002   PAD
    0x08000708   0x00000024   Code   RO         3781    .text               mc_w.l(init.o)
    0x0800072c   0x00000056   Code   RO         3791    .text               mc_w.l(__dczerorl2.o)
    0x08000782   0x00000002   Code   RO          321    i.BusFault_Handler  stm32f1xx_it.o
    0x08000784   0x00000002   Code   RO          322    i.DebugMon_Handler  stm32f1xx_it.o
    0x08000786   0x00000004   Code   RO         3346    i.ESP01S_Init       esp01s.o
    0x0800078a   0x00000002   PAD
    0x0800078c   0x000000e8   Code   RO         3347    i.ESP01S_Start      esp01s.o
    0x08000874   0x00000080   Code   RO         3348    i.ESP8266_SendCmd   esp01s.o
    0x080008f4   0x0000003c   Code   RO         3349    i.ESP_IRQHandler    esp01s.o
    0x08000930   0x00000004   Code   RO           13    i.Error_Handler     main.o
    0x08000934   0x0000001c   Code   RO         2171    i.FLASH_Program_HalfWord  stm32f1xx_hal_flash.o
    0x08000950   0x0000005c   Code   RO         2172    i.FLASH_SetErrorCode  stm32f1xx_hal_flash.o
    0x080009ac   0x00000054   Code   RO         2173    i.FLASH_WaitForLastOperation  stm32f1xx_hal_flash.o
    0x08000a00   0x00000024   Code   RO         3277    i.Flash_PageErase   eeprom.o
    0x08000a24   0x00000002   Code   RO         3009    i.Func_Null         menu.o
    0x08000a26   0x00000046   Code   RO         1835    i.HAL_DMA_Abort     stm32f1xx_hal_dma.o
    0x08000a6c   0x00000130   Code   RO         1836    i.HAL_DMA_Abort_IT  stm32f1xx_hal_dma.o
    0x08000b9c   0x00000024   Code   RO         1461    i.HAL_Delay         stm32f1xx_hal.o
    0x08000bc0   0x00000014   Code   RO         2177    i.HAL_FLASH_Lock    stm32f1xx_hal_flash.o
    0x08000bd4   0x00000080   Code   RO         2182    i.HAL_FLASH_Program  stm32f1xx_hal_flash.o
    0x08000c54   0x00000028   Code   RO         2184    i.HAL_FLASH_Unlock  stm32f1xx_hal_flash.o
    0x08000c7c   0x000001f8   Code   RO         1771    i.HAL_GPIO_Init     stm32f1xx_hal_gpio.o
    0x08000e74   0x0000000a   Code   RO         1773    i.HAL_GPIO_ReadPin  stm32f1xx_hal_gpio.o
    0x08000e7e   0x0000000a   Code   RO         1775    i.HAL_GPIO_WritePin  stm32f1xx_hal_gpio.o
    0x08000e88   0x0000000c   Code   RO         1465    i.HAL_GetTick       stm32f1xx_hal.o
    0x08000e94   0x00000010   Code   RO         1471    i.HAL_IncTick       stm32f1xx_hal.o
    0x08000ea4   0x00000024   Code   RO         1472    i.HAL_Init          stm32f1xx_hal.o
    0x08000ec8   0x00000040   Code   RO         1473    i.HAL_InitTick      stm32f1xx_hal.o
    0x08000f08   0x0000003c   Code   RO          421    i.HAL_MspInit       stm32f1xx_hal_msp.o
    0x08000f44   0x0000001a   Code   RO         1931    i.HAL_NVIC_EnableIRQ  stm32f1xx_hal_cortex.o
    0x08000f5e   0x00000002   PAD
    0x08000f60   0x00000040   Code   RO         1937    i.HAL_NVIC_SetPriority  stm32f1xx_hal_cortex.o
    0x08000fa0   0x00000024   Code   RO         1938    i.HAL_NVIC_SetPriorityGrouping  stm32f1xx_hal_cortex.o
    0x08000fc4   0x0000012c   Code   RO         1629    i.HAL_RCC_ClockConfig  stm32f1xx_hal_rcc.o
    0x080010f0   0x00000020   Code   RO         1636    i.HAL_RCC_GetPCLK1Freq  stm32f1xx_hal_rcc.o
    0x08001110   0x00000020   Code   RO         1637    i.HAL_RCC_GetPCLK2Freq  stm32f1xx_hal_rcc.o
    0x08001130   0x0000004c   Code   RO         1638    i.HAL_RCC_GetSysClockFreq  stm32f1xx_hal_rcc.o
    0x0800117c   0x00000320   Code   RO         1641    i.HAL_RCC_OscConfig  stm32f1xx_hal_rcc.o
    0x0800149c   0x00000028   Code   RO         1942    i.HAL_SYSTICK_Config  stm32f1xx_hal_cortex.o
    0x080014c4   0x00000002   Code   RO         1187    i.HAL_TIMEx_BreakCallback  stm32f1xx_hal_tim_ex.o
    0x080014c6   0x00000002   Code   RO         1188    i.HAL_TIMEx_CommutCallback  stm32f1xx_hal_tim_ex.o
    0x080014c8   0x0000007c   Code   RO         1206    i.HAL_TIMEx_MasterConfigSynchronization  stm32f1xx_hal_tim_ex.o
    0x08001544   0x0000005a   Code   RO          483    i.HAL_TIM_Base_Init  stm32f1xx_hal_tim.o
    0x0800159e   0x00000002   PAD
    0x080015a0   0x00000060   Code   RO          220    i.HAL_TIM_Base_MspInit  tim.o
    0x08001600   0x0000006c   Code   RO          488    i.HAL_TIM_Base_Start_IT  stm32f1xx_hal_tim.o
    0x0800166c   0x000000dc   Code   RO          492    i.HAL_TIM_ConfigClockSource  stm32f1xx_hal_tim.o
    0x08001748   0x00000002   Code   RO          517    i.HAL_TIM_IC_CaptureCallback  stm32f1xx_hal_tim.o
    0x0800174a   0x00000166   Code   RO          531    i.HAL_TIM_IRQHandler  stm32f1xx_hal_tim.o
    0x080018b0   0x000000c4   Code   RO          221    i.HAL_TIM_MspPostInit  tim.o
    0x08001974   0x00000002   Code   RO          534    i.HAL_TIM_OC_DelayElapsedCallback  stm32f1xx_hal_tim.o
    0x08001976   0x000000cc   Code   RO          555    i.HAL_TIM_PWM_ConfigChannel  stm32f1xx_hal_tim.o
    0x08001a42   0x0000005a   Code   RO          558    i.HAL_TIM_PWM_Init  stm32f1xx_hal_tim.o
    0x08001a9c   0x00000002   Code   RO          560    i.HAL_TIM_PWM_MspInit  stm32f1xx_hal_tim.o
    0x08001a9e   0x00000002   Code   RO          561    i.HAL_TIM_PWM_PulseFinishedCallback  stm32f1xx_hal_tim.o
    0x08001aa0   0x000000b4   Code   RO          563    i.HAL_TIM_PWM_Start  stm32f1xx_hal_tim.o
    0x08001b54   0x00000114   Code   RO           14    i.HAL_TIM_PeriodElapsedCallback  main.o
    0x08001c68   0x00000002   Code   RO          574    i.HAL_TIM_TriggerCallback  stm32f1xx_hal_tim.o
    0x08001c6a   0x00000002   Code   RO         2443    i.HAL_UARTEx_RxEventCallback  stm32f1xx_hal_uart.o
    0x08001c6c   0x00000002   Code   RO         2457    i.HAL_UART_ErrorCallback  stm32f1xx_hal_uart.o
    0x08001c6e   0x00000002   PAD
    0x08001c70   0x0000026c   Code   RO         2460    i.HAL_UART_IRQHandler  stm32f1xx_hal_uart.o
    0x08001edc   0x00000064   Code   RO         2461    i.HAL_UART_Init     stm32f1xx_hal_uart.o
    0x08001f40   0x000000d8   Code   RO          274    i.HAL_UART_MspInit  usart.o
    0x08002018   0x0000001c   Code   RO         2466    i.HAL_UART_Receive_IT  stm32f1xx_hal_uart.o
    0x08002034   0x000000a4   Code   RO           15    i.HAL_UART_RxCpltCallback  main.o
    0x080020d8   0x0000009a   Code   RO         2469    i.HAL_UART_Transmit  stm32f1xx_hal_uart.o
    0x08002172   0x00000002   Code   RO         2472    i.HAL_UART_TxCpltCallback  stm32f1xx_hal_uart.o
    0x08002174   0x00000002   Code   RO          323    i.HardFault_Handler  stm32f1xx_it.o
    0x08002176   0x00000002   PAD
    0x08002178   0x00000020   Code   RO         3010    i.KeySan            menu.o
    0x08002198   0x00000042   Code   RO         2888    i.LCD_Address_Set   lcd.o
    0x080021da   0x00000016   Code   RO         2890    i.LCD_DrawPoint     lcd.o
    0x080021f0   0x0000003e   Code   RO         2892    i.LCD_Fill          lcd.o
    0x0800222e   0x00000002   PAD
    0x08002230   0x00000200   Code   RO         2893    i.LCD_Init          lcd.o
    0x08002430   0x000000c0   Code   RO         2894    i.LCD_ShowChar      lcd.o
    0x080024f0   0x0000007e   Code   RO         2896    i.LCD_ShowIntNum    lcd.o
    0x0800256e   0x0000003a   Code   RO         2898    i.LCD_ShowString    lcd.o
    0x080025a8   0x00000014   Code   RO         2899    i.LCD_WR_DATA       lcd.o
    0x080025bc   0x00000028   Code   RO         2901    i.LCD_WR_REG        lcd.o
    0x080025e4   0x0000005c   Code   RO         2902    i.LCD_Writ_Bus      lcd.o
    0x08002640   0x0000006c   Code   RO         3011    i.MOTOR             menu.o
    0x080026ac   0x000000a8   Code   RO          195    i.MX_GPIO_Init      gpio.o
    0x08002754   0x000000a8   Code   RO          222    i.MX_TIM2_Init      tim.o
    0x080027fc   0x000000c0   Code   RO          223    i.MX_TIM3_Init      tim.o
    0x080028bc   0x00000038   Code   RO          275    i.MX_USART1_UART_Init  usart.o
    0x080028f4   0x00000038   Code   RO          276    i.MX_USART2_UART_Init  usart.o
    0x0800292c   0x00000054   Code   RO         3012    i.MainMenu_Set      menu.o
    0x08002980   0x00000002   Code   RO          324    i.MemManage_Handler  stm32f1xx_it.o
    0x08002982   0x000000cc   Code   RO         3013    i.Menu_Display      menu.o
    0x08002a4e   0x00000078   Code   RO         3014    i.Menu_Move         menu.o
    0x08002ac6   0x00000010   Code   RO         3015    i.Menu_PrmtInit     menu.o
    0x08002ad6   0x00000002   PAD
    0x08002ad8   0x0000015c   Code   RO         3016    i.Menu_Process      menu.o
    0x08002c34   0x00000002   Code   RO          325    i.NMI_Handler       stm32f1xx_it.o
    0x08002c36   0x00000010   Code   RO         3223    i.PID_Cal_Init      pid.o
    0x08002c46   0x00000002   PAD
    0x08002c48   0x000000a0   Code   RO         3159    i.PID_Location2     servo.o
    0x08002ce8   0x00000002   Code   RO          326    i.PendSV_Handler    stm32f1xx_it.o
    0x08002cea   0x00000002   PAD
    0x08002cec   0x0000009c   Code   RO         3017    i.RECIEVE           menu.o
    0x08002d88   0x00000024   Code   RO         3018    i.Read_EEPROM       menu.o
    0x08002dac   0x0000000c   Code   RO         3019    i.SERVO_CIRCLE      menu.o
    0x08002db8   0x0000000c   Code   RO         3020    i.SERVO_RUN         menu.o
    0x08002dc4   0x0000000c   Code   RO         3021    i.SERVO_UP          menu.o
    0x08002dd0   0x00000016   Code   RO         3281    i.STMFLASH_Read_Word  eeprom.o
    0x08002de6   0x00000002   PAD
    0x08002de8   0x0000002c   Code   RO         3284    i.STMFLASH_Write_NoCheck_Word  eeprom.o
    0x08002e14   0x000000e0   Code   RO         3285    i.STMFLASH_Write_Word  eeprom.o
    0x08002ef4   0x00000002   Code   RO          327    i.SVC_Handler       stm32f1xx_it.o
    0x08002ef6   0x00000002   PAD
    0x08002ef8   0x000000b0   Code   RO         3022    i.SubNameCat        menu.o
    0x08002fa8   0x00000004   Code   RO          328    i.SysTick_Handler   stm32f1xx_it.o
    0x08002fac   0x0000005e   Code   RO           16    i.SystemClock_Config  main.o
    0x0800300a   0x00000002   Code   RO         2795    i.SystemInit        system_stm32f1xx.o
    0x0800300c   0x0000000c   Code   RO          329    i.TIM2_IRQHandler   stm32f1xx_it.o
    0x08003018   0x0000000c   Code   RO          330    i.TIM3_IRQHandler   stm32f1xx_it.o
    0x08003024   0x0000008c   Code   RO          576    i.TIM_Base_SetConfig  stm32f1xx_hal_tim.o
    0x080030b0   0x0000001a   Code   RO          577    i.TIM_CCxChannelCmd  stm32f1xx_hal_tim.o
    0x080030ca   0x00000014   Code   RO          587    i.TIM_ETR_SetConfig  stm32f1xx_hal_tim.o
    0x080030de   0x00000010   Code   RO          588    i.TIM_ITRx_SetConfig  stm32f1xx_hal_tim.o
    0x080030ee   0x00000002   PAD
    0x080030f0   0x00000060   Code   RO          589    i.TIM_OC1_SetConfig  stm32f1xx_hal_tim.o
    0x08003150   0x0000006c   Code   RO          590    i.TIM_OC2_SetConfig  stm32f1xx_hal_tim.o
    0x080031bc   0x00000068   Code   RO          591    i.TIM_OC3_SetConfig  stm32f1xx_hal_tim.o
    0x08003224   0x00000050   Code   RO          592    i.TIM_OC4_SetConfig  stm32f1xx_hal_tim.o
    0x08003274   0x00000022   Code   RO          594    i.TIM_TI1_ConfigInputStage  stm32f1xx_hal_tim.o
    0x08003296   0x00000024   Code   RO          596    i.TIM_TI2_ConfigInputStage  stm32f1xx_hal_tim.o
    0x080032ba   0x00000002   PAD
    0x080032bc   0x00000024   Code   RO         3351    i.Trail_Rxed        esp01s.o
    0x080032e0   0x00000010   Code   RO         2474    i.UART_DMAAbortOnError  stm32f1xx_hal_uart.o
    0x080032f0   0x0000004e   Code   RO         2484    i.UART_EndRxTransfer  stm32f1xx_hal_uart.o
    0x0800333e   0x000000c2   Code   RO         2486    i.UART_Receive_IT   stm32f1xx_hal_uart.o
    0x08003400   0x000000b8   Code   RO         2487    i.UART_SetConfig    stm32f1xx_hal_uart.o
    0x080034b8   0x00000036   Code   RO         2489    i.UART_Start_Receive_IT  stm32f1xx_hal_uart.o
    0x080034ee   0x00000078   Code   RO         2490    i.UART_WaitOnFlagUntilTimeout  stm32f1xx_hal_uart.o
    0x08003566   0x00000002   PAD
    0x08003568   0x0000000c   Code   RO          331    i.USART1_IRQHandler  stm32f1xx_it.o
    0x08003574   0x0000000c   Code   RO          332    i.USART2_IRQHandler  stm32f1xx_it.o
    0x08003580   0x00000002   Code   RO          333    i.UsageFault_Handler  stm32f1xx_it.o
    0x08003582   0x0000001e   Code   RO         3353    i.Usart_SendString  esp01s.o
    0x080035a0   0x0000002c   Code   RO         3023    i.Write_EEPROM      menu.o
    0x080035cc   0x00000020   Code   RO         1944    i.__NVIC_SetPriority  stm32f1xx_hal_cortex.o
    0x080035ec   0x0000000e   Code   RO         3785    i.__scatterload_copy  mc_w.l(handlers.o)
    0x080035fa   0x00000002   Code   RO         3786    i.__scatterload_null  mc_w.l(handlers.o)
    0x080035fc   0x0000000e   Code   RO         3787    i.__scatterload_zeroinit  mc_w.l(handlers.o)
    0x0800360a   0x00000002   PAD
    0x0800360c   0x00000044   Code   RO         2832    i.add_key_msg       key.o
    0x08003650   0x00000130   Code   RO         3024    i.adjustParam       menu.o
    0x08003780   0x00000010   Code   RO         3025    i.flash_buffer_clear  menu.o
    0x08003790   0x00000098   Code   RO         2834    i.key_IRQHandler    key.o
    0x08003828   0x00000020   Code   RO         2836    i.key_get           key.o
    0x08003848   0x00000088   Code   RO           17    i.main              main.o
    0x080038d0   0x00000024   Code   RO         3247    i.motor_init        motor.o
    0x080038f4   0x00000010   Code   RO         2903    i.mypow             lcd.o
    0x08003904   0x0000003c   Code   RO         3160    i.pidTurn_getDutyX  servo.o
    0x08003940   0x0000003c   Code   RO         3161    i.pidTurn_getDutyY  servo.o
    0x0800397c   0x00000024   Code   RO         3162    i.pidTurn_init      servo.o
    0x080039a0   0x0000002c   Code   RO         3248    i.set_motor_pwm     motor.o
    0x080039cc   0x00000058   Code   RO         3164    i.set_servo_pwm     servo.o
    0x08003a24   0x00000012   Data   RO         1642    .constdata          stm32f1xx_hal_rcc.o
    0x08003a36   0x00000010   Data   RO         2796    .constdata          system_stm32f1xx.o
    0x08003a46   0x00000008   Data   RO         2797    .constdata          system_stm32f1xx.o
    0x08003a4e   0x00001db0   Data   RO         2904    .constdata          lcd.o
    0x080057fe   0x00000002   PAD
    0x08005800   0x00000012   Data   RO         3027    .conststring        menu.o
    0x08005812   0x00000002   PAD
    0x08005814   0x00000029   Data   RO         3028    .conststring        menu.o
    0x0800583d   0x00000003   PAD
    0x08005840   0x00000031   Data   RO         3029    .conststring        menu.o
    0x08005871   0x00000003   PAD
    0x08005874   0x00000046   Data   RO         3030    .conststring        menu.o
    0x080058ba   0x00000002   PAD
    0x080058bc   0x00000132   Data   RO         3357    .conststring        esp01s.o
    0x080059ee   0x00000002   PAD
    0x080059f0   0x00000020   Data   RO         3783    Region$$Table       anon$$obj.o


    Execution Region RW_IRAM1 (Base: 0x20000000, Size: 0x00002158, Max: 0x0000c000, ABSOLUTE, COMPRESSED[0x000000b0])

    Base Addr    Size         Type   Attr      Idx    E Section Name        Object

    0x20000000   0x00000016   Data   RW           18    .data               main.o
    0x20000016   0x00000002   PAD
    0x20000018   0x0000000c   Data   RW         1479    .data               stm32f1xx_hal.o
    0x20000024   0x00000004   Data   RW         2798    .data               system_stm32f1xx.o
    0x20000028   0x0000002a   Data   RW         2838    .data               key.o
    0x20000052   0x00000002   PAD
    0x20000054   0x00000030   Data   RW         3031    .data               menu.o
    0x20000084   0x00000004   Data   RW         3032    .data               menu.o
    0x20000088   0x00000004   Data   RW         3033    .data               menu.o
    0x2000008c   0x00000004   Data   RW         3034    .data               menu.o
    0x20000090   0x00000004   Data   RW         3035    .data               menu.o
    0x20000094   0x00000004   Data   RW         3036    .data               menu.o
    0x20000098   0x00000050   Data   RW         3037    .data               menu.o
    0x200000e8   0x00000030   Data   RW         3038    .data               menu.o
    0x20000118   0x00000040   Data   RW         3039    .data               menu.o
    0x20000158   0x00000008   Data   RW         3166    .data               servo.o
    0x20000160   0x00000004   Data   RW         3167    .data               servo.o
    0x20000164   0x00000004   Data   RW         3168    .data               servo.o
    0x20000168   0x00000004   Data   RW         3169    .data               servo.o
    0x2000016c   0x00000008   Data   RW         3360    .data               esp01s.o
    0x20000174   0x00000090   Zero   RW          224    .bss                tim.o
    0x20000204   0x00000090   Zero   RW          277    .bss                usart.o
    0x20000294   0x00000004   PAD
    0x20000298   0x00000020   Zero   RW         2185    .bss                stm32f1xx_hal_flash.o
    0x200002b8   0x00000028   Zero   RW         2837    .bss                key.o
    0x200002e0   0x00000800   Zero   RW         3026    .bss                menu.o
    0x20000ae0   0x00000058   Zero   RW         3165    .bss                servo.o
    0x20000b38   0x00001020   Zero   RW         3286    .bss                eeprom.o
    0x20001b58   0x00000200   Zero   RW         3354    .bss                esp01s.o
    0x20001d58   0x00000400   Zero   RW            1    STACK               startup_stm32f103xe.o


==============================================================================

Image component sizes


      Code (inc. data)   RO Data    RW Data    ZI Data      Debug   Object Name

       326         16          0          0       4128       3748   eeprom.o
       490        162        306          8        512       4140   esp01s.o
       168         16          0          0          0        883   gpio.o
       252         18          0         42         40       2817   key.o
      1206         24       7600          0          0       9922   lcd.o
       674         88          0         22          0     492494   main.o
      1682        146        178        260       2048      13121   menu.o
        80          8          0          0          0        945   motor.o
        16          0          0          0          0        655   pid.o
       404         38          0         20         88       3463   servo.o
        36          8        304          0       1024        772   startup_stm32f103xe.o
       164         28          0         12          0       6265   stm32f1xx_hal.o
       198         14          0          0          0      28755   stm32f1xx_hal_cortex.o
       374          8          0          0          0       1743   stm32f1xx_hal_dma.o
       392         46          0          0         32       4490   stm32f1xx_hal_flash.o
       524         42          0          0          0       3407   stm32f1xx_hal_gpio.o
        60          8          0          0          0        790   stm32f1xx_hal_msp.o
      1240         84         18          0          0       4932   stm32f1xx_hal_rcc.o
      1920         96          0          0          0      15534   stm32f1xx_hal_tim.o
       128         20          0          0          0       2281   stm32f1xx_hal_tim_ex.o
      1554         10          0          0          0      10460   stm32f1xx_hal_uart.o
        68         24          0          0          0       5090   stm32f1xx_it.o
         2          0         24          4          0       1003   system_stm32f1xx.o
       652         50          0          0        144       3085   tim.o
       328         34          0          0        144       2159   usart.o

    ----------------------------------------------------------------------
     12966        988       8476        372       8164     622954   Object Totals
         0          0         32          0          0          0   (incl. Generated)
        28          0         14          4          4          0   (incl. Padding)

    ----------------------------------------------------------------------

      Code (inc. data)   RO Data    RW Data    ZI Data      Debug   Library Member Name

        86          0          0          0          0          0   __dczerorl2.o
         0          0          0          0          0          0   entry.o
         0          0          0          0          0          0   entry10a.o
         0          0          0          0          0          0   entry11a.o
         8          4          0          0          0          0   entry2.o
         4          0          0          0          0          0   entry5.o
         0          0          0          0          0          0   entry7b.o
         0          0          0          0          0          0   entry8b.o
         8          4          0          0          0          0   entry9a.o
        30          0          0          0          0          0   handlers.o
        36          8          0          0          0         68   init.o
         0          0          0          0          0          0   iusefp.o
        30          0          0          0          0         68   llshl.o
        36          0          0          0          0         68   llsshr.o
        32          0          0          0          0         68   llushr.o
        36          0          0          0          0        108   memseta.o
        24          0          0          0          0         68   strcat.o
        14          0          0          0          0         68   strlen.o
        36          0          0          0          0         80   strstr.o
        56          0          0          0          0         88   d2f.o
       334          0          0          0          0        148   dadd.o
       186          0          0          0          0        176   depilogue.o
        46          0          0          0          0         80   dscalb.o
        38          0          0          0          0         68   f2d.o
       176          0          0          0          0        140   fadd.o
       124          0          0          0          0         88   fdiv.o
       110          0          0          0          0        168   fepilogue.o
        50          0          0          0          0         68   ffixi.o
        10          0          0          0          0         68   ffltui.o
       100          0          0          0          0         76   fmul.o

    ----------------------------------------------------------------------
      1614         16          0          0          0       1764   Library Totals
         4          0          0          0          0          0   (incl. Padding)

    ----------------------------------------------------------------------

      Code (inc. data)   RO Data    RW Data    ZI Data      Debug   Library Name

       380         16          0          0          0        596   mc_w.l
      1230          0          0          0          0       1168   mf_w.l

    ----------------------------------------------------------------------
      1614         16          0          0          0       1764   Library Totals

    ----------------------------------------------------------------------

==============================================================================


      Code (inc. data)   RO Data    RW Data    ZI Data      Debug   

     14580       1004       8476        372       8164     616890   Grand Totals
     14580       1004       8476        176       8164     616890   ELF Image Totals (compressed)
     14580       1004       8476        176          0          0   ROM Totals

==============================================================================

    Total RO  Size (Code + RO Data)                23056 (  22.52kB)
    Total RW  Size (RW Data + ZI Data)              8536 (   8.34kB)
    Total ROM Size (Code + RO Data + RW Data)      23232 (  22.69kB)

==============================================================================

